Archive member included to satisfy reference by file (symbol)

/Applications/STM32CubeIDE.app/Contents/Eclipse/plugins/com.st.stm32cube.ide.mcu.externaltools.gnu-tools-for-stm32.12.3.rel1.macos64_1.1.0.202410301201/tools/bin/../lib/gcc/arm-none-eabi/12.3.1/../../../../arm-none-eabi/lib/thumb/v7e-m+dp/hard/libc_nano.a(libc_a-exit.o)
                              /Applications/STM32CubeIDE.app/Contents/Eclipse/plugins/com.st.stm32cube.ide.mcu.externaltools.gnu-tools-for-stm32.12.3.rel1.macos64_1.1.0.202410301201/tools/bin/../lib/gcc/arm-none-eabi/12.3.1/../../../../arm-none-eabi/lib/thumb/v7e-m+dp/hard/crt0.o (exit)
/Applications/STM32CubeIDE.app/Contents/Eclipse/plugins/com.st.stm32cube.ide.mcu.externaltools.gnu-tools-for-stm32.12.3.rel1.macos64_1.1.0.202410301201/tools/bin/../lib/gcc/arm-none-eabi/12.3.1/../../../../arm-none-eabi/lib/thumb/v7e-m+dp/hard/libc_nano.a(libc_a-snprintf.o)
                              ./Core/Src/main.o (snprintf)
/Applications/STM32CubeIDE.app/Contents/Eclipse/plugins/com.st.stm32cube.ide.mcu.externaltools.gnu-tools-for-stm32.12.3.rel1.macos64_1.1.0.202410301201/tools/bin/../lib/gcc/arm-none-eabi/12.3.1/../../../../arm-none-eabi/lib/thumb/v7e-m+dp/hard/libc_nano.a(libc_a-findfp.o)
                              /Applications/STM32CubeIDE.app/Contents/Eclipse/plugins/com.st.stm32cube.ide.mcu.externaltools.gnu-tools-for-stm32.12.3.rel1.macos64_1.1.0.202410301201/tools/bin/../lib/gcc/arm-none-eabi/12.3.1/../../../../arm-none-eabi/lib/thumb/v7e-m+dp/hard/libc_nano.a(libc_a-exit.o) (__stdio_exit_handler)
/Applications/STM32CubeIDE.app/Contents/Eclipse/plugins/com.st.stm32cube.ide.mcu.externaltools.gnu-tools-for-stm32.12.3.rel1.macos64_1.1.0.202410301201/tools/bin/../lib/gcc/arm-none-eabi/12.3.1/../../../../arm-none-eabi/lib/thumb/v7e-m+dp/hard/libc_nano.a(libc_a-fwalk.o)
                              /Applications/STM32CubeIDE.app/Contents/Eclipse/plugins/com.st.stm32cube.ide.mcu.externaltools.gnu-tools-for-stm32.12.3.rel1.macos64_1.1.0.202410301201/tools/bin/../lib/gcc/arm-none-eabi/12.3.1/../../../../arm-none-eabi/lib/thumb/v7e-m+dp/hard/libc_nano.a(libc_a-findfp.o) (_fwalk_sglue)
/Applications/STM32CubeIDE.app/Contents/Eclipse/plugins/com.st.stm32cube.ide.mcu.externaltools.gnu-tools-for-stm32.12.3.rel1.macos64_1.1.0.202410301201/tools/bin/../lib/gcc/arm-none-eabi/12.3.1/../../../../arm-none-eabi/lib/thumb/v7e-m+dp/hard/libc_nano.a(libc_a-strstr.o)
                              ./Core/Src/main.o (strstr)
/Applications/STM32CubeIDE.app/Contents/Eclipse/plugins/com.st.stm32cube.ide.mcu.externaltools.gnu-tools-for-stm32.12.3.rel1.macos64_1.1.0.202410301201/tools/bin/../lib/gcc/arm-none-eabi/12.3.1/../../../../arm-none-eabi/lib/thumb/v7e-m+dp/hard/libc_nano.a(libc_a-memset.o)
                              /Applications/STM32CubeIDE.app/Contents/Eclipse/plugins/com.st.stm32cube.ide.mcu.externaltools.gnu-tools-for-stm32.12.3.rel1.macos64_1.1.0.202410301201/tools/bin/../lib/gcc/arm-none-eabi/12.3.1/../../../../arm-none-eabi/lib/thumb/v7e-m+dp/hard/crt0.o (memset)
/Applications/STM32CubeIDE.app/Contents/Eclipse/plugins/com.st.stm32cube.ide.mcu.externaltools.gnu-tools-for-stm32.12.3.rel1.macos64_1.1.0.202410301201/tools/bin/../lib/gcc/arm-none-eabi/12.3.1/../../../../arm-none-eabi/lib/thumb/v7e-m+dp/hard/libc_nano.a(libc_a-impure.o)
                              /Applications/STM32CubeIDE.app/Contents/Eclipse/plugins/com.st.stm32cube.ide.mcu.externaltools.gnu-tools-for-stm32.12.3.rel1.macos64_1.1.0.202410301201/tools/bin/../lib/gcc/arm-none-eabi/12.3.1/../../../../arm-none-eabi/lib/thumb/v7e-m+dp/hard/libc_nano.a(libc_a-snprintf.o) (_impure_ptr)
/Applications/STM32CubeIDE.app/Contents/Eclipse/plugins/com.st.stm32cube.ide.mcu.externaltools.gnu-tools-for-stm32.12.3.rel1.macos64_1.1.0.202410301201/tools/bin/../lib/gcc/arm-none-eabi/12.3.1/../../../../arm-none-eabi/lib/thumb/v7e-m+dp/hard/libc_nano.a(libc_a-errno.o)
                              ./Core/Src/syscalls.o (__errno)
/Applications/STM32CubeIDE.app/Contents/Eclipse/plugins/com.st.stm32cube.ide.mcu.externaltools.gnu-tools-for-stm32.12.3.rel1.macos64_1.1.0.202410301201/tools/bin/../lib/gcc/arm-none-eabi/12.3.1/../../../../arm-none-eabi/lib/thumb/v7e-m+dp/hard/libc_nano.a(libc_a-init.o)
                              /Applications/STM32CubeIDE.app/Contents/Eclipse/plugins/com.st.stm32cube.ide.mcu.externaltools.gnu-tools-for-stm32.12.3.rel1.macos64_1.1.0.202410301201/tools/bin/../lib/gcc/arm-none-eabi/12.3.1/../../../../arm-none-eabi/lib/thumb/v7e-m+dp/hard/crt0.o (__libc_init_array)
/Applications/STM32CubeIDE.app/Contents/Eclipse/plugins/com.st.stm32cube.ide.mcu.externaltools.gnu-tools-for-stm32.12.3.rel1.macos64_1.1.0.202410301201/tools/bin/../lib/gcc/arm-none-eabi/12.3.1/../../../../arm-none-eabi/lib/thumb/v7e-m+dp/hard/libc_nano.a(libc_a-lock.o)
[...]
Memory Configuration

Name             Origin             Length             Attributes
FLASH            0x08000000         0x00200000         xr
DTCMRAM          0x20000000         0x00020000         xrw
RAM_D1           0x24000000         0x00080000         xrw
RAM_D2           0x30000000         0x00048000         xrw
RAM_D3           0x38000000         0x00010000         xrw
ITCMRAM          0x00000000         0x00010000         xrw
*default*        0x00000000         0xffffffff

Linker script and memory map

LOAD /Applications/STM32CubeIDE.app/Contents/Eclipse/plugins/com.st.stm32cube.ide.mcu.externaltools.gnu-tools-for-stm32.12.3.rel1.macos64_1.1.0.202410301201/tools/bin/../lib/gcc/arm-none-eabi/12.3.1/thumb/v7e-m+dp/hard/crti.o
LOAD /Applications/STM32CubeIDE.app/Contents/Eclipse/plugins/com.st.stm32cube.ide.mcu.externaltools.gnu-tools-for-stm32.12.3.rel1.macos64_1.1.0.202410301201/tools/bin/../lib/gcc/arm-none-eabi/12.3.1/thumb/v7e-m+dp/hard/crtbegin.o
LOAD /Applications/STM32CubeIDE.app/Contents/Eclipse/plugins/com.st.stm32cube.ide.mcu.externaltools.gnu-tools-for-stm32.12.3.rel1.macos64_1.1.0.202410301201/tools/bin/../lib/gcc/arm-none-eabi/12.3.1/../../../../arm-none-eabi/lib/thumb/v7e-m+dp/hard/crt0.o
LOAD ./Core/Src/main.o
LOAD ./Core/Src/stm32h7xx_hal_msp.o
LOAD ./Core/Src/stm32h7xx_it.o
LOAD ./Core/Src/syscalls.o
LOAD ./Core/Src/sysmem.o
LOAD ./Core/Src/system_stm32h7xx.o
LOAD ./Core/Startup/startup_stm32h753zitx.o
LOAD ./Drivers/STM32H7xx_HAL_Driver/Src/stm32h7xx_hal.o
LOAD ./Drivers/STM32H7xx_HAL_Driver/Src/stm32h7xx_hal_cortex.o
LOAD ./Drivers/STM32H7xx_HAL_Driver/Src/stm32h7xx_hal_dma.o
LOAD ./Drivers/STM32H7xx_HAL_Driver/Src/stm32h7xx_hal_dma_ex.o
LOAD ./Drivers/STM32H7xx_HAL_Driver/Src/stm32h7xx_hal_eth.o
LOAD ./Drivers/STM32H7xx_HAL_Driver/Src/stm32h7xx_hal_eth_ex.o
LOAD ./Drivers/STM32H7xx_HAL_Driver/Src/stm32h7xx_hal_exti.o
LOAD ./Drivers/STM32H7xx_HAL_Driver/Src/stm32h7xx_hal_flash.o
LOAD ./Drivers/STM32H7xx_HAL_Driver/Src/stm32h7xx_hal_flash_ex.o
LOAD ./Drivers/STM32H7xx_HAL_Driver/Src/stm32h7xx_hal_gpio.o
LOAD ./Drivers/STM32H7xx_HAL_Driver/Src/stm32h7xx_hal_hsem.o
LOAD ./Drivers/STM32H7xx_HAL_Driver/Src/stm32h7xx_hal_i2c.o
LOAD ./Drivers/STM32H7xx_HAL_Driver/Src/stm32h7xx_hal_i2c_ex.o
LOAD ./Drivers/STM32H7xx_HAL_Driver/Src/stm32h7xx_hal_mdma.o
LOAD ./Drivers/STM32H7xx_HAL_Driver/Src/stm32h7xx_hal_pcd.o
LOAD ./Drivers/STM32H7xx_HAL_Driver/Src/stm32h7xx_hal_pcd_ex.o
LOAD ./Drivers/STM32H7xx_HAL_Driver/Src/stm32h7xx_hal_pwr.o
LOAD ./Drivers/STM32H7xx_HAL_Driver/Src/stm32h7xx_hal_pwr_ex.o
LOAD ./Drivers/STM32H7xx_HAL_Driver/Src/stm32h7xx_hal_rcc.o
LOAD ./Drivers/STM32H7xx_HAL_Driver/Src/stm32h7xx_hal_rcc_ex.o
LOAD ./Drivers/STM32H7xx_HAL_Driver/Src/stm32h7xx_hal_tim.o
LOAD ./Drivers/STM32H7xx_HAL_Driver/Src/stm32h7xx_hal_tim_ex.o
LOAD ./Drivers/STM32H7xx_HAL_Driver/Src/stm32h7xx_hal_uart.o
LOAD ./Drivers/STM32H7xx_HAL_Driver/Src/stm32h7xx_hal_uart_ex.o
LOAD ./Drivers/STM32H7xx_HAL_Driver/Src/stm32h7xx_ll_usb.o
START GROUP
LOAD /Applications/STM32CubeIDE.app/Contents/Eclipse/plugins/com.st.stm32cube.ide.mcu.externaltools.gnu-tools-for-stm32.12.3.rel1.macos64_1.1.0.202410301201/tools/bin/../lib/gcc/arm-none-eabi/12.3.1/../../../../arm-none-eabi/lib/thumb/v7e-m+dp/hard/libc_nano.a
LOAD /Applications/STM32CubeIDE.app/Contents/Eclipse/plugins/com.st.stm32cube.ide.mcu.externaltools.gnu-tools-for-stm32.12.3.rel1.macos64_1.1.0.202410301201/tools/bin/../lib/gcc/arm-none-eabi/12.3.1/../../../../arm-none-eabi/lib/thumb/v7e-m+dp/hard/libm.a
END GROUP
START GROUP
LOAD /Applications/STM32CubeIDE.app/Contents/Eclipse/plugins/com.st.stm32cube.ide.mcu.externaltools.gnu-tools-for-stm32.12.3.rel1.macos64_1.1.0.202410301201/tools/bin/../lib/gcc/arm-none-eabi/12.3.1/thumb/v7e-m+dp/hard/libgcc.a
LOAD /Applications/STM32CubeIDE.app/Contents/Eclipse/plugins/com.st.stm32cube.ide.mcu.externaltools.gnu-tools-for-stm32.12.3.rel1.macos64_1.1.0.202410301201/tools/bin/../lib/gcc/arm-none-eabi/12.3.1/../../../../arm-none-eabi/lib/thumb/v7e-m+dp/hard/libc_nano.a
END GROUP
START GROUP
LOAD /Applications/STM32CubeIDE.app/Contents/Eclipse/plugins/com.st.stm32cube.ide.mcu.externaltools.gnu-tools-for-stm32.12.3.rel1.macos64_1.1.0.202410301201/tools/bin/../lib/gcc/arm-none-eabi/12.3.1/thumb/v7e-m+dp/hard/libgcc.a
LOAD /Applications/STM32CubeIDE.app/Contents/Eclipse/plugins/com.st.stm32cube.ide.mcu.externaltools.gnu-tools-for-stm32.12.3.rel1.macos64_1.1.0.202410301201/tools/bin/../lib/gcc/arm-none-eabi/12.3.1/../../../../arm-none-eabi/lib/thumb/v7e-m+dp/hard/libc_nano.a
LOAD /Applications/STM32CubeIDE.app/Contents/Eclipse/plugins/com.st.stm32cube.ide.mcu.externaltools.gnu-tools-for-stm32.12.3.rel1.macos64_1.1.0.202410301201/tools/bin/../lib/gcc/arm-none-eabi/12.3.1/../../../../arm-none-eabi/lib/thumb/v7e-m+dp/hard/libnosys.a
END GROUP
START GROUP
LOAD /Applications/STM32CubeIDE.app/Contents/Eclipse/plugins/com.st.stm32cube.ide.mcu.externaltools.gnu-tools-for-stm32.12.3.rel1.macos64_1.1.0.202410301201/tools/bin/../lib/gcc/arm-none-eabi/12.3.1/thumb/v7e-m+dp/hard/libgcc.a
LOAD /Applications/STM32CubeIDE.app/Contents/Eclipse/plugins/com.st.stm32cube.ide.mcu.externaltools.gnu-tools-for-stm32.12.3.rel1.macos64_1.1.0.202410301201/tools/bin/../lib/gcc/arm-none-eabi/12.3.1/../../../../arm-none-eabi/lib/thumb/v7e-m+dp/hard/libc_nano.a
LOAD /Applications/STM32CubeIDE.app/Contents/Eclipse/plugins/com.st.stm32cube.ide.mcu.externaltools.gnu-tools-for-stm32.12.3.rel1.macos64_1.1.0.202410301201/tools/bin/../lib/gcc/arm-none-eabi/12.3.1/../../../../arm-none-eabi/lib/thumb/v7e-m+dp/hard/libnosys.a
END GROUP
LOAD /Applications/STM32CubeIDE.app/Contents/Eclipse/plugins/com.st.stm32cube.ide.mcu.externaltools.gnu-tools-for-stm32.12.3.rel1.macos64_1.1.0.202410301201/tools/bin/../lib/gcc/arm-none-eabi/12.3.1/thumb/v7e-m+dp/hard/crtend.o
LOAD /Applications/STM32CubeIDE.app/Contents/Eclipse/plugins/com.st.stm32cube.ide.mcu.externaltools.gnu-tools-for-stm32.12.3.rel1.macos64_1.1.0.202410301201/tools/bin/../lib/gcc/arm-none-eabi/12.3.1/thumb/v7e-m+dp/hard/crtn.o
                0x24080000                        _estack = (ORIGIN (RAM_D1) + LENGTH (RAM_D1))
                0x00000200                        _Min_Heap_Size = 0x200
                0x00000400                        _Min_Stack_Size = 0x400

.isr_vector     0x08000000      0x298
                0x08000000                        . = ALIGN (0x4)
 *(.isr_vector)
 .isr_vector    0x08000000      0x298 ./Core/Startup/startup_stm32h753zitx.o
                0x08000000                g_pfnVectors
                0x08000298                        . = ALIGN (0x4)

.text           0x080002a0     0x7f68
                0x080002a0                        . = ALIGN (0x4)
 *(.text)
 .text          0x080002a0       0x40 /Applications/STM32CubeIDE.app/Contents/Eclipse/plugins/com.st.stm32cube.ide.mcu.externaltools.gnu-tools-for-stm32.12.3.rel1.macos64_1.1.0.202410301201/tools/bin/../lib/gcc/arm-none-eabi/12.3.1/thumb/v7e-m+dp/hard/crtbegin.o
 .text          0x080002e0       0x10 /Applications/STM32CubeIDE.app/Contents/Eclipse/plugins/com.st.stm32cube.ide.mcu.externaltools.gnu-tools-for-stm32.12.3.rel1.macos64_1.1.0.202410301201/tools/bin/../lib/gcc/arm-none-eabi/12.3.1/../../../../arm-none-eabi/lib/thumb/v7e-m+dp/hard/libc_nano.a(libc_a-strlen.o)
                0x080002e0                strlen
 .text          0x080002f0       0x14 /Applications/STM32CubeIDE.app/Contents/Eclipse/plugins/com.st.stm32cube.ide.mcu.externaltools.gnu-tools-for-stm32.12.3.rel1.macos64_1.1.0.202410301201/tools/bin/../lib/gcc/arm-none-eabi/12.3.1/../../../../arm-none-eabi/lib/thumb/v7e-m+dp/hard/libc_nano.a(libc_a-strcmp.o)
                0x080002f0                strcmp
 *fill*         0x08000304        0xc 
 .text          0x08000310       0xa0 /Applications/STM32CubeIDE.app/Contents/Eclipse/plugins/com.st.stm32cube.ide.mcu.externaltools.gnu-tools-for-stm32.12.3.rel1.macos64_1.1.0.202410301201/tools/bin/../lib/gcc/arm-none-eabi/12.3.1/../../../../arm-none-eabi/lib/thumb/v7e-m+dp/hard/libc_nano.a(libc_a-memchr.o)
                0x08000310                memchr
 .text          0x080003b0       0x30 /Applications/STM32CubeIDE.app/Contents/Eclipse/plugins/com.st.stm32cube.ide.mcu.externaltools.gnu-tools-for-stm32.12.3.rel1.macos64_1.1.0.202410301201/tools/bin/../lib/gcc/arm-none-eabi/12.3.1/thumb/v7e-m+dp/hard/libgcc.a(_aeabi_uldivmod.o)
                0x080003b0                __aeabi_uldivmod
 .text          0x080003e0      0x2bc /Applications/STM32CubeIDE.app/Contents/Eclipse/plugins/com.st.stm32cube.ide.mcu.externaltools.gnu-tools-for-stm32.12.3.rel1.macos64_1.1.0.202410301201/tools/bin/../lib/gcc/arm-none-eabi/12.3.1/thumb/v7e-m+dp/hard/libgcc.a(_udivmoddi4.o)
                0x080003e0                __udivmoddi4
 .text          0x0800069c        0x4 /Applications/STM32CubeIDE.app/Contents/Eclipse/plugins/com.st.stm32cube.ide.mcu.externaltools.gnu-tools-for-stm32.12.3.rel1.macos64_1.1.0.202410301201/tools/bin/../lib/gcc/arm-none-eabi/12.3.1/thumb/v7e-m+dp/hard/libgcc.a(_dvmd_tls.o)
                0x0800069c                __aeabi_ldiv0
                0x0800069c                __aeabi_idiv0
 *(.text*)
 .text.main     0x080006a0       0x84 ./Core/Src/main.o
                0x080006a0                main
 .text.SystemClock_Config
                0x08000724      0x100 ./Core/Src/main.o
                0x08000724                SystemClock_Config
 .text.MX_ETH_Init
                0x08000824       0x98 ./Core/Src/main.o
 .text.MX_I2C2_Init
                0x080008bc       0x80 ./Core/Src/main.o
 .text.MX_USART3_UART_Init
                0x0800093c       0x98 ./Core/Src/main.o
 .text.MX_USB_OTG_FS_PCD_Init
                0x080009d4       0x64 ./Core/Src/main.o
 .text.MX_GPIO_Init
                0x08000a38      0x1d4 ./Core/Src/main.o
 .text.pa1010d_write_command
                0x08000c0c       0x2c ./Core/Src/main.o
                0x08000c0c                pa1010d_write_command
 .text.pa1010d_parse_string
                0x08000c38      0x1a4 ./Core/Src/main.o
                0x08000c38                pa1010d_parse_string
 .text.pa1010d_read_raw
                0x08000ddc       0x9c ./Core/Src/main.o
                0x08000ddc                pa1010d_read_raw
 .text.Error_Handler
                0x08000e78        0xc ./Core/Src/main.o
                0x08000e78                Error_Handler
 .text.HAL_MspInit
                0x08000e84       0x34 ./Core/Src/stm32h7xx_hal_msp.o
                0x08000e84                HAL_MspInit
 .text.HAL_ETH_MspInit
                0x08000eb8      0x19c ./Core/Src/stm32h7xx_hal_msp.o
                0x08000eb8                HAL_ETH_MspInit
 .text.HAL_I2C_MspInit
                0x08001054       0xd0 ./Core/Src/stm32h7xx_hal_msp.o
                0x08001054                HAL_I2C_MspInit
 .text.HAL_UART_MspInit
                0x08001124       0xd4 ./Core/Src/stm32h7xx_hal_msp.o
                0x08001124                HAL_UART_MspInit
 .text.HAL_PCD_MspInit
                0x080011f8       0xf8 ./Core/Src/stm32h7xx_hal_msp.o
                0x080011f8                HAL_PCD_MspInit
 .text.NMI_Handler
                0x080012f0        0x8 ./Core/Src/stm32h7xx_it.o
                0x080012f0                NMI_Handler
 .text.HardFault_Handler
                0x080012f8        0x8 ./Core/Src/stm32h7xx_it.o
                0x080012f8                HardFault_Handler
 .text.MemManage_Handler
                0x08001300        0x8 ./Core/Src/stm32h7xx_it.o
                0x08001300                MemManage_Handler
 .text.BusFault_Handler
                0x08001308        0x8 ./Core/Src/stm32h7xx_it.o
                0x08001308                BusFault_Handler
 .text.UsageFault_Handler
                0x08001310        0x8 ./Core/Src/stm32h7xx_it.o
                0x08001310                UsageFault_Handler
 .text.SVC_Handler
                0x08001318        0xe ./Core/Src/stm32h7xx_it.o
                0x08001318                SVC_Handler
 .text.DebugMon_Handler
                0x08001326        0xe ./Core/Src/stm32h7xx_it.o
                0x08001326                DebugMon_Handler
 .text.PendSV_Handler
                0x08001334        0xe ./Core/Src/stm32h7xx_it.o
                0x08001334                PendSV_Handler
 .text.SysTick_Handler
                0x08001342        0xc ./Core/Src/stm32h7xx_it.o
                0x08001342                SysTick_Handler
 *fill*         0x0800134e        0x2 
 .text._sbrk    0x08001350       0x6c ./Core/Src/sysmem.o
                0x08001350                _sbrk
 .text.SystemInit
                0x080013bc      0x110 ./Core/Src/system_stm32h7xx.o
                0x080013bc                SystemInit
 .text.Reset_Handler
                0x080014cc       0x50 ./Core/Startup/startup_stm32h753zitx.o
                0x080014cc                Reset_Handler
 .text.Default_Handler
                0x0800151c        0x2 ./Core/Startup/startup_stm32h753zitx.o
                0x0800151c                DMA1_Stream3_IRQHandler
                0x0800151c                HASH_RNG_IRQHandler
                0x0800151c                EXTI2_IRQHandler
                0x0800151c                TIM8_CC_IRQHandler
                0x0800151c                HRTIM1_Master_IRQHandler
                0x0800151c                UART8_IRQHandler
                0x0800151c                SPI4_IRQHandler
                0x0800151c                TIM1_CC_IRQHandler
                0x0800151c                BDMA_Channel6_IRQHandler
                0x0800151c                DMA2_Stream5_IRQHandler
                0x0800151c                HRTIM1_FLT_IRQHandler
                0x0800151c                JPEG_IRQHandler
                0x0800151c                DMA1_Stream5_IRQHandler
                0x0800151c                BDMA_Channel1_IRQHandler
                0x0800151c                HRTIM1_TIMD_IRQHandler
                0x0800151c                TAMP_STAMP_IRQHandler
                0x0800151c                EXTI3_IRQHandler
                0x0800151c                LPTIM4_IRQHandler
                0x0800151c                TIM8_TRG_COM_TIM14_IRQHandler
                0x0800151c                LPTIM2_IRQHandler
                0x0800151c                DFSDM1_FLT1_IRQHandler
                0x0800151c                DMAMUX2_OVR_IRQHandler
                0x0800151c                TIM8_UP_TIM13_IRQHandler
                0x0800151c                I2C3_ER_IRQHandler
                0x0800151c                DFSDM1_FLT2_IRQHandler
                0x0800151c                MDMA_IRQHandler
                0x0800151c                LPTIM3_IRQHandler
                0x0800151c                HSEM1_IRQHandler
                0x0800151c                EXTI0_IRQHandler
                0x0800151c                I2C2_EV_IRQHandler
                0x0800151c                DMA1_Stream2_IRQHandler
                0x0800151c                FPU_IRQHandler
                0x0800151c                OTG_HS_WKUP_IRQHandler
                0x0800151c                FDCAN1_IT1_IRQHandler
                0x0800151c                LTDC_ER_IRQHandler
                0x0800151c                DMA2_Stream2_IRQHandler
                0x0800151c                HRTIM1_TIME_IRQHandler
                0x0800151c                SPI1_IRQHandler
                0x0800151c                TIM6_DAC_IRQHandler
                0x0800151c                DCMI_IRQHandler
                0x0800151c                HRTIM1_TIMC_IRQHandler
                0x0800151c                DMA2_Stream3_IRQHandler
                0x0800151c                SAI2_IRQHandler
                0x0800151c                DFSDM1_FLT3_IRQHandler
                0x0800151c                USART6_IRQHandler
                0x0800151c                TIM17_IRQHandler
                0x0800151c                USART3_IRQHandler
                0x0800151c                BDMA_Channel7_IRQHandler
                0x0800151c                CRYP_IRQHandler
                0x0800151c                LPTIM5_IRQHandler
                0x0800151c                UART5_IRQHandler
                0x0800151c                ADC3_IRQHandler
                0x0800151c                DMA2_Stream0_IRQHandler
                0x0800151c                TIM4_IRQHandler
                0x0800151c                BDMA_Channel2_IRQHandler
                0x0800151c                QUADSPI_IRQHandler
                0x0800151c                I2C1_EV_IRQHandler
                0x0800151c                DMA1_Stream6_IRQHandler
                0x0800151c                DMAMUX1_OVR_IRQHandler
                0x0800151c                DMA1_Stream1_IRQHandler
                0x0800151c                TIM16_IRQHandler
                0x0800151c                UART4_IRQHandler
                0x0800151c                BDMA_Channel5_IRQHandler
                0x0800151c                TIM3_IRQHandler
                0x0800151c                RCC_IRQHandler
                0x0800151c                TIM8_BRK_TIM12_IRQHandler
                0x0800151c                TIM1_TRG_COM_IRQHandler
                0x0800151c                Default_Handler
                0x0800151c                ECC_IRQHandler
                0x0800151c                CEC_IRQHandler
                0x0800151c                EXTI15_10_IRQHandler
                0x0800151c                BDMA_Channel0_IRQHandler
                0x0800151c                ADC_IRQHandler
                0x0800151c                DMA1_Stream7_IRQHandler
                0x0800151c                HRTIM1_TIMA_IRQHandler
                0x0800151c                SPI5_IRQHandler
                0x0800151c                TIM7_IRQHandler
                0x0800151c                SDMMC1_IRQHandler
                0x0800151c                TIM5_IRQHandler
                0x0800151c                DMA2_Stream7_IRQHandler
                0x0800151c                TIM15_IRQHandler
                0x0800151c                PVD_AVD_IRQHandler
                0x0800151c                I2C3_EV_IRQHandler
                0x0800151c                EXTI9_5_IRQHandler
                0x0800151c                RTC_WKUP_IRQHandler
                0x0800151c                LTDC_IRQHandler
                0x0800151c                SAI3_IRQHandler
                0x0800151c                ETH_WKUP_IRQHandler
                0x0800151c                SPDIF_RX_IRQHandler
                0x0800151c                SPI2_IRQHandler
                0x0800151c                OTG_HS_EP1_IN_IRQHandler
                0x0800151c                DMA1_Stream0_IRQHandler
                0x0800151c                CRS_IRQHandler
                0x0800151c                EXTI4_IRQHandler
                0x0800151c                HRTIM1_TIMB_IRQHandler
                0x0800151c                FDCAN2_IT1_IRQHandler
                0x0800151c                ETH_IRQHandler
                0x0800151c                TIM1_UP_IRQHandler
                0x0800151c                BDMA_Channel4_IRQHandler
                0x0800151c                OTG_HS_EP1_OUT_IRQHandler
                0x0800151c                WWDG_IRQHandler
                0x0800151c                SPI6_IRQHandler
                0x0800151c                MDIOS_IRQHandler
                0x0800151c                I2C4_EV_IRQHandler
                0x0800151c                FDCAN2_IT0_IRQHandler
                0x0800151c                LPUART1_IRQHandler
                0x0800151c                FDCAN1_IT0_IRQHandler
                0x0800151c                TIM2_IRQHandler
                0x0800151c                OTG_FS_WKUP_IRQHandler
                0x0800151c                OTG_HS_IRQHandler
                0x0800151c                DMA2D_IRQHandler
                0x0800151c                TIM1_BRK_IRQHandler
                0x0800151c                EXTI1_IRQHandler
                0x0800151c                SDMMC2_IRQHandler
                0x0800151c                OTG_FS_EP1_OUT_IRQHandler
                0x0800151c                BDMA_Channel3_IRQHandler
                0x0800151c                UART7_IRQHandler
                0x0800151c                MDIOS_WKUP_IRQHandler
                0x0800151c                USART2_IRQHandler
                0x0800151c                DFSDM1_FLT0_IRQHandler
                0x0800151c                SAI4_IRQHandler
                0x0800151c                I2C2_ER_IRQHandler
                0x0800151c                DMA2_Stream1_IRQHandler
                0x0800151c                FLASH_IRQHandler
                0x0800151c                DMA2_Stream4_IRQHandler
                0x0800151c                USART1_IRQHandler
                0x0800151c                OTG_FS_IRQHandler
                0x0800151c                SPI3_IRQHandler
                0x0800151c                WAKEUP_PIN_IRQHandler
                0x0800151c                DMA1_Stream4_IRQHandler
                0x0800151c                OTG_FS_EP1_IN_IRQHandler
                0x0800151c                I2C1_ER_IRQHandler
                0x0800151c                FMC_IRQHandler
                0x0800151c                FDCAN_CAL_IRQHandler
                0x0800151c                SWPMI1_IRQHandler
                0x0800151c                COMP1_IRQHandler
                0x0800151c                LPTIM1_IRQHandler
                0x0800151c                I2C4_ER_IRQHandler
                0x0800151c                DMA2_Stream6_IRQHandler
                0x0800151c                SAI1_IRQHandler
                0x0800151c                RTC_Alarm_IRQHandler
 *fill*         0x0800151e        0x2 
 .text.HAL_Init
                0x08001520       0x78 ./Drivers/STM32H7xx_HAL_Driver/Src/stm32h7xx_hal.o
                0x08001520                HAL_Init
 .text.HAL_InitTick
                0x08001598       0x6c ./Drivers/STM32H7xx_HAL_Driver/Src/stm32h7xx_hal.o
                0x08001598                HAL_InitTick
 .text.HAL_IncTick
                0x08001604       0x28 ./Drivers/STM32H7xx_HAL_Driver/Src/stm32h7xx_hal.o
                0x08001604                HAL_IncTick
 .text.HAL_GetTick
                0x0800162c       0x18 ./Drivers/STM32H7xx_HAL_Driver/Src/stm32h7xx_hal.o
                0x0800162c                HAL_GetTick
 .text.HAL_Delay
                0x08001644       0x48 ./Drivers/STM32H7xx_HAL_Driver/Src/stm32h7xx_hal.o
                0x08001644                HAL_Delay
 .text.HAL_GetREVID
                0x0800168c       0x18 ./Drivers/STM32H7xx_HAL_Driver/Src/stm32h7xx_hal.o
                0x0800168c                HAL_GetREVID
 .text.HAL_SYSCFG_ETHInterfaceSelect
                0x080016a4       0x28 ./Drivers/STM32H7xx_HAL_Driver/Src/stm32h7xx_hal.o
                0x080016a4                HAL_SYSCFG_ETHInterfaceSelect
 .text.__NVIC_SetPriorityGrouping
                0x080016cc       0x48 ./Drivers/STM32H7xx_HAL_Driver/Src/stm32h7xx_hal_cortex.o
 .text.__NVIC_GetPriorityGrouping
                0x08001714       0x1c ./Drivers/STM32H7xx_HAL_Driver/Src/stm32h7xx_hal_cortex.o
 .text.__NVIC_SetPriority
                0x08001730       0x54 ./Drivers/STM32H7xx_HAL_Driver/Src/stm32h7xx_hal_cortex.o
 .text.NVIC_EncodePriority
                0x08001784       0x66 ./Drivers/STM32H7xx_HAL_Driver/Src/stm32h7xx_hal_cortex.o
 *fill*         0x080017ea        0x2 
 .text.SysTick_Config
                0x080017ec       0x44 ./Drivers/STM32H7xx_HAL_Driver/Src/stm32h7xx_hal_cortex.o
 .text.HAL_NVIC_SetPriorityGrouping
                0x08001830       0x16 ./Drivers/STM32H7xx_HAL_Driver/Src/stm32h7xx_hal_cortex.o
                0x08001830                HAL_NVIC_SetPriorityGrouping
 .text.HAL_NVIC_SetPriority
                0x08001846       0x34 ./Drivers/STM32H7xx_HAL_Driver/Src/stm32h7xx_hal_cortex.o
                0x08001846                HAL_NVIC_SetPriority
 .text.HAL_SYSTICK_Config
                0x0800187a       0x18 ./Drivers/STM32H7xx_HAL_Driver/Src/stm32h7xx_hal_cortex.o
                0x0800187a                HAL_SYSTICK_Config
 *fill*         0x08001892        0x2 
 .text.HAL_ETH_Init
                0x08001894      0x1fc ./Drivers/STM32H7xx_HAL_Driver/Src/stm32h7xx_hal_eth.o
                0x08001894                HAL_ETH_Init
 .text.HAL_ETH_SetMDIOClockRange
                0x08001a90       0xa0 ./Drivers/STM32H7xx_HAL_Driver/Src/stm32h7xx_hal_eth.o
                0x08001a90                HAL_ETH_SetMDIOClockRange
 .text.ETH_SetMACConfig
                0x08001b30      0x238 ./Drivers/STM32H7xx_HAL_Driver/Src/stm32h7xx_hal_eth.o
 .text.ETH_SetDMAConfig
                0x08001d68      0x10c ./Drivers/STM32H7xx_HAL_Driver/Src/stm32h7xx_hal_eth.o
 .text.ETH_MACDMAConfig
                0x08001e74      0x13a ./Drivers/STM32H7xx_HAL_Driver/Src/stm32h7xx_hal_eth.o
 .text.ETH_DMATxDescListInit
                0x08001fae       0x92 ./Drivers/STM32H7xx_HAL_Driver/Src/stm32h7xx_hal_eth.o
 .text.ETH_DMARxDescListInit
                0x08002040       0xba ./Drivers/STM32H7xx_HAL_Driver/Src/stm32h7xx_hal_eth.o
 *fill*         0x080020fa        0x2 
 .text.HAL_GPIO_Init
                0x080020fc      0x360 ./Drivers/STM32H7xx_HAL_Driver/Src/stm32h7xx_hal_gpio.o
                0x080020fc                HAL_GPIO_Init
 .text.HAL_GPIO_WritePin
                0x0800245c       0x32 ./Drivers/STM32H7xx_HAL_Driver/Src/stm32h7xx_hal_gpio.o
                0x0800245c                HAL_GPIO_WritePin
 *fill*         0x0800248e        0x2 
 .text.HAL_I2C_Init
                0x08002490      0x138 ./Drivers/STM32H7xx_HAL_Driver/Src/stm32h7xx_hal_i2c.o
                0x08002490                HAL_I2C_Init
 .text.HAL_I2C_Master_Transmit
                0x080025c8      0x230 ./Drivers/STM32H7xx_HAL_Driver/Src/stm32h7xx_hal_i2c.o
                0x080025c8                HAL_I2C_Master_Transmit
 .text.HAL_I2C_Master_Receive
                0x080027f8      0x1ec ./Drivers/STM32H7xx_HAL_Driver/Src/stm32h7xx_hal_i2c.o
                0x080027f8                HAL_I2C_Master_Receive
 .text.I2C_Flush_TXDR
                0x080029e4       0x48 ./Drivers/STM32H7xx_HAL_Driver/Src/stm32h7xx_hal_i2c.o
 .text.I2C_WaitOnFlagUntilTimeout
                0x08002a2c       0xb2 ./Drivers/STM32H7xx_HAL_Driver/Src/stm32h7xx_hal_i2c.o
 .text.I2C_WaitOnTXISFlagUntilTimeout
                0x08002ade       0x8e ./Drivers/STM32H7xx_HAL_Driver/Src/stm32h7xx_hal_i2c.o
 .text.I2C_WaitOnSTOPFlagUntilTimeout
                0x08002b6c       0x86 ./Drivers/STM32H7xx_HAL_Driver/Src/stm32h7xx_hal_i2c.o
 *fill*         0x08002bf2        0x2 
 .text.I2C_WaitOnRXNEFlagUntilTimeout
                0x08002bf4      0x118 ./Drivers/STM32H7xx_HAL_Driver/Src/stm32h7xx_hal_i2c.o
 .text.I2C_IsErrorOccurred
                0x08002d0c      0x1c0 ./Drivers/STM32H7xx_HAL_Driver/Src/stm32h7xx_hal_i2c.o
 .text.I2C_TransferConfig
                0x08002ecc       0x64 ./Drivers/STM32H7xx_HAL_Driver/Src/stm32h7xx_hal_i2c.o
 .text.HAL_I2CEx_ConfigAnalogFilter
                0x08002f30       0x96 ./Drivers/STM32H7xx_HAL_Driver/Src/stm32h7xx_hal_i2c_ex.o
                0x08002f30                HAL_I2CEx_ConfigAnalogFilter
 .text.HAL_I2CEx_ConfigDigitalFilter
                0x08002fc6       0x98 ./Drivers/STM32H7xx_HAL_Driver/Src/stm32h7xx_hal_i2c_ex.o
                0x08002fc6                HAL_I2CEx_ConfigDigitalFilter
 .text.HAL_PCD_Init
                0x0800305e      0x218 ./Drivers/STM32H7xx_HAL_Driver/Src/stm32h7xx_hal_pcd.o
                0x0800305e                HAL_PCD_Init
 *fill*         0x08003276        0x2 
 .text.HAL_PCDEx_ActivateLPM
                0x08003278       0x48 ./Drivers/STM32H7xx_HAL_Driver/Src/stm32h7xx_hal_pcd_ex.o
                0x08003278                HAL_PCDEx_ActivateLPM
 .text.HAL_PWREx_ConfigSupply
                0x080032c0       0x74 ./Drivers/STM32H7xx_HAL_Driver/Src/stm32h7xx_hal_pwr_ex.o
                0x080032c0                HAL_PWREx_ConfigSupply
 .text.HAL_PWREx_EnableUSBVoltageDetector
                0x08003334       0x20 ./Drivers/STM32H7xx_HAL_Driver/Src/stm32h7xx_hal_pwr_ex.o
                0x08003334                HAL_PWREx_EnableUSBVoltageDetector
 .text.HAL_RCC_OscConfig
                0x08003354      0x8b4 ./Drivers/STM32H7xx_HAL_Driver/Src/stm32h7xx_hal_rcc.o
                0x08003354                HAL_RCC_OscConfig
 .text.HAL_RCC_ClockConfig
                0x08003c08      0x36c ./Drivers/STM32H7xx_HAL_Driver/Src/stm32h7xx_hal_rcc.o
                0x08003c08                HAL_RCC_ClockConfig
 .text.HAL_RCC_GetSysClockFreq
                0x08003f74      0x2f4 ./Drivers/STM32H7xx_HAL_Driver/Src/stm32h7xx_hal_rcc.o
                0x08003f74                HAL_RCC_GetSysClockFreq
 .text.HAL_RCC_GetHCLKFreq
                0x08004268       0x60 ./Drivers/STM32H7xx_HAL_Driver/Src/stm32h7xx_hal_rcc.o
                0x08004268                HAL_RCC_GetHCLKFreq
 .text.HAL_RCC_GetPCLK1Freq
                0x080042c8       0x2c ./Drivers/STM32H7xx_HAL_Driver/Src/stm32h7xx_hal_rcc.o
                0x080042c8                HAL_RCC_GetPCLK1Freq
 .text.HAL_RCC_GetPCLK2Freq
                0x080042f4       0x2c ./Drivers/STM32H7xx_HAL_Driver/Src/stm32h7xx_hal_rcc.o
                0x080042f4                HAL_RCC_GetPCLK2Freq
 .text.HAL_RCCEx_PeriphCLKConfig
                0x08004320     0x1414 ./Drivers/STM32H7xx_HAL_Driver/Src/stm32h7xx_hal_rcc_ex.o
                0x08004320                HAL_RCCEx_PeriphCLKConfig
 .text.HAL_RCCEx_GetD3PCLK1Freq
                0x08005734       0x2c ./Drivers/STM32H7xx_HAL_Driver/Src/stm32h7xx_hal_rcc_ex.o
                0x08005734                HAL_RCCEx_GetD3PCLK1Freq
 .text.HAL_RCCEx_GetPLL2ClockFreq
                0x08005760      0x2a8 ./Drivers/STM32H7xx_HAL_Driver/Src/stm32h7xx_hal_rcc_ex.o
                0x08005760                HAL_RCCEx_GetPLL2ClockFreq
 .text.HAL_RCCEx_GetPLL3ClockFreq
                0x08005a08      0x2a8 ./Drivers/STM32H7xx_HAL_Driver/Src/stm32h7xx_hal_rcc_ex.o
                0x08005a08                HAL_RCCEx_GetPLL3ClockFreq
 .text.RCCEx_PLL2_Config
                0x08005cb0      0x164 ./Drivers/STM32H7xx_HAL_Driver/Src/stm32h7xx_hal_rcc_ex.o
 .text.RCCEx_PLL3_Config
                0x08005e14      0x164 ./Drivers/STM32H7xx_HAL_Driver/Src/stm32h7xx_hal_rcc_ex.o
 .text.HAL_UART_Init
                0x08005f78       0xa0 ./Drivers/STM32H7xx_HAL_Driver/Src/stm32h7xx_hal_uart.o
                0x08005f78                HAL_UART_Init
 .text.HAL_UART_Transmit
                0x08006018      0x11c ./Drivers/STM32H7xx_HAL_Driver/Src/stm32h7xx_hal_uart.o
                0x08006018                HAL_UART_Transmit
 .text.UART_SetConfig
                0x08006134      0xad0 ./Drivers/STM32H7xx_HAL_Driver/Src/stm32h7xx_hal_uart.o
                0x08006134                UART_SetConfig
 .text.UART_AdvFeatureConfig
                0x08006c04      0x144 ./Drivers/STM32H7xx_HAL_Driver/Src/stm32h7xx_hal_uart.o
                0x08006c04                UART_AdvFeatureConfig
 .text.UART_CheckIdleState
                0x08006d48      0x154 ./Drivers/STM32H7xx_HAL_Driver/Src/stm32h7xx_hal_uart.o
                0x08006d48                UART_CheckIdleState
 .text.UART_WaitOnFlagUntilTimeout
                0x08006e9c       0xda ./Drivers/STM32H7xx_HAL_Driver/Src/stm32h7xx_hal_uart.o
                0x08006e9c                UART_WaitOnFlagUntilTimeout
 *fill*         0x08006f76        0x2 
 .text.UART_EndRxTransfer
                0x08006f78       0xcc ./Drivers/STM32H7xx_HAL_Driver/Src/stm32h7xx_hal_uart.o
 .text.HAL_UARTEx_DisableFifoMode
                0x08007044       0x72 ./Drivers/STM32H7xx_HAL_Driver/Src/stm32h7xx_hal_uart_ex.o
                0x08007044                HAL_UARTEx_DisableFifoMode
 .text.HAL_UARTEx_SetTxFifoThreshold
                0x080070b6       0x7c ./Drivers/STM32H7xx_HAL_Driver/Src/stm32h7xx_hal_uart_ex.o
                0x080070b6                HAL_UARTEx_SetTxFifoThreshold
 .text.HAL_UARTEx_SetRxFifoThreshold
                0x08007132       0x7c ./Drivers/STM32H7xx_HAL_Driver/Src/stm32h7xx_hal_uart_ex.o
                0x08007132                HAL_UARTEx_SetRxFifoThreshold
 *fill*         0x080071ae        0x2 
 .text.UARTEx_SetNbDataToProcess
                0x080071b0       0x9c ./Drivers/STM32H7xx_HAL_Driver/Src/stm32h7xx_hal_uart_ex.o
 .text.USB_CoreInit
                0x0800724c       0xe4 ./Drivers/STM32H7xx_HAL_Driver/Src/stm32h7xx_ll_usb.o
                0x0800724c                USB_CoreInit
 .text.USB_DisableGlobalInt
                0x08007330       0x22 ./Drivers/STM32H7xx_HAL_Driver/Src/stm32h7xx_ll_usb.o
                0x08007330                USB_DisableGlobalInt
 .text.USB_SetCurrentMode
                0x08007352       0x98 ./Drivers/STM32H7xx_HAL_Driver/Src/stm32h7xx_ll_usb.o
                0x08007352                USB_SetCurrentMode
 *fill*         0x080073ea        0x2 
 .text.USB_DevInit
                0x080073ec      0x2bc ./Drivers/STM32H7xx_HAL_Driver/Src/stm32h7xx_ll_usb.o
                0x080073ec                USB_DevInit
 .text.USB_FlushTxFifo
                0x080076a8       0x64 ./Drivers/STM32H7xx_HAL_Driver/Src/stm32h7xx_ll_usb.o
                0x080076a8                USB_FlushTxFifo
 .text.USB_FlushRxFifo
                0x0800770c       0x5c ./Drivers/STM32H7xx_HAL_Driver/Src/stm32h7xx_ll_usb.o
                0x0800770c                USB_FlushRxFifo
 .text.USB_SetDevSpeed
                0x08007768       0x32 ./Drivers/STM32H7xx_HAL_Driver/Src/stm32h7xx_ll_usb.o
                0x08007768                USB_SetDevSpeed
 .text.USB_DevDisconnect
                0x0800779a       0x42 ./Drivers/STM32H7xx_HAL_Driver/Src/stm32h7xx_ll_usb.o
                0x0800779a                USB_DevDisconnect
 .text.USB_GetMode
                0x080077dc       0x1c ./Drivers/STM32H7xx_HAL_Driver/Src/stm32h7xx_ll_usb.o
                0x080077dc                USB_GetMode
 .text.USB_CoreReset
                0x080077f8       0x62 ./Drivers/STM32H7xx_HAL_Driver/Src/stm32h7xx_ll_usb.o
 *fill*         0x0800785a        0x2 
 .text.snprintf
                0x0800785c       0x68 /Applications/STM32CubeIDE.app/Contents/Eclipse/plugins/com.st.stm32cube.ide.mcu.externaltools.gnu-tools-for-stm32.12.3.rel1.macos64_1.1.0.202410301201/tools/bin/../lib/gcc/arm-none-eabi/12.3.1/../../../../arm-none-eabi/lib/thumb/v7e-m+dp/hard/libc_nano.a(libc_a-snprintf.o)
                0x0800785c                snprintf
                0x0800785c                sniprintf
 .text.strstr   0x080078c4       0x2c /Applications/STM32CubeIDE.app/Contents/Eclipse/plugins/com.st.stm32cube.ide.mcu.externaltools.gnu-tools-for-stm32.12.3.rel1.macos64_1.1.0.202410301201/tools/bin/../lib/gcc/arm-none-eabi/12.3.1/../../../../arm-none-eabi/lib/thumb/v7e-m+dp/hard/libc_nano.a(libc_a-strstr.o)
                0x080078c4                strstr
 .text.memset   0x080078f0       0x10 /Applications/STM32CubeIDE.app/Contents/Eclipse/plugins/com.st.stm32cube.ide.mcu.externaltools.gnu-tools-for-stm32.12.3.rel1.macos64_1.1.0.202410301201/tools/bin/../lib/gcc/arm-none-eabi/12.3.1/../../../../arm-none-eabi/lib/thumb/v7e-m+dp/hard/libc_nano.a(libc_a-memset.o)
                0x080078f0                memset
 .text.__errno  0x08007900        0xc /Applications/STM32CubeIDE.app/Contents/Eclipse/plugins/com.st.stm32cube.ide.mcu.externaltools.gnu-tools-for-stm32.12.3.rel1.macos64_1.1.0.202410301201/tools/bin/../lib/gcc/arm-none-eabi/12.3.1/../../../../arm-none-eabi/lib/thumb/v7e-m+dp/hard/libc_nano.a(libc_a-errno.o)
                0x08007900                __errno
 .text.__libc_init_array
                0x0800790c       0x48 /Applications/STM32CubeIDE.app/Contents/Eclipse/plugins/com.st.stm32cube.ide.mcu.externaltools.gnu-tools-for-stm32.12.3.rel1.macos64_1.1.0.202410301201/tools/bin/../lib/gcc/arm-none-eabi/12.3.1/../../../../arm-none-eabi/lib/thumb/v7e-m+dp/hard/libc_nano.a(libc_a-init.o)
                0x0800790c                __libc_init_array
 .text.__retarget_lock_acquire_recursive
                0x08007954        0x2 /Applications/STM32CubeIDE.app/Contents/Eclipse/plugins/com.st.stm32cube.ide.mcu.externaltools.gnu-tools-for-stm32.12.3.rel1.macos64_1.1.0.202410301201/tools/bin/../lib/gcc/arm-none-eabi/12.3.1/../../../../arm-none-eabi/lib/thumb/v7e-m+dp/hard/libc_nano.a(libc_a-lock.o)
                0x08007954                __retarget_lock_acquire_recursive
 .text.__retarget_lock_release_recursive
                0x08007956        0x2 /Applications/STM32CubeIDE.app/Contents/Eclipse/plugins/com.st.stm32cube.ide.mcu.externaltools.gnu-tools-for-stm32.12.3.rel1.macos64_1.1.0.202410301201/tools/bin/../lib/gcc/arm-none-eabi/12.3.1/../../../../arm-none-eabi/lib/thumb/v7e-m+dp/hard/libc_nano.a(libc_a-lock.o)
                0x08007956                __retarget_lock_release_recursive
 .text.__ssputs_r
                0x08007958       0xb6 /Applications/STM32CubeIDE.app/Contents/Eclipse/plugins/com.st.stm32cube.ide.mcu.externaltools.gnu-tools-for-stm32.12.3.rel1.macos64_1.1.0.202410301201/tools/bin/../lib/gcc/arm-none-eabi/12.3.1/../../../../arm-none-eabi/lib/thumb/v7e-m+dp/hard/libc_nano.a(libc_a-nano-svfprintf.o)
                0x08007958                __ssputs_r
 *fill*         0x08007a0e        0x2 
 .text._svfprintf_r
                0x08007a10      0x1f8 /Applications/STM32CubeIDE.app/Contents/Eclipse/plugins/com.st.stm32cube.ide.mcu.externaltools.gnu-tools-for-stm32.12.3.rel1.macos64_1.1.0.202410301201/tools/bin/../lib/gcc/arm-none-eabi/12.3.1/../../../../arm-none-eabi/lib/thumb/v7e-m+dp/hard/libc_nano.a(libc_a-nano-svfprintf.o)
                0x08007a10                _svfprintf_r
                0x08007a10                _svfiprintf_r
 .text.sbrk_aligned
                0x08007c08       0x44 /Applications/STM32CubeIDE.app/Contents/Eclipse/plugins/com.st.stm32cube.ide.mcu.externaltools.gnu-tools-for-stm32.12.3.rel1.macos64_1.1.0.202410301201/tools/bin/../lib/gcc/arm-none-eabi/12.3.1/../../../../arm-none-eabi/lib/thumb/v7e-m+dp/hard/libc_nano.a(libc_a-mallocr.o)
 .text._malloc_r
                0x08007c4c      0x100 /Applications/STM32CubeIDE.app/Contents/Eclipse/plugins/com.st.stm32cube.ide.mcu.externaltools.gnu-tools-for-stm32.12.3.rel1.macos64_1.1.0.202410301201/tools/bin/../lib/gcc/arm-none-eabi/12.3.1/../../../../arm-none-eabi/lib/thumb/v7e-m+dp/hard/libc_nano.a(libc_a-mallocr.o)
                0x08007c4c                _malloc_r
 .text._printf_common
                0x08007d4c       0xda /Applications/STM32CubeIDE.app/Contents/Eclipse/plugins/com.st.stm32cube.ide.mcu.externaltools.gnu-tools-for-stm32.12.3.rel1.macos64_1.1.0.202410301201/tools/bin/../lib/gcc/arm-none-eabi/12.3.1/../../../../arm-none-eabi/lib/thumb/v7e-m+dp/hard/libc_nano.a(libc_a-nano-vfprintf_i.o)
                0x08007d4c                _printf_common
 *fill*         0x08007e26        0x2 
 .text._printf_i
                0x08007e28      0x240 /Applications/STM32CubeIDE.app/Contents/Eclipse/plugins/com.st.stm32cube.ide.mcu.externaltools.gnu-tools-for-stm32.12.3.rel1.macos64_1.1.0.202410301201/tools/bin/../lib/gcc/arm-none-eabi/12.3.1/../../../../arm-none-eabi/lib/thumb/v7e-m+dp/hard/libc_nano.a(libc_a-nano-vfprintf_i.o)
                0x08007e28                _printf_i
 .text.__malloc_lock
                0x08008068        0xc /Applications/STM32CubeIDE.app/Contents/Eclipse/plugins/com.st.stm32cube.ide.mcu.externaltools.gnu-tools-for-stm32.12.3.rel1.macos64_1.1.0.202410301201/tools/bin/../lib/gcc/arm-none-eabi/12.3.1/../../../../arm-none-eabi/lib/thumb/v7e-m+dp/hard/libc_nano.a(libc_a-mlock.o)
                0x08008068                __malloc_lock
 .text.__malloc_unlock
                0x08008074        0xc /Applications/STM32CubeIDE.app/Contents/Eclipse/plugins/com.st.stm32cube.ide.mcu.externaltools.gnu-tools-for-stm32.12.3.rel1.macos64_1.1.0.202410301201/tools/bin/../lib/gcc/arm-none-eabi/12.3.1/../../../../arm-none-eabi/lib/thumb/v7e-m+dp/hard/libc_nano.a(libc_a-mlock.o)
                0x08008074                __malloc_unlock
 .text._realloc_r
                0x08008080       0x5c /Applications/STM32CubeIDE.app/Contents/Eclipse/plugins/com.st.stm32cube.ide.mcu.externaltools.gnu-tools-for-stm32.12.3.rel1.macos64_1.1.0.202410301201/tools/bin/../lib/gcc/arm-none-eabi/12.3.1/../../../../arm-none-eabi/lib/thumb/v7e-m+dp/hard/libc_nano.a(libc_a-reallocr.o)
                0x08008080                _realloc_r
 .text.memmove  0x080080dc       0x34 /Applications/STM32CubeIDE.app/Contents/Eclipse/plugins/com.st.stm32cube.ide.mcu.externaltools.gnu-tools-for-stm32.12.3.rel1.macos64_1.1.0.202410301201/tools/bin/../lib/gcc/arm-none-eabi/12.3.1/../../../../arm-none-eabi/lib/thumb/v7e-m+dp/hard/libc_nano.a(libc_a-memmove.o)
                0x080080dc                memmove
 .text._sbrk_r  0x08008110       0x20 /Applications/STM32CubeIDE.app/Contents/Eclipse/plugins/com.st.stm32cube.ide.mcu.externaltools.gnu-tools-for-stm32.12.3.rel1.macos64_1.1.0.202410301201/tools/bin/../lib/gcc/arm-none-eabi/12.3.1/../../../../arm-none-eabi/lib/thumb/v7e-m+dp/hard/libc_nano.a(libc_a-sbrkr.o)
                0x08008110                _sbrk_r
 .text.memcpy   0x08008130       0x1c /Applications/STM32CubeIDE.app/Contents/Eclipse/plugins/com.st.stm32cube.ide.mcu.externaltools.gnu-tools-for-stm32.12.3.rel1.macos64_1.1.0.202410301201/tools/bin/../lib/gcc/arm-none-eabi/12.3.1/../../../../arm-none-eabi/lib/thumb/v7e-m+dp/hard/libc_nano.a(libc_a-memcpy-stub.o)
                0x08008130                memcpy
 .text._free_r  0x0800814c       0x94 /Applications/STM32CubeIDE.app/Contents/Eclipse/plugins/com.st.stm32cube.ide.mcu.externaltools.gnu-tools-for-stm32.12.3.rel1.macos64_1.1.0.202410301201/tools/bin/../lib/gcc/arm-none-eabi/12.3.1/../../../../arm-none-eabi/lib/thumb/v7e-m+dp/hard/libc_nano.a(libc_a-freer.o)
                0x0800814c                _free_r
 .text._malloc_usable_size_r
                0x080081e0       0x10 /Applications/STM32CubeIDE.app/Contents/Eclipse/plugins/com.st.stm32cube.ide.mcu.externaltools.gnu-tools-for-stm32.12.3.rel1.macos64_1.1.0.202410301201/tools/bin/../lib/gcc/arm-none-eabi/12.3.1/../../../../arm-none-eabi/lib/thumb/v7e-m+dp/hard/libc_nano.a(libc_a-msizer.o)
                0x080081e0                _malloc_usable_size_r
 *(.glue_7)
 .glue_7        0x080081f0        0x0 linker stubs
 *(.glue_7t)
 .glue_7t       0x080081f0        0x0 linker stubs
 *(.eh_frame)
 .eh_frame      0x080081f0        0x0 /Applications/STM32CubeIDE.app/Contents/Eclipse/plugins/com.st.stm32cube.ide.mcu.externaltools.gnu-tools-for-stm32.12.3.rel1.macos64_1.1.0.202410301201/tools/bin/../lib/gcc/arm-none-eabi/12.3.1/thumb/v7e-m+dp/hard/crtbegin.o
 *(.init)
 .init          0x080081f0        0x4 /Applications/STM32CubeIDE.app/Contents/Eclipse/plugins/com.st.stm32cube.ide.mcu.externaltools.gnu-tools-for-stm32.12.3.rel1.macos64_1.1.0.202410301201/tools/bin/../lib/gcc/arm-none-eabi/12.3.1/thumb/v7e-m+dp/hard/crti.o
                0x080081f0                _init
 .init          0x080081f4        0x8 /Applications/STM32CubeIDE.app/Contents/Eclipse/plugins/com.st.stm32cube.ide.mcu.externaltools.gnu-tools-for-stm32.12.3.rel1.macos64_1.1.0.202410301201/tools/bin/../lib/gcc/arm-none-eabi/12.3.1/thumb/v7e-m+dp/hard/crtn.o
 *(.fini)
 .fini          0x080081fc        0x4 /Applications/STM32CubeIDE.app/Contents/Eclipse/plugins/com.st.stm32cube.ide.mcu.externaltools.gnu-tools-for-stm32.12.3.rel1.macos64_1.1.0.202410301201/tools/bin/../lib/gcc/arm-none-eabi/12.3.1/thumb/v7e-m+dp/hard/crti.o
                0x080081fc                _fini
 .fini          0x08008200        0x8 /Applications/STM32CubeIDE.app/Contents/Eclipse/plugins/com.st.stm32cube.ide.mcu.externaltools.gnu-tools-for-stm32.12.3.rel1.macos64_1.1.0.202410301201/tools/bin/../lib/gcc/arm-none-eabi/12.3.1/thumb/v7e-m+dp/hard/crtn.o
                0x08008208                        . = ALIGN (0x4)
                0x08008208                        _etext = .

.vfp11_veneer   0x08008208        0x0
 .vfp11_veneer  0x08008208        0x0 linker stubs

.v4_bx          0x08008208        0x0
 .v4_bx         0x08008208        0x0 linker stubs

.iplt           0x08008208        0x0
 .iplt          0x08008208        0x0 /Applications/STM32CubeIDE.app/Contents/Eclipse/plugins/com.st.stm32cube.ide.mcu.externaltools.gnu-tools-for-stm32.12.3.rel1.macos64_1.1.0.202410301201/tools/bin/../lib/gcc/arm-none-eabi/12.3.1/thumb/v7e-m+dp/hard/crtbegin.o

.rodata         0x08008208       0xe0
                0x08008208                        . = ALIGN (0x4)
 *(.rodata)
 .rodata        0x08008208       0x73 ./Core/Src/main.o
 *(.rodata*)
 *fill*         0x0800827b        0x1 
 .rodata.D1CorePrescTable
                0x0800827c       0x10 ./Core/Src/system_stm32h7xx.o
                0x0800827c                D1CorePrescTable
 .rodata.UARTPrescTable
                0x0800828c       0x18 ./Drivers/STM32H7xx_HAL_Driver/Src/stm32h7xx_hal_uart.o
                0x0800828c                UARTPrescTable
 .rodata.numerator.1
                0x080082a4        0x8 ./Drivers/STM32H7xx_HAL_Driver/Src/stm32h7xx_hal_uart_ex.o
 .rodata.denominator.0
                0x080082ac        0x8 ./Drivers/STM32H7xx_HAL_Driver/Src/stm32h7xx_hal_uart_ex.o
 .rodata._svfprintf_r.str1.1
                0x080082b4       0x11 /Applications/STM32CubeIDE.app/Contents/Eclipse/plugins/com.st.stm32cube.ide.mcu.externaltools.gnu-tools-for-stm32.12.3.rel1.macos64_1.1.0.202410301201/tools/bin/../lib/gcc/arm-none-eabi/12.3.1/../../../../arm-none-eabi/lib/thumb/v7e-m+dp/hard/libc_nano.a(libc_a-nano-svfprintf.o)
 .rodata._printf_i.str1.1
                0x080082c5       0x22 /Applications/STM32CubeIDE.app/Contents/Eclipse/plugins/com.st.stm32cube.ide.mcu.externaltools.gnu-tools-for-stm32.12.3.rel1.macos64_1.1.0.202410301201/tools/bin/../lib/gcc/arm-none-eabi/12.3.1/../../../../arm-none-eabi/lib/thumb/v7e-m+dp/hard/libc_nano.a(libc_a-nano-vfprintf_i.o)
                0x080082e8                        . = ALIGN (0x4)
 *fill*         0x080082e7        0x1 

.ARM.extab
 *(.ARM.extab* .gnu.linkonce.armextab.*)

.ARM            0x080082e8        0x8
                0x080082e8                        __exidx_start = .
 *(.ARM.exidx*)
 .ARM.exidx     0x080082e8        0x8 /Applications/STM32CubeIDE.app/Contents/Eclipse/plugins/com.st.stm32cube.ide.mcu.externaltools.gnu-tools-for-stm32.12.3.rel1.macos64_1.1.0.202410301201/tools/bin/../lib/gcc/arm-none-eabi/12.3.1/../../../../arm-none-eabi/lib/thumb/v7e-m+dp/hard/libc_nano.a(libc_a-strlen.o)
 .ARM.exidx     0x080082f0        0x0 /Applications/STM32CubeIDE.app/Contents/Eclipse/plugins/com.st.stm32cube.ide.mcu.externaltools.gnu-tools-for-stm32.12.3.rel1.macos64_1.1.0.202410301201/tools/bin/../lib/gcc/arm-none-eabi/12.3.1/../../../../arm-none-eabi/lib/thumb/v7e-m+dp/hard/libc_nano.a(libc_a-strcmp.o)
                                  0x8 (size before relaxing)
 .ARM.exidx     0x080082f0        0x0 /Applications/STM32CubeIDE.app/Contents/Eclipse/plugins/com.st.stm32cube.ide.mcu.externaltools.gnu-tools-for-stm32.12.3.rel1.macos64_1.1.0.202410301201/tools/bin/../lib/gcc/arm-none-eabi/12.3.1/../../../../arm-none-eabi/lib/thumb/v7e-m+dp/hard/libc_nano.a(libc_a-memchr.o)
                                  0x8 (size before relaxing)
 .ARM.exidx     0x080082f0        0x0 /Applications/STM32CubeIDE.app/Contents/Eclipse/plugins/com.st.stm32cube.ide.mcu.externaltools.gnu-tools-for-stm32.12.3.rel1.macos64_1.1.0.202410301201/tools/bin/../lib/gcc/arm-none-eabi/12.3.1/thumb/v7e-m+dp/hard/libgcc.a(_udivmoddi4.o)
                                  0x8 (size before relaxing)
                0x080082f0                        __exidx_end = .

.rel.dyn        0x080082f0        0x0
 .rel.iplt      0x080082f0        0x0 /Applications/STM32CubeIDE.app/Contents/Eclipse/plugins/com.st.stm32cube.ide.mcu.externaltools.gnu-tools-for-stm32.12.3.rel1.macos64_1.1.0.202410301201/tools/bin/../lib/gcc/arm-none-eabi/12.3.1/thumb/v7e-m+dp/hard/crtbegin.o

.preinit_array  0x080082f0        0x0
                0x080082f0                        PROVIDE (__preinit_array_start = .)
 *(.preinit_array*)
                0x080082f0                        PROVIDE (__preinit_array_end = .)

.init_array     0x080082f0        0x4
                0x080082f0                        PROVIDE (__init_array_start = .)
 *(SORT_BY_NAME(.init_array.*))
 *(.init_array*)
 .init_array    0x080082f0        0x4 /Applications/STM32CubeIDE.app/Contents/Eclipse/plugins/com.st.stm32cube.ide.mcu.externaltools.gnu-tools-for-stm32.12.3.rel1.macos64_1.1.0.202410301201/tools/bin/../lib/gcc/arm-none-eabi/12.3.1/thumb/v7e-m+dp/hard/crtbegin.o
                0x080082f4                        PROVIDE (__init_array_end = .)

.fini_array     0x080082f4        0x4
                [!provide]                        PROVIDE (__fini_array_start = .)
 *(SORT_BY_NAME(.fini_array.*))
 *(.fini_array*)
 .fini_array    0x080082f4        0x4 /Applications/STM32CubeIDE.app/Contents/Eclipse/plugins/com.st.stm32cube.ide.mcu.externaltools.gnu-tools-for-stm32.12.3.rel1.macos64_1.1.0.202410301201/tools/bin/../lib/gcc/arm-none-eabi/12.3.1/thumb/v7e-m+dp/hard/crtbegin.o
                [!provide]                        PROVIDE (__fini_array_end = .)
                0x080082f8                        _sidata = LOADADDR (.data)

.data           0x24000000       0x60 load address 0x080082f8
                0x24000000                        . = ALIGN (0x4)
                0x24000000                        _sdata = .
 *(.data)
 *(.data*)
 .data.SystemCoreClock
                0x24000000        0x4 ./Core/Src/system_stm32h7xx.o
                0x24000000                SystemCoreClock
 .data.SystemD2Clock
                0x24000004        0x4 ./Core/Src/system_stm32h7xx.o
                0x24000004                SystemD2Clock
 .data.uwTickPrio
                0x24000008        0x4 ./Drivers/STM32H7xx_HAL_Driver/Src/stm32h7xx_hal.o
                0x24000008                uwTickPrio
 .data.uwTickFreq
                0x2400000c        0x1 ./Drivers/STM32H7xx_HAL_Driver/Src/stm32h7xx_hal.o
                0x2400000c                uwTickFreq
 *fill*         0x2400000d        0x3 
 .data._impure_ptr
                0x24000010        0x4 /Applications/STM32CubeIDE.app/Contents/Eclipse/plugins/com.st.stm32cube.ide.mcu.externaltools.gnu-tools-for-stm32.12.3.rel1.macos64_1.1.0.202410301201/tools/bin/../lib/gcc/arm-none-eabi/12.3.1/../../../../arm-none-eabi/lib/thumb/v7e-m+dp/hard/libc_nano.a(libc_a-impure.o)
                0x24000010                _impure_ptr
 .data._impure_data
                0x24000014       0x4c /Applications/STM32CubeIDE.app/Contents/Eclipse/plugins/com.st.stm32cube.ide.mcu.externaltools.gnu-tools-for-stm32.12.3.rel1.macos64_1.1.0.202410301201/tools/bin/../lib/gcc/arm-none-eabi/12.3.1/../../../../arm-none-eabi/lib/thumb/v7e-m+dp/hard/libc_nano.a(libc_a-impure.o)
                0x24000014                _impure_data
 *(.RamFunc)
 *(.RamFunc*)
                0x24000060                        . = ALIGN (0x4)
                0x24000060                        _edata = .

.igot.plt       0x24000060        0x0 load address 0x08008358
 .igot.plt      0x24000060        0x0 /Applications/STM32CubeIDE.app/Contents/Eclipse/plugins/com.st.stm32cube.ide.mcu.externaltools.gnu-tools-for-stm32.12.3.rel1.macos64_1.1.0.202410301201/tools/bin/../lib/gcc/arm-none-eabi/12.3.1/thumb/v7e-m+dp/hard/crtbegin.o

.RxDecripSection
                0x24000060       0x60 load address 0x08008358
 .RxDecripSection
                0x24000060       0x60 ./Core/Src/main.o
                0x24000060                DMARxDscrTab

.TxDecripSection
                0x240000c0       0x60 load address 0x080083b8
 .TxDecripSection
                0x240000c0       0x60 ./Core/Src/main.o
                0x240000c0                DMATxDscrTab
                0x24000120                        . = ALIGN (0x4)

.bss            0x24000120      0x828 load address 0x08008418
                0x24000120                        _sbss = .
                0x24000120                        __bss_start__ = _sbss
 *(.bss)
 .bss           0x24000120       0x1c /Applications/STM32CubeIDE.app/Contents/Eclipse/plugins/com.st.stm32cube.ide.mcu.externaltools.gnu-tools-for-stm32.12.3.rel1.macos64_1.1.0.202410301201/tools/bin/../lib/gcc/arm-none-eabi/12.3.1/thumb/v7e-m+dp/hard/crtbegin.o
 *(.bss*)
 .bss.TxConfig  0x2400013c       0x38 ./Core/Src/main.o
                0x2400013c                TxConfig
 .bss.heth      0x24000174       0xb0 ./Core/Src/main.o
                0x24000174                heth
 .bss.hi2c2     0x24000224       0x54 ./Core/Src/main.o
                0x24000224                hi2c2
 .bss.huart3    0x24000278       0x94 ./Core/Src/main.o
                0x24000278                huart3
 .bss.hpcd_USB_OTG_FS
                0x2400030c      0x4e4 ./Core/Src/main.o
                0x2400030c                hpcd_USB_OTG_FS
 .bss.MACAddr.0
                0x240007f0        0x6 ./Core/Src/main.o
 *fill*         0x240007f6        0x2 
 .bss.__sbrk_heap_end
                0x240007f8        0x4 ./Core/Src/sysmem.o
 .bss.uwTick    0x240007fc        0x4 ./Drivers/STM32H7xx_HAL_Driver/Src/stm32h7xx_hal.o
                0x240007fc                uwTick
 .bss.__sf      0x24000800      0x138 /Applications/STM32CubeIDE.app/Contents/Eclipse/plugins/com.st.stm32cube.ide.mcu.externaltools.gnu-tools-for-stm32.12.3.rel1.macos64_1.1.0.202410301201/tools/bin/../lib/gcc/arm-none-eabi/12.3.1/../../../../arm-none-eabi/lib/thumb/v7e-m+dp/hard/libc_nano.a(libc_a-findfp.o)
                0x24000800                __sf
 .bss.__lock___malloc_recursive_mutex
                0x24000938        0x1 /Applications/STM32CubeIDE.app/Contents/Eclipse/plugins/com.st.stm32cube.ide.mcu.externaltools.gnu-tools-for-stm32.12.3.rel1.macos64_1.1.0.202410301201/tools/bin/../lib/gcc/arm-none-eabi/12.3.1/../../../../arm-none-eabi/lib/thumb/v7e-m+dp/hard/libc_nano.a(libc_a-lock.o)
                0x24000938                __lock___malloc_recursive_mutex
 *fill*         0x24000939        0x3 
 .bss.__malloc_sbrk_start
                0x2400093c        0x4 /Applications/STM32CubeIDE.app/Contents/Eclipse/plugins/com.st.stm32cube.ide.mcu.externaltools.gnu-tools-for-stm32.12.3.rel1.macos64_1.1.0.202410301201/tools/bin/../lib/gcc/arm-none-eabi/12.3.1/../../../../arm-none-eabi/lib/thumb/v7e-m+dp/hard/libc_nano.a(libc_a-mallocr.o)
                0x2400093c                __malloc_sbrk_start
 .bss.__malloc_free_list
                0x24000940        0x4 /Applications/STM32CubeIDE.app/Contents/Eclipse/plugins/com.st.stm32cube.ide.mcu.externaltools.gnu-tools-for-stm32.12.3.rel1.macos64_1.1.0.202410301201/tools/bin/../lib/gcc/arm-none-eabi/12.3.1/../../../../arm-none-eabi/lib/thumb/v7e-m+dp/hard/libc_nano.a(libc_a-mallocr.o)
                0x24000940                __malloc_free_list
 .bss.errno     0x24000944        0x4 /Applications/STM32CubeIDE.app/Contents/Eclipse/plugins/com.st.stm32cube.ide.mcu.externaltools.gnu-tools-for-stm32.12.3.rel1.macos64_1.1.0.202410301201/tools/bin/../lib/gcc/arm-none-eabi/12.3.1/../../../../arm-none-eabi/lib/thumb/v7e-m+dp/hard/libc_nano.a(libc_a-reent.o)
                0x24000944                errno
 *(COMMON)
                0x24000948                        . = ALIGN (0x4)
                0x24000948                        _ebss = .
                0x24000948                        __bss_end__ = _ebss

._user_heap_stack
                0x24000948      0x600 load address 0x08008418
                0x24000948                        . = ALIGN (0x8)
                [!provide]                        PROVIDE (end = .)
                0x24000948                        PROVIDE (_end = .)
                0x24000b48                        . = (. + _Min_Heap_Size)
 *fill*         0x24000948      0x200 
                0x24000f48                        . = (. + _Min_Stack_Size)
 *fill*         0x24000b48      0x400 
                0x24000f48                        . = ALIGN (0x8)

/DISCARD/
 libc.a(*)
 libm.a(*)
 libgcc.a(*)

.ARM.attributes
                0x00000000       0x2e
 *(.ARM.attributes)
 .ARM.attributes
                0x00000000       0x20 /Applications/STM32CubeIDE.app/Contents/Eclipse/plugins/com.st.stm32cube.ide.mcu.externaltools.gnu-tools-for-stm32.12.3.rel1.macos64_1.1.0.202410301201/tools/bin/../lib/gcc/arm-none-eabi/12.3.1/thumb/v7e-m+dp/hard/crti.o
 .ARM.attributes
                0x00000020       0x32 /Applications/STM32CubeIDE.app/Contents/Eclipse/plugins/com.st.stm32cube.ide.mcu.externaltools.gnu-tools-for-stm32.12.3.rel1.macos64_1.1.0.202410301201/tools/bin/../lib/gcc/arm-none-eabi/12.3.1/thumb/v7e-m+dp/hard/crtbegin.o
 .ARM.attributes
                0x00000052       0x32 ./Core/Src/main.o
 .ARM.attributes
                0x00000084       0x32 ./Core/Src/stm32h7xx_hal_msp.o
 .ARM.attributes
                0x000000b6       0x32 ./Core/Src/stm32h7xx_it.o
 .ARM.attributes
                0x000000e8       0x32 ./Core/Src/sysmem.o
 .ARM.attributes
                0x0000011a       0x32 ./Core/Src/system_stm32h7xx.o
 .ARM.attributes
                0x0000014c       0x21 ./Core/Startup/startup_stm32h753zitx.o
 .ARM.attributes
                0x0000016d       0x32 ./Drivers/STM32H7xx_HAL_Driver/Src/stm32h7xx_hal.o
 .ARM.attributes
                0x0000019f       0x32 ./Drivers/STM32H7xx_HAL_Driver/Src/stm32h7xx_hal_cortex.o
 .ARM.attributes
                0x000001d1       0x32 ./Drivers/STM32H7xx_HAL_Driver/Src/stm32h7xx_hal_eth.o
 .ARM.attributes
                0x00000203       0x32 ./Drivers/STM32H7xx_HAL_Driver/Src/stm32h7xx_hal_gpio.o
 .ARM.attributes
                0x00000235       0x32 ./Drivers/STM32H7xx_HAL_Driver/Src/stm32h7xx_hal_i2c.o
 .ARM.attributes
                0x00000267       0x32 ./Drivers/STM32H7xx_HAL_Driver/Src/stm32h7xx_hal_i2c_ex.o
 .ARM.attributes
                0x00000299       0x32 ./Drivers/STM32H7xx_HAL_Driver/Src/stm32h7xx_hal_pcd.o
 .ARM.attributes
                0x000002cb       0x32 ./Drivers/STM32H7xx_HAL_Driver/Src/stm32h7xx_hal_pcd_ex.o
 .ARM.attributes
                0x000002fd       0x32 ./Drivers/STM32H7xx_HAL_Driver/Src/stm32h7xx_hal_pwr_ex.o
 .ARM.attributes
                0x0000032f       0x32 ./Drivers/STM32H7xx_HAL_Driver/Src/stm32h7xx_hal_rcc.o
 .ARM.attributes
                0x00000361       0x32 ./Drivers/STM32H7xx_HAL_Driver/Src/stm32h7xx_hal_rcc_ex.o
 .ARM.attributes
                0x00000393       0x32 ./Drivers/STM32H7xx_HAL_Driver/Src/stm32h7xx_hal_uart.o
 .ARM.attributes
                0x000003c5       0x32 ./Drivers/STM32H7xx_HAL_Driver/Src/stm32h7xx_hal_uart_ex.o
 .ARM.attributes
                0x000003f7       0x32 ./Drivers/STM32H7xx_HAL_Driver/Src/stm32h7xx_ll_usb.o
 .ARM.attributes
                0x00000429       0x32 /Applications/STM32CubeIDE.app/Contents/Eclipse/plugins/com.st.stm32cube.ide.mcu.externaltools.gnu-tools-for-stm32.12.3.rel1.macos64_1.1.0.202410301201/tools/bin/../lib/gcc/arm-none-eabi/12.3.1/../../../../arm-none-eabi/lib/thumb/v7e-m+dp/hard/libc_nano.a(libc_a-snprintf.o)
 .ARM.attributes
                0x0000045b       0x32 /Applications/STM32CubeIDE.app/Contents/Eclipse/plugins/com.st.stm32cube.ide.mcu.externaltools.gnu-tools-for-stm32.12.3.rel1.macos64_1.1.0.202410301201/tools/bin/../lib/gcc/arm-none-eabi/12.3.1/../../../../arm-none-eabi/lib/thumb/v7e-m+dp/hard/libc_nano.a(libc_a-findfp.o)
 .ARM.attributes
                0x0000048d       0x32 /Applications/STM32CubeIDE.app/Contents/Eclipse/plugins/com.st.stm32cube.ide.mcu.externaltools.gnu-tools-for-stm32.12.3.rel1.macos64_1.1.0.202410301201/tools/bin/../lib/gcc/arm-none-eabi/12.3.1/../../../../arm-none-eabi/lib/thumb/v7e-m+dp/hard/libc_nano.a(libc_a-strstr.o)
 .ARM.attributes
                0x000004bf       0x32 /Applications/STM32CubeIDE.app/Contents/Eclipse/plugins/com.st.stm32cube.ide.mcu.externaltools.gnu-tools-for-stm32.12.3.rel1.macos64_1.1.0.202410301201/tools/bin/../lib/gcc/arm-none-eabi/12.3.1/../../../../arm-none-eabi/lib/thumb/v7e-m+dp/hard/libc_nano.a(libc_a-memset.o)
 .ARM.attributes
                0x000004f1       0x32 /Applications/STM32CubeIDE.app/Contents/Eclipse/plugins/com.st.stm32cube.ide.mcu.externaltools.gnu-tools-for-stm32.12.3.rel1.macos64_1.1.0.202410301201/tools/bin/../lib/gcc/arm-none-eabi/12.3.1/../../../../arm-none-eabi/lib/thumb/v7e-m+dp/hard/libc_nano.a(libc_a-impure.o)
 .ARM.attributes
                0x00000523       0x32 /Applications/STM32CubeIDE.app/Contents/Eclipse/plugins/com.st.stm32cube.ide.mcu.externaltools.gnu-tools-for-stm32.12.3.rel1.macos64_1.1.0.202410301201/tools/bin/../lib/gcc/arm-none-eabi/12.3.1/../../../../arm-none-eabi/lib/thumb/v7e-m+dp/hard/libc_nano.a(libc_a-errno.o)
 .ARM.attributes
                0x00000555       0x32 /Applications/STM32CubeIDE.app/Contents/Eclipse/plugins/com.st.stm32cube.ide.mcu.externaltools.gnu-tools-for-stm32.12.3.rel1.macos64_1.1.0.202410301201/tools/bin/../lib/gcc/arm-none-eabi/12.3.1/../../../../arm-none-eabi/lib/thumb/v7e-m+dp/hard/libc_nano.a(libc_a-init.o)
 .ARM.attributes
                0x00000587       0x32 /Applications/STM32CubeIDE.app/Contents/Eclipse/plugins/com.st.stm32cube.ide.mcu.externaltools.gnu-tools-for-stm32.12.3.rel1.macos64_1.1.0.202410301201/tools/bin/../lib/gcc/arm-none-eabi/12.3.1/../../../../arm-none-eabi/lib/thumb/v7e-m+dp/hard/libc_nano.a(libc_a-lock.o)
 .ARM.attributes
                0x000005b9       0x17 /Applications/STM32CubeIDE.app/Contents/Eclipse/plugins/com.st.stm32cube.ide.mcu.externaltools.gnu-tools-for-stm32.12.3.rel1.macos64_1.1.0.202410301201/tools/bin/../lib/gcc/arm-none-eabi/12.3.1/../../../../arm-none-eabi/lib/thumb/v7e-m+dp/hard/libc_nano.a(libc_a-strlen.o)
 .ARM.attributes
                0x000005d0       0x1e /Applications/STM32CubeIDE.app/Contents/Eclipse/plugins/com.st.stm32cube.ide.mcu.externaltools.gnu-tools-for-stm32.12.3.rel1.macos64_1.1.0.202410301201/tools/bin/../lib/gcc/arm-none-eabi/12.3.1/../../../../arm-none-eabi/lib/thumb/v7e-m+dp/hard/libc_nano.a(libc_a-strcmp.o)
 .ARM.attributes
                0x000005ee       0x32 /Applications/STM32CubeIDE.app/Contents/Eclipse/plugins/com.st.stm32cube.ide.mcu.externaltools.gnu-tools-for-stm32.12.3.rel1.macos64_1.1.0.202410301201/tools/bin/../lib/gcc/arm-none-eabi/12.3.1/../../../../arm-none-eabi/lib/thumb/v7e-m+dp/hard/libc_nano.a(libc_a-nano-svfprintf.o)
 .ARM.attributes
                0x00000620       0x32 /Applications/STM32CubeIDE.app/Contents/Eclipse/plugins/com.st.stm32cube.ide.mcu.externaltools.gnu-tools-for-stm32.12.3.rel1.macos64_1.1.0.202410301201/tools/bin/../lib/gcc/arm-none-eabi/12.3.1/../../../../arm-none-eabi/lib/thumb/v7e-m+dp/hard/libc_nano.a(libc_a-mallocr.o)
 .ARM.attributes
                0x00000652       0x32 /Applications/STM32CubeIDE.app/Contents/Eclipse/plugins/com.st.stm32cube.ide.mcu.externaltools.gnu-tools-for-stm32.12.3.rel1.macos64_1.1.0.202410301201/tools/bin/../lib/gcc/arm-none-eabi/12.3.1/../../../../arm-none-eabi/lib/thumb/v7e-m+dp/hard/libc_nano.a(libc_a-nano-vfprintf_i.o)
 .ARM.attributes
                0x00000684       0x32 /Applications/STM32CubeIDE.app/Contents/Eclipse/plugins/com.st.stm32cube.ide.mcu.externaltools.gnu-tools-for-stm32.12.3.rel1.macos64_1.1.0.202410301201/tools/bin/../lib/gcc/arm-none-eabi/12.3.1/../../../../arm-none-eabi/lib/thumb/v7e-m+dp/hard/libc_nano.a(libc_a-mlock.o)
 .ARM.attributes
                0x000006b6       0x32 /Applications/STM32CubeIDE.app/Contents/Eclipse/plugins/com.st.stm32cube.ide.mcu.externaltools.gnu-tools-for-stm32.12.3.rel1.macos64_1.1.0.202410301201/tools/bin/../lib/gcc/arm-none-eabi/12.3.1/../../../../arm-none-eabi/lib/thumb/v7e-m+dp/hard/libc_nano.a(libc_a-reallocr.o)
 .ARM.attributes
                0x000006e8       0x32 /Applications/STM32CubeIDE.app/Contents/Eclipse/plugins/com.st.stm32cube.ide.mcu.externaltools.gnu-tools-for-stm32.12.3.rel1.macos64_1.1.0.202410301201/tools/bin/../lib/gcc/arm-none-eabi/12.3.1/../../../../arm-none-eabi/lib/thumb/v7e-m+dp/hard/libc_nano.a(libc_a-memmove.o)
 .ARM.attributes
                0x0000071a       0x32 /Applications/STM32CubeIDE.app/Contents/Eclipse/plugins/com.st.stm32cube.ide.mcu.externaltools.gnu-tools-for-stm32.12.3.rel1.macos64_1.1.0.202410301201/tools/bin/../lib/gcc/arm-none-eabi/12.3.1/../../../../arm-none-eabi/lib/thumb/v7e-m+dp/hard/libc_nano.a(libc_a-reent.o)
 .ARM.attributes
                0x0000074c       0x32 /Applications/STM32CubeIDE.app/Contents/Eclipse/plugins/com.st.stm32cube.ide.mcu.externaltools.gnu-tools-for-stm32.12.3.rel1.macos64_1.1.0.202410301201/tools/bin/../lib/gcc/arm-none-eabi/12.3.1/../../../../arm-none-eabi/lib/thumb/v7e-m+dp/hard/libc_nano.a(libc_a-sbrkr.o)
 .ARM.attributes
                0x0000077e       0x1c /Applications/STM32CubeIDE.app/Contents/Eclipse/plugins/com.st.stm32cube.ide.mcu.externaltools.gnu-tools-for-stm32.12.3.rel1.macos64_1.1.0.202410301201/tools/bin/../lib/gcc/arm-none-eabi/12.3.1/../../../../arm-none-eabi/lib/thumb/v7e-m+dp/hard/libc_nano.a(libc_a-memchr.o)
 .ARM.attributes
                0x0000079a       0x32 /Applications/STM32CubeIDE.app/Contents/Eclipse/plugins/com.st.stm32cube.ide.mcu.externaltools.gnu-tools-for-stm32.12.3.rel1.macos64_1.1.0.202410301201/tools/bin/../lib/gcc/arm-none-eabi/12.3.1/../../../../arm-none-eabi/lib/thumb/v7e-m+dp/hard/libc_nano.a(libc_a-memcpy-stub.o)
 .ARM.attributes
                0x000007cc       0x32 /Applications/STM32CubeIDE.app/Contents/Eclipse/plugins/com.st.stm32cube.ide.mcu.externaltools.gnu-tools-for-stm32.12.3.rel1.macos64_1.1.0.202410301201/tools/bin/../lib/gcc/arm-none-eabi/12.3.1/../../../../arm-none-eabi/lib/thumb/v7e-m+dp/hard/libc_nano.a(libc_a-freer.o)
 .ARM.attributes
                0x000007fe       0x32 /Applications/STM32CubeIDE.app/Contents/Eclipse/plugins/com.st.stm32cube.ide.mcu.externaltools.gnu-tools-for-stm32.12.3.rel1.macos64_1.1.0.202410301201/tools/bin/../lib/gcc/arm-none-eabi/12.3.1/../../../../arm-none-eabi/lib/thumb/v7e-m+dp/hard/libc_nano.a(libc_a-msizer.o)
 .ARM.attributes
                0x00000830       0x20 /Applications/STM32CubeIDE.app/Contents/Eclipse/plugins/com.st.stm32cube.ide.mcu.externaltools.gnu-tools-for-stm32.12.3.rel1.macos64_1.1.0.202410301201/tools/bin/../lib/gcc/arm-none-eabi/12.3.1/thumb/v7e-m+dp/hard/libgcc.a(_aeabi_uldivmod.o)
 .ARM.attributes
                0x00000850       0x32 /Applications/STM32CubeIDE.app/Contents/Eclipse/plugins/com.st.stm32cube.ide.mcu.externaltools.gnu-tools-for-stm32.12.3.rel1.macos64_1.1.0.202410301201/tools/bin/../lib/gcc/arm-none-eabi/12.3.1/thumb/v7e-m+dp/hard/libgcc.a(_udivmoddi4.o)
 .ARM.attributes
                0x00000882       0x20 /Applications/STM32CubeIDE.app/Contents/Eclipse/plugins/com.st.stm32cube.ide.mcu.externaltools.gnu-tools-for-stm32.12.3.rel1.macos64_1.1.0.202410301201/tools/bin/../lib/gcc/arm-none-eabi/12.3.1/thumb/v7e-m+dp/hard/libgcc.a(_dvmd_tls.o)
 .ARM.attributes
                0x000008a2       0x20 /Applications/STM32CubeIDE.app/Contents/Eclipse/plugins/com.st.stm32cube.ide.mcu.externaltools.gnu-tools-for-stm32.12.3.rel1.macos64_1.1.0.202410301201/tools/bin/../lib/gcc/arm-none-eabi/12.3.1/thumb/v7e-m+dp/hard/crtn.o
OUTPUT(GPS_Individual.elf elf32-littlearm)
LOAD linker stubs
LOAD /Applications/STM32CubeIDE.app/Contents/Eclipse/plugins/com.st.stm32cube.ide.mcu.externaltools.gnu-tools-for-stm32.12.3.rel1.macos64_1.1.0.202410301201/tools/bin/../lib/gcc/arm-none-eabi/12.3.1/../../../../arm-none-eabi/lib/thumb/v7e-m+dp/hard/libc.a
LOAD /Applications/STM32CubeIDE.app/Contents/Eclipse/plugins/com.st.stm32cube.ide.mcu.externaltools.gnu-tools-for-stm32.12.3.rel1.macos64_1.1.0.202410301201/tools/bin/../lib/gcc/arm-none-eabi/12.3.1/../../../../arm-none-eabi/lib/thumb/v7e-m+dp/hard/libm.a
LOAD /Applications/STM32CubeIDE.app/Contents/Eclipse/plugins/com.st.stm32cube.ide.mcu.externaltools.gnu-tools-for-stm32.12.3.rel1.macos64_1.1.0.202410301201/tools/bin/../lib/gcc/arm-none-eabi/12.3.1/thumb/v7e-m+dp/hard/libgcc.a

.debug_info     0x00000000    0x1b6c4
 .debug_info    0x00000000     0x2e7d ./Core/Src/main.o
 .debug_info    0x00002e7d     0x2888 ./Core/Src/stm32h7xx_hal_msp.o
 .debug_info    0x00005705      0x128 ./Core/Src/stm32h7xx_it.o
 .debug_info    0x0000582d      0x168 ./Core/Src/sysmem.o
 .debug_info    0x00005995      0xcef ./Core/Src/system_stm32h7xx.o
 .debug_info    0x00006684       0x30 ./Core/Startup/startup_stm32h753zitx.o
 .debug_info    0x000066b4     0x1541 ./Drivers/STM32H7xx_HAL_Driver/Src/stm32h7xx_hal.o
 .debug_info    0x00007bf5     0x10b2 ./Drivers/STM32H7xx_HAL_Driver/Src/stm32h7xx_hal_cortex.o
 .debug_info    0x00008ca7     0x2a30 ./Drivers/STM32H7xx_HAL_Driver/Src/stm32h7xx_hal_eth.o
 .debug_info    0x0000b6d7      0xc4b ./Drivers/STM32H7xx_HAL_Driver/Src/stm32h7xx_hal_gpio.o
 .debug_info    0x0000c322     0x22a1 ./Drivers/STM32H7xx_HAL_Driver/Src/stm32h7xx_hal_i2c.o
 .debug_info    0x0000e5c3      0xd84 ./Drivers/STM32H7xx_HAL_Driver/Src/stm32h7xx_hal_i2c_ex.o
 .debug_info    0x0000f347     0x1561 ./Drivers/STM32H7xx_HAL_Driver/Src/stm32h7xx_hal_pcd.o
 .debug_info    0x000108a8      0x8b3 ./Drivers/STM32H7xx_HAL_Driver/Src/stm32h7xx_hal_pcd_ex.o
 .debug_info    0x0001115b     0x1008 ./Drivers/STM32H7xx_HAL_Driver/Src/stm32h7xx_hal_pwr_ex.o
 .debug_info    0x00012163      0xe5b ./Drivers/STM32H7xx_HAL_Driver/Src/stm32h7xx_hal_rcc.o
 .debug_info    0x00012fbe     0x1216 ./Drivers/STM32H7xx_HAL_Driver/Src/stm32h7xx_hal_rcc_ex.o
 .debug_info    0x000141d4     0x4b13 ./Drivers/STM32H7xx_HAL_Driver/Src/stm32h7xx_hal_uart.o
 .debug_info    0x00018ce7      0xfbf ./Drivers/STM32H7xx_HAL_Driver/Src/stm32h7xx_hal_uart_ex.o
 .debug_info    0x00019ca6     0x1a1e ./Drivers/STM32H7xx_HAL_Driver/Src/stm32h7xx_ll_usb.o

.debug_abbrev   0x00000000     0x2ddb
 .debug_abbrev  0x00000000      0x371 ./Core/Src/main.o
 .debug_abbrev  0x00000371      0x29a ./Core/Src/stm32h7xx_hal_msp.o
 .debug_abbrev  0x0000060b       0x73 ./Core/Src/stm32h7xx_it.o
 .debug_abbrev  0x0000067e       0xbc ./Core/Src/sysmem.o
 .debug_abbrev  0x0000073a      0x14c ./Core/Src/system_stm32h7xx.o
 .debug_abbrev  0x00000886       0x24 ./Core/Startup/startup_stm32h753zitx.o
 .debug_abbrev  0x000008aa      0x295 ./Drivers/STM32H7xx_HAL_Driver/Src/stm32h7xx_hal.o
 .debug_abbrev  0x00000b3f      0x339 ./Drivers/STM32H7xx_HAL_Driver/Src/stm32h7xx_hal_cortex.o
 .debug_abbrev  0x00000e78      0x347 ./Drivers/STM32H7xx_HAL_Driver/Src/stm32h7xx_hal_eth.o
 .debug_abbrev  0x000011bf      0x1fe ./Drivers/STM32H7xx_HAL_Driver/Src/stm32h7xx_hal_gpio.o
 .debug_abbrev  0x000013bd      0x25d ./Drivers/STM32H7xx_HAL_Driver/Src/stm32h7xx_hal_i2c.o
 .debug_abbrev  0x0000161a      0x1f5 ./Drivers/STM32H7xx_HAL_Driver/Src/stm32h7xx_hal_i2c_ex.o
 .debug_abbrev  0x0000180f      0x2dc ./Drivers/STM32H7xx_HAL_Driver/Src/stm32h7xx_hal_pcd.o
 .debug_abbrev  0x00001aeb      0x256 ./Drivers/STM32H7xx_HAL_Driver/Src/stm32h7xx_hal_pcd_ex.o
 .debug_abbrev  0x00001d41      0x2a7 ./Drivers/STM32H7xx_HAL_Driver/Src/stm32h7xx_hal_pwr_ex.o
 .debug_abbrev  0x00001fe8      0x2c8 ./Drivers/STM32H7xx_HAL_Driver/Src/stm32h7xx_hal_rcc.o
 .debug_abbrev  0x000022b0      0x269 ./Drivers/STM32H7xx_HAL_Driver/Src/stm32h7xx_hal_rcc_ex.o
 .debug_abbrev  0x00002519      0x33d ./Drivers/STM32H7xx_HAL_Driver/Src/stm32h7xx_hal_uart.o
 .debug_abbrev  0x00002856      0x2d2 ./Drivers/STM32H7xx_HAL_Driver/Src/stm32h7xx_hal_uart_ex.o
 .debug_abbrev  0x00002b28      0x2b3 ./Drivers/STM32H7xx_HAL_Driver/Src/stm32h7xx_ll_usb.o

.debug_aranges  0x00000000     0x1288
 .debug_aranges
                0x00000000       0x70 ./Core/Src/main.o
 .debug_aranges
                0x00000070       0x60 ./Core/Src/stm32h7xx_hal_msp.o
 .debug_aranges
                0x000000d0       0x60 ./Core/Src/stm32h7xx_it.o
 .debug_aranges
                0x00000130       0x20 ./Core/Src/sysmem.o
 .debug_aranges
                0x00000150       0x28 ./Core/Src/system_stm32h7xx.o
 .debug_aranges
                0x00000178       0x28 ./Core/Startup/startup_stm32h753zitx.o
 .debug_aranges
                0x000001a0      0x198 ./Drivers/STM32H7xx_HAL_Driver/Src/stm32h7xx_hal.o
 .debug_aranges
                0x00000338      0x130 ./Drivers/STM32H7xx_HAL_Driver/Src/stm32h7xx_hal_cortex.o
 .debug_aranges
                0x00000468      0x1d8 ./Drivers/STM32H7xx_HAL_Driver/Src/stm32h7xx_hal_eth.o
 .debug_aranges
                0x00000640       0x58 ./Drivers/STM32H7xx_HAL_Driver/Src/stm32h7xx_hal_gpio.o
 .debug_aranges
                0x00000698      0x2a0 ./Drivers/STM32H7xx_HAL_Driver/Src/stm32h7xx_hal_i2c.o
 .debug_aranges
                0x00000938       0x48 ./Drivers/STM32H7xx_HAL_Driver/Src/stm32h7xx_hal_i2c_ex.o
 .debug_aranges
                0x00000980      0x140 ./Drivers/STM32H7xx_HAL_Driver/Src/stm32h7xx_hal_pcd.o
 .debug_aranges
                0x00000ac0       0x60 ./Drivers/STM32H7xx_HAL_Driver/Src/stm32h7xx_hal_pcd_ex.o
 .debug_aranges
                0x00000b20      0x158 ./Drivers/STM32H7xx_HAL_Driver/Src/stm32h7xx_hal_pwr_ex.o
 .debug_aranges
                0x00000c78       0x88 ./Drivers/STM32H7xx_HAL_Driver/Src/stm32h7xx_hal_rcc.o
 .debug_aranges
                0x00000d00       0xf8 ./Drivers/STM32H7xx_HAL_Driver/Src/stm32h7xx_hal_rcc_ex.o
 .debug_aranges
                0x00000df8      0x248 ./Drivers/STM32H7xx_HAL_Driver/Src/stm32h7xx_hal_uart.o
 .debug_aranges
                0x00001040       0xa8 ./Drivers/STM32H7xx_HAL_Driver/Src/stm32h7xx_hal_uart_ex.o
 .debug_aranges
                0x000010e8      0x1a0 ./Drivers/STM32H7xx_HAL_Driver/Src/stm32h7xx_ll_usb.o

.debug_rnglists
                0x00000000      0xe7e
 .debug_rnglists
                0x00000000       0x63 ./Core/Src/main.o
 .debug_rnglists
                0x00000063       0x48 ./Core/Src/stm32h7xx_hal_msp.o
 .debug_rnglists
                0x000000ab       0x43 ./Core/Src/stm32h7xx_it.o
 .debug_rnglists
                0x000000ee       0x13 ./Core/Src/sysmem.o
 .debug_rnglists
                0x00000101       0x1b ./Core/Src/system_stm32h7xx.o
 .debug_rnglists
                0x0000011c       0x19 ./Core/Startup/startup_stm32h753zitx.o
 .debug_rnglists
                0x00000135      0x131 ./Drivers/STM32H7xx_HAL_Driver/Src/stm32h7xx_hal.o
 .debug_rnglists
                0x00000266       0xe0 ./Drivers/STM32H7xx_HAL_Driver/Src/stm32h7xx_hal_cortex.o
 .debug_rnglists
                0x00000346      0x176 ./Drivers/STM32H7xx_HAL_Driver/Src/stm32h7xx_hal_eth.o
 .debug_rnglists
                0x000004bc       0x3f ./Drivers/STM32H7xx_HAL_Driver/Src/stm32h7xx_hal_gpio.o
 .debug_rnglists
                0x000004fb      0x22a ./Drivers/STM32H7xx_HAL_Driver/Src/stm32h7xx_hal_i2c.o
 .debug_rnglists
                0x00000725       0x35 ./Drivers/STM32H7xx_HAL_Driver/Src/stm32h7xx_hal_i2c_ex.o
 .debug_rnglists
                0x0000075a       0xf4 ./Drivers/STM32H7xx_HAL_Driver/Src/stm32h7xx_hal_pcd.o
 .debug_rnglists
                0x0000084e       0x45 ./Drivers/STM32H7xx_HAL_Driver/Src/stm32h7xx_hal_pcd_ex.o
 .debug_rnglists
                0x00000893      0x103 ./Drivers/STM32H7xx_HAL_Driver/Src/stm32h7xx_hal_pwr_ex.o
 .debug_rnglists
                0x00000996       0x68 ./Drivers/STM32H7xx_HAL_Driver/Src/stm32h7xx_hal_rcc.o
 .debug_rnglists
                0x000009fe       0xc0 ./Drivers/STM32H7xx_HAL_Driver/Src/stm32h7xx_hal_rcc_ex.o
 .debug_rnglists
                0x00000abe      0x1fa ./Drivers/STM32H7xx_HAL_Driver/Src/stm32h7xx_hal_uart.o
 .debug_rnglists
                0x00000cb8       0x7f ./Drivers/STM32H7xx_HAL_Driver/Src/stm32h7xx_hal_uart_ex.o
 .debug_rnglists
                0x00000d37      0x147 ./Drivers/STM32H7xx_HAL_Driver/Src/stm32h7xx_ll_usb.o

.debug_macro    0x00000000    0x382e3
 .debug_macro   0x00000000      0x324 ./Core/Src/main.o
 .debug_macro   0x00000324      0xacc ./Core/Src/main.o
 .debug_macro   0x00000df0      0x23e ./Core/Src/main.o
 .debug_macro   0x0000102e       0x2e ./Core/Src/main.o
 .debug_macro   0x0000105c       0x3b ./Core/Src/main.o
 .debug_macro   0x00001097       0x22 ./Core/Src/main.o
 .debug_macro   0x000010b9       0x8e ./Core/Src/main.o
 .debug_macro   0x00001147       0x51 ./Core/Src/main.o
 .debug_macro   0x00001198      0x103 ./Core/Src/main.o
 .debug_macro   0x0000129b       0x6a ./Core/Src/main.o
 .debug_macro   0x00001305      0x1df ./Core/Src/main.o
 .debug_macro   0x000014e4       0x1c ./Core/Src/main.o
 .debug_macro   0x00001500       0x22 ./Core/Src/main.o
 .debug_macro   0x00001522       0xfb ./Core/Src/main.o
 .debug_macro   0x0000161d     0x1305 ./Core/Src/main.o
 .debug_macro   0x00002922      0x11f ./Core/Src/main.o
 .debug_macro   0x00002a41       0x27 ./Core/Src/main.o
 .debug_macro   0x00002a68    0x25f24 ./Core/Src/main.o
 .debug_macro   0x0002898c       0x6d ./Core/Src/main.o
 .debug_macro   0x000289f9     0x3d79 ./Core/Src/main.o
 .debug_macro   0x0002c772      0x189 ./Core/Src/main.o
 .debug_macro   0x0002c8fb       0x61 ./Core/Src/main.o
 .debug_macro   0x0002c95c       0x29 ./Core/Src/main.o
 .debug_macro   0x0002c985       0x43 ./Core/Src/main.o
 .debug_macro   0x0002c9c8       0x34 ./Core/Src/main.o
 .debug_macro   0x0002c9fc       0x16 ./Core/Src/main.o
 .debug_macro   0x0002ca12       0x43 ./Core/Src/main.o
 .debug_macro   0x0002ca55       0x34 ./Core/Src/main.o
 .debug_macro   0x0002ca89       0x10 ./Core/Src/main.o
 .debug_macro   0x0002ca99       0x58 ./Core/Src/main.o
 .debug_macro   0x0002caf1       0x8e ./Core/Src/main.o
 .debug_macro   0x0002cb7f       0x1c ./Core/Src/main.o
 .debug_macro   0x0002cb9b      0x177 ./Core/Src/main.o
 .debug_macro   0x0002cd12      0x369 ./Core/Src/main.o
 .debug_macro   0x0002d07b      0x19b ./Core/Src/main.o
 .debug_macro   0x0002d216       0x5d ./Core/Src/main.o
 .debug_macro   0x0002d273     0x240e ./Core/Src/main.o
 .debug_macro   0x0002f681     0x102c ./Core/Src/main.o
 .debug_macro   0x000306ad      0x154 ./Core/Src/main.o
 .debug_macro   0x00030801      0x114 ./Core/Src/main.o
 .debug_macro   0x00030915      0x3b6 ./Core/Src/main.o
 .debug_macro   0x00030ccb       0xac ./Core/Src/main.o
 .debug_macro   0x00030d77      0x72d ./Core/Src/main.o
 .debug_macro   0x000314a4      0x228 ./Core/Src/main.o
 .debug_macro   0x000316cc       0x66 ./Core/Src/main.o
 .debug_macro   0x00031732      0x3bb ./Core/Src/main.o
 .debug_macro   0x00031aed      0xa80 ./Core/Src/main.o
 .debug_macro   0x0003256d      0x129 ./Core/Src/main.o
 .debug_macro   0x00032696      0x3e4 ./Core/Src/main.o
 .debug_macro   0x00032a7a      0x275 ./Core/Src/main.o
 .debug_macro   0x00032cef      0x3ca ./Core/Src/main.o
 .debug_macro   0x000330b9      0x408 ./Core/Src/main.o
 .debug_macro   0x000334c1       0x51 ./Core/Src/main.o
 .debug_macro   0x00033512       0x4a ./Core/Src/main.o
 .debug_macro   0x0003355c      0x22c ./Core/Src/main.o
 .debug_macro   0x00033788       0x67 ./Core/Src/main.o
 .debug_macro   0x000337ef       0xa5 ./Core/Src/main.o
 .debug_macro   0x00033894      0x1c4 ./Core/Src/main.o
 .debug_macro   0x00033a58      0x25e ./Core/Src/main.o
 .debug_macro   0x00033cb6       0x35 ./Core/Src/main.o
 .debug_macro   0x00033ceb      0x693 ./Core/Src/main.o
 .debug_macro   0x0003437e       0xa6 ./Core/Src/main.o
 .debug_macro   0x00034424      0x293 ./Core/Src/main.o
 .debug_macro   0x000346b7       0x90 ./Core/Src/main.o
 .debug_macro   0x00034747      0x5a0 ./Core/Src/main.o
 .debug_macro   0x00034ce7       0x64 ./Core/Src/main.o
 .debug_macro   0x00034d4b       0x16 ./Core/Src/main.o
 .debug_macro   0x00034d61       0x35 ./Core/Src/main.o
 .debug_macro   0x00034d96       0x20 ./Core/Src/main.o
 .debug_macro   0x00034db6      0x2da ./Core/Src/stm32h7xx_hal_msp.o
 .debug_macro   0x00035090      0x2e4 ./Core/Src/stm32h7xx_it.o
 .debug_macro   0x00035374       0xff ./Core/Src/sysmem.o
 .debug_macro   0x00035473      0x23c ./Core/Src/sysmem.o
 .debug_macro   0x000356af      0x2cb ./Core/Src/system_stm32h7xx.o
 .debug_macro   0x0003597a      0x2f5 ./Drivers/STM32H7xx_HAL_Driver/Src/stm32h7xx_hal.o
 .debug_macro   0x00035c6f      0x2cb ./Drivers/STM32H7xx_HAL_Driver/Src/stm32h7xx_hal_cortex.o
 .debug_macro   0x00035f3a      0x35f ./Drivers/STM32H7xx_HAL_Driver/Src/stm32h7xx_hal_eth.o
 .debug_macro   0x00036299      0x2d2 ./Drivers/STM32H7xx_HAL_Driver/Src/stm32h7xx_hal_gpio.o
 .debug_macro   0x0003656b      0x397 ./Drivers/STM32H7xx_HAL_Driver/Src/stm32h7xx_hal_i2c.o
 .debug_macro   0x00036902      0x2cb ./Drivers/STM32H7xx_HAL_Driver/Src/stm32h7xx_hal_i2c_ex.o
 .debug_macro   0x00036bcd      0x2d7 ./Drivers/STM32H7xx_HAL_Driver/Src/stm32h7xx_hal_pcd.o
 .debug_macro   0x00036ea4      0x2cb ./Drivers/STM32H7xx_HAL_Driver/Src/stm32h7xx_hal_pcd_ex.o
 .debug_macro   0x0003716f      0x304 ./Drivers/STM32H7xx_HAL_Driver/Src/stm32h7xx_hal_pwr_ex.o
 .debug_macro   0x00037473      0x2ef ./Drivers/STM32H7xx_HAL_Driver/Src/stm32h7xx_hal_rcc.o
 .debug_macro   0x00037762      0x2e9 ./Drivers/STM32H7xx_HAL_Driver/Src/stm32h7xx_hal_rcc_ex.o
 .debug_macro   0x00037a4b      0x2f6 ./Drivers/STM32H7xx_HAL_Driver/Src/stm32h7xx_hal_uart.o
 .debug_macro   0x00037d41      0x2d7 ./Drivers/STM32H7xx_HAL_Driver/Src/stm32h7xx_hal_uart_ex.o
 .debug_macro   0x00038018      0x2cb ./Drivers/STM32H7xx_HAL_Driver/Src/stm32h7xx_ll_usb.o

.debug_line     0x00000000    0x18fc3
 .debug_line    0x00000000      0xc22 ./Core/Src/main.o
 .debug_line    0x00000c22      0xa6f ./Core/Src/stm32h7xx_hal_msp.o
 .debug_line    0x00001691      0x97d ./Core/Src/stm32h7xx_it.o
 .debug_line    0x0000200e      0x512 ./Core/Src/sysmem.o
 .debug_line    0x00002520      0xa76 ./Core/Src/system_stm32h7xx.o
 .debug_line    0x00002f96       0x7a ./Core/Startup/startup_stm32h753zitx.o
 .debug_line    0x00003010      0xe6b ./Drivers/STM32H7xx_HAL_Driver/Src/stm32h7xx_hal.o
 .debug_line    0x00003e7b      0xe9a ./Drivers/STM32H7xx_HAL_Driver/Src/stm32h7xx_hal_cortex.o
 .debug_line    0x00004d15     0x1c04 ./Drivers/STM32H7xx_HAL_Driver/Src/stm32h7xx_hal_eth.o
 .debug_line    0x00006919      0xd43 ./Drivers/STM32H7xx_HAL_Driver/Src/stm32h7xx_hal_gpio.o
 .debug_line    0x0000765c     0x3ed7 ./Drivers/STM32H7xx_HAL_Driver/Src/stm32h7xx_hal_i2c.o
 .debug_line    0x0000b533      0xad8 ./Drivers/STM32H7xx_HAL_Driver/Src/stm32h7xx_hal_i2c_ex.o
 .debug_line    0x0000c00b     0x1686 ./Drivers/STM32H7xx_HAL_Driver/Src/stm32h7xx_hal_pcd.o
 .debug_line    0x0000d691      0xac8 ./Drivers/STM32H7xx_HAL_Driver/Src/stm32h7xx_hal_pcd_ex.o
 .debug_line    0x0000e159      0xf8e ./Drivers/STM32H7xx_HAL_Driver/Src/stm32h7xx_hal_pwr_ex.o
 .debug_line    0x0000f0e7     0x143b ./Drivers/STM32H7xx_HAL_Driver/Src/stm32h7xx_hal_rcc.o
 .debug_line    0x00010522     0x1d53 ./Drivers/STM32H7xx_HAL_Driver/Src/stm32h7xx_hal_rcc_ex.o
 .debug_line    0x00012275     0x3ef9 ./Drivers/STM32H7xx_HAL_Driver/Src/stm32h7xx_hal_uart.o
 .debug_line    0x0001616e      0xf09 ./Drivers/STM32H7xx_HAL_Driver/Src/stm32h7xx_hal_uart_ex.o
 .debug_line    0x00017077     0x1f4c ./Drivers/STM32H7xx_HAL_Driver/Src/stm32h7xx_ll_usb.o

.debug_str      0x00000000   0x161b42
 .debug_str     0x00000000   0x15b200 ./Core/Src/main.o
                             0x15b803 (size before relaxing)
 .debug_str     0x0015b200      0x419 ./Core/Src/stm32h7xx_hal_msp.o
                             0x15b593 (size before relaxing)
 .debug_str     0x0015b619       0xc9 ./Core/Src/stm32h7xx_it.o
                             0x159a52 (size before relaxing)
 .debug_str     0x0015b6e2      0x4dc ./Core/Src/sysmem.o
                               0x6122 (size before relaxing)
 .debug_str     0x0015bbbe      0x330 ./Core/Src/system_stm32h7xx.o
                             0x159da1 (size before relaxing)
 .debug_str     0x0015beee       0x44 ./Core/Startup/startup_stm32h753zitx.o
                                 0x8c (size before relaxing)
 .debug_str     0x0015bf32      0xfca ./Drivers/STM32H7xx_HAL_Driver/Src/stm32h7xx_hal.o
                             0x15acc6 (size before relaxing)
 .debug_str     0x0015cefc      0x38b ./Drivers/STM32H7xx_HAL_Driver/Src/stm32h7xx_hal_cortex.o
                             0x15a701 (size before relaxing)
 .debug_str     0x0015d287     0x1036 ./Drivers/STM32H7xx_HAL_Driver/Src/stm32h7xx_hal_eth.o
                             0x15b626 (size before relaxing)
 .debug_str     0x0015e2bd       0xec ./Drivers/STM32H7xx_HAL_Driver/Src/stm32h7xx_hal_gpio.o
                             0x159d58 (size before relaxing)
 .debug_str     0x0015e3a9      0xe15 ./Drivers/STM32H7xx_HAL_Driver/Src/stm32h7xx_hal_i2c.o
                             0x15adf0 (size before relaxing)
 .debug_str     0x0015f1be       0xb8 ./Drivers/STM32H7xx_HAL_Driver/Src/stm32h7xx_hal_i2c_ex.o
                             0x15a19d (size before relaxing)
 .debug_str     0x0015f276      0x805 ./Drivers/STM32H7xx_HAL_Driver/Src/stm32h7xx_hal_pcd.o
                             0x15a50c (size before relaxing)
 .debug_str     0x0015fa7b      0x174 ./Drivers/STM32H7xx_HAL_Driver/Src/stm32h7xx_hal_pcd_ex.o
                             0x159eaa (size before relaxing)
 .debug_str     0x0015fbef      0x618 ./Drivers/STM32H7xx_HAL_Driver/Src/stm32h7xx_hal_pwr_ex.o
                             0x15a219 (size before relaxing)
 .debug_str     0x00160207      0x21a ./Drivers/STM32H7xx_HAL_Driver/Src/stm32h7xx_hal_rcc.o
                             0x15a13c (size before relaxing)
 .debug_str     0x00160421      0x639 ./Drivers/STM32H7xx_HAL_Driver/Src/stm32h7xx_hal_rcc_ex.o
                             0x15a61d (size before relaxing)
 .debug_str     0x00160a5a      0x9dc ./Drivers/STM32H7xx_HAL_Driver/Src/stm32h7xx_hal_uart.o
                             0x15ac7d (size before relaxing)
 .debug_str     0x00161436      0x261 ./Drivers/STM32H7xx_HAL_Driver/Src/stm32h7xx_hal_uart_ex.o
                             0x15a23d (size before relaxing)
 .debug_str     0x00161697      0x4ab ./Drivers/STM32H7xx_HAL_Driver/Src/stm32h7xx_ll_usb.o
                             0x15a406 (size before relaxing)

.comment        0x00000000       0x43
 .comment       0x00000000       0x43 ./Core/Src/main.o
                                 0x44 (size before relaxing)
 .comment       0x00000043       0x44 ./Core/Src/stm32h7xx_hal_msp.o
 .comment       0x00000043       0x44 ./Core/Src/stm32h7xx_it.o
 .comment       0x00000043       0x44 ./Core/Src/sysmem.o
 .comment       0x00000043       0x44 ./Core/Src/system_stm32h7xx.o
 .comment       0x00000043       0x44 ./Drivers/STM32H7xx_HAL_Driver/Src/stm32h7xx_hal.o
 .comment       0x00000043       0x44 ./Drivers/STM32H7xx_HAL_Driver/Src/stm32h7xx_hal_cortex.o
 .comment       0x00000043       0x44 ./Drivers/STM32H7xx_HAL_Driver/Src/stm32h7xx_hal_eth.o
 .comment       0x00000043       0x44 ./Drivers/STM32H7xx_HAL_Driver/Src/stm32h7xx_hal_gpio.o
 .comment       0x00000043       0x44 ./Drivers/STM32H7xx_HAL_Driver/Src/stm32h7xx_hal_i2c.o
 .comment       0x00000043       0x44 ./Drivers/STM32H7xx_HAL_Driver/Src/stm32h7xx_hal_i2c_ex.o
 .comment       0x00000043       0x44 ./Drivers/STM32H7xx_HAL_Driver/Src/stm32h7xx_hal_pcd.o
 .comment       0x00000043       0x44 ./Drivers/STM32H7xx_HAL_Driver/Src/stm32h7xx_hal_pcd_ex.o
 .comment       0x00000043       0x44 ./Drivers/STM32H7xx_HAL_Driver/Src/stm32h7xx_hal_pwr_ex.o
 .comment       0x00000043       0x44 ./Drivers/STM32H7xx_HAL_Driver/Src/stm32h7xx_hal_rcc.o
 .comment       0x00000043       0x44 ./Drivers/STM32H7xx_HAL_Driver/Src/stm32h7xx_hal_rcc_ex.o
 .comment       0x00000043       0x44 ./Drivers/STM32H7xx_HAL_Driver/Src/stm32h7xx_hal_uart.o
 .comment       0x00000043       0x44 ./Drivers/STM32H7xx_HAL_Driver/Src/stm32h7xx_hal_uart_ex.o
 .comment       0x00000043       0x44 ./Drivers/STM32H7xx_HAL_Driver/Src/stm32h7xx_ll_usb.o

.debug_frame    0x00000000     0x5508
 .debug_frame   0x00000000      0x178 ./Core/Src/main.o
 .debug_frame   0x00000178      0x164 ./Core/Src/stm32h7xx_hal_msp.o
 .debug_frame   0x000002dc      0x104 ./Core/Src/stm32h7xx_it.o
 .debug_frame   0x000003e0       0x34 ./Core/Src/sysmem.o
 .debug_frame   0x00000414       0x58 ./Core/Src/system_stm32h7xx.o
 .debug_frame   0x0000046c      0x690 ./Drivers/STM32H7xx_HAL_Driver/Src/stm32h7xx_hal.o
 .debug_frame   0x00000afc      0x508 ./Drivers/STM32H7xx_HAL_Driver/Src/stm32h7xx_hal_cortex.o
 .debug_frame   0x00001004      0x894 ./Drivers/STM32H7xx_HAL_Driver/Src/stm32h7xx_hal_eth.o
 .debug_frame   0x00001898      0x14c ./Drivers/STM32H7xx_HAL_Driver/Src/stm32h7xx_hal_gpio.o
 .debug_frame   0x000019e4      0xc40 ./Drivers/STM32H7xx_HAL_Driver/Src/stm32h7xx_hal_i2c.o
 .debug_frame   0x00002624      0x100 ./Drivers/STM32H7xx_HAL_Driver/Src/stm32h7xx_hal_i2c_ex.o
 .debug_frame   0x00002724      0x590 ./Drivers/STM32H7xx_HAL_Driver/Src/stm32h7xx_hal_pcd.o
 .debug_frame   0x00002cb4      0x174 ./Drivers/STM32H7xx_HAL_Driver/Src/stm32h7xx_hal_pcd_ex.o
 .debug_frame   0x00002e28      0x580 ./Drivers/STM32H7xx_HAL_Driver/Src/stm32h7xx_hal_pwr_ex.o
 .debug_frame   0x000033a8      0x1f8 ./Drivers/STM32H7xx_HAL_Driver/Src/stm32h7xx_hal_rcc.o
 .debug_frame   0x000035a0      0x414 ./Drivers/STM32H7xx_HAL_Driver/Src/stm32h7xx_hal_rcc_ex.o
 .debug_frame   0x000039b4      0xa94 ./Drivers/STM32H7xx_HAL_Driver/Src/stm32h7xx_hal_uart.o
 .debug_frame   0x00004448      0x2c0 ./Drivers/STM32H7xx_HAL_Driver/Src/stm32h7xx_hal_uart_ex.o
 .debug_frame   0x00004708      0x7c0 ./Drivers/STM32H7xx_HAL_Driver/Src/stm32h7xx_ll_usb.o
 .debug_frame   0x00004ec8       0x7c /Applications/STM32CubeIDE.app/Contents/Eclipse/plugins/com.st.stm32cube.ide.mcu.externaltools.gnu-tools-for-stm32.12.3.rel1.macos64_1.1.0.202410301201/tools/bin/../lib/gcc/arm-none-eabi/12.3.1/../../../../arm-none-eabi/lib/thumb/v7e-m+dp/hard/libc_nano.a(libc_a-snprintf.o)
 .debug_frame   0x00004f44      0x144 /Applications/STM32CubeIDE.app/Contents/Eclipse/plugins/com.st.stm32cube.ide.mcu.externaltools.gnu-tools-for-stm32.12.3.rel1.macos64_1.1.0.202410301201/tools/bin/../lib/gcc/arm-none-eabi/12.3.1/../../../../arm-none-eabi/lib/thumb/v7e-m+dp/hard/libc_nano.a(libc_a-findfp.o)
 .debug_frame   0x00005088       0x2c /Applications/STM32CubeIDE.app/Contents/Eclipse/plugins/com.st.stm32cube.ide.mcu.externaltools.gnu-tools-for-stm32.12.3.rel1.macos64_1.1.0.202410301201/tools/bin/../lib/gcc/arm-none-eabi/12.3.1/../../../../arm-none-eabi/lib/thumb/v7e-m+dp/hard/libc_nano.a(libc_a-strstr.o)
 .debug_frame   0x000050b4       0x20 /Applications/STM32CubeIDE.app/Contents/Eclipse/plugins/com.st.stm32cube.ide.mcu.externaltools.gnu-tools-for-stm32.12.3.rel1.macos64_1.1.0.202410301201/tools/bin/../lib/gcc/arm-none-eabi/12.3.1/../../../../arm-none-eabi/lib/thumb/v7e-m+dp/hard/libc_nano.a(libc_a-memset.o)
 .debug_frame   0x000050d4       0x20 /Applications/STM32CubeIDE.app/Contents/Eclipse/plugins/com.st.stm32cube.ide.mcu.externaltools.gnu-tools-for-stm32.12.3.rel1.macos64_1.1.0.202410301201/tools/bin/../lib/gcc/arm-none-eabi/12.3.1/../../../../arm-none-eabi/lib/thumb/v7e-m+dp/hard/libc_nano.a(libc_a-errno.o)
 .debug_frame   0x000050f4       0x2c /Applications/STM32CubeIDE.app/Contents/Eclipse/plugins/com.st.stm32cube.ide.mcu.externaltools.gnu-tools-for-stm32.12.3.rel1.macos64_1.1.0.202410301201/tools/bin/../lib/gcc/arm-none-eabi/12.3.1/../../../../arm-none-eabi/lib/thumb/v7e-m+dp/hard/libc_nano.a(libc_a-init.o)
 .debug_frame   0x00005120       0xb0 /Applications/STM32CubeIDE.app/Contents/Eclipse/plugins/com.st.stm32cube.ide.mcu.externaltools.gnu-tools-for-stm32.12.3.rel1.macos64_1.1.0.202410301201/tools/bin/../lib/gcc/arm-none-eabi/12.3.1/../../../../arm-none-eabi/lib/thumb/v7e-m+dp/hard/libc_nano.a(libc_a-lock.o)
 .debug_frame   0x000051d0       0x20 /Applications/STM32CubeIDE.app/Contents/Eclipse/plugins/com.st.stm32cube.ide.mcu.externaltools.gnu-tools-for-stm32.12.3.rel1.macos64_1.1.0.202410301201/tools/bin/../lib/gcc/arm-none-eabi/12.3.1/../../../../arm-none-eabi/lib/thumb/v7e-m+dp/hard/libc_nano.a(libc_a-strcmp.o)
 .debug_frame   0x000051f0       0x90 /Applications/STM32CubeIDE.app/Contents/Eclipse/plugins/com.st.stm32cube.ide.mcu.externaltools.gnu-tools-for-stm32.12.3.rel1.macos64_1.1.0.202410301201/tools/bin/../lib/gcc/arm-none-eabi/12.3.1/../../../../arm-none-eabi/lib/thumb/v7e-m+dp/hard/libc_nano.a(libc_a-nano-svfprintf.o)
 .debug_frame   0x00005280       0x50 /Applications/STM32CubeIDE.app/Contents/Eclipse/plugins/com.st.stm32cube.ide.mcu.externaltools.gnu-tools-for-stm32.12.3.rel1.macos64_1.1.0.202410301201/tools/bin/../lib/gcc/arm-none-eabi/12.3.1/../../../../arm-none-eabi/lib/thumb/v7e-m+dp/hard/libc_nano.a(libc_a-mallocr.o)
 .debug_frame   0x000052d0       0x60 /Applications/STM32CubeIDE.app/Contents/Eclipse/plugins/com.st.stm32cube.ide.mcu.externaltools.gnu-tools-for-stm32.12.3.rel1.macos64_1.1.0.202410301201/tools/bin/../lib/gcc/arm-none-eabi/12.3.1/../../../../arm-none-eabi/lib/thumb/v7e-m+dp/hard/libc_nano.a(libc_a-nano-vfprintf_i.o)
 .debug_frame   0x00005330       0x30 /Applications/STM32CubeIDE.app/Contents/Eclipse/plugins/com.st.stm32cube.ide.mcu.externaltools.gnu-tools-for-stm32.12.3.rel1.macos64_1.1.0.202410301201/tools/bin/../lib/gcc/arm-none-eabi/12.3.1/../../../../arm-none-eabi/lib/thumb/v7e-m+dp/hard/libc_nano.a(libc_a-mlock.o)
 .debug_frame   0x00005360       0x3c /Applications/STM32CubeIDE.app/Contents/Eclipse/plugins/com.st.stm32cube.ide.mcu.externaltools.gnu-tools-for-stm32.12.3.rel1.macos64_1.1.0.202410301201/tools/bin/../lib/gcc/arm-none-eabi/12.3.1/../../../../arm-none-eabi/lib/thumb/v7e-m+dp/hard/libc_nano.a(libc_a-reallocr.o)
 .debug_frame   0x0000539c       0x28 /Applications/STM32CubeIDE.app/Contents/Eclipse/plugins/com.st.stm32cube.ide.mcu.externaltools.gnu-tools-for-stm32.12.3.rel1.macos64_1.1.0.202410301201/tools/bin/../lib/gcc/arm-none-eabi/12.3.1/../../../../arm-none-eabi/lib/thumb/v7e-m+dp/hard/libc_nano.a(libc_a-memmove.o)
 .debug_frame   0x000053c4       0x38 /Applications/STM32CubeIDE.app/Contents/Eclipse/plugins/com.st.stm32cube.ide.mcu.externaltools.gnu-tools-for-stm32.12.3.rel1.macos64_1.1.0.202410301201/tools/bin/../lib/gcc/arm-none-eabi/12.3.1/../../../../arm-none-eabi/lib/thumb/v7e-m+dp/hard/libc_nano.a(libc_a-reent.o)
 .debug_frame   0x000053fc       0x2c /Applications/STM32CubeIDE.app/Contents/Eclipse/plugins/com.st.stm32cube.ide.mcu.externaltools.gnu-tools-for-stm32.12.3.rel1.macos64_1.1.0.202410301201/tools/bin/../lib/gcc/arm-none-eabi/12.3.1/../../../../arm-none-eabi/lib/thumb/v7e-m+dp/hard/libc_nano.a(libc_a-sbrkr.o)
 .debug_frame   0x00005428       0x28 /Applications/STM32CubeIDE.app/Contents/Eclipse/plugins/com.st.stm32cube.ide.mcu.externaltools.gnu-tools-for-stm32.12.3.rel1.macos64_1.1.0.202410301201/tools/bin/../lib/gcc/arm-none-eabi/12.3.1/../../../../arm-none-eabi/lib/thumb/v7e-m+dp/hard/libc_nano.a(libc_a-memcpy-stub.o)
 .debug_frame   0x00005450       0x38 /Applications/STM32CubeIDE.app/Contents/Eclipse/plugins/com.st.stm32cube.ide.mcu.externaltools.gnu-tools-for-stm32.12.3.rel1.macos64_1.1.0.202410301201/tools/bin/../lib/gcc/arm-none-eabi/12.3.1/../../../../arm-none-eabi/lib/thumb/v7e-m+dp/hard/libc_nano.a(libc_a-freer.o)