../Core/Src/main.c:95:6:DebugPrint	16	static
../Core/Src/main.c:101:5:__io_putchar	16	static
../Core/Src/main.c:113:5:main	8	static
../Core/Src/main.c:165:6:SystemClock_Config	120	static
../Core/Src/main.c:226:13:MX_ETH_Init	8	static
../Core/Src/main.c:275:13:MX_HASH_Init	8	static
../Core/Src/main.c:301:13:MX_USART1_UART_Init	8	static
../Core/Src/main.c:349:13:MX_USART3_UART_Init	8	static
../Core/Src/main.c:397:13:MX_USB_OTG_FS_PCD_Init	8	static
../Core/Src/main.c:431:13:MX_DMA_Init	16	static
../Core/Src/main.c:449:13:MX_GPIO_Init	56	static
../Core/Src/main.c:508:6:HAL_UART_RxCpltCallback	32	static
../Core/Src/main.c:562:6:Error_Handler	4	static,ignoring_inline_asm
