../Core/Src/main.c:94:6:debug_message	16	static
../Core/Src/main.c:100:6:HAL_UART_RxCpltCallback	16	static
../Core/Src/main.c:111:6:HAL_UART_ErrorCallback	16	static
../Core/Src/main.c:133:6:Error_Handler	8	static,ignoring_inline_asm
../Core/Src/main.c:148:5:main	8	static
../Core/Src/main.c:203:6:SystemClock_Config	120	static
../Core/Src/main.c:264:13:MX_ETH_Init	8	static
../Core/Src/main.c:313:13:MX_USART1_UART_Init	8	static
../Core/Src/main.c:361:13:MX_USART2_UART_Init	8	static
../Core/Src/main.c:409:13:MX_USART3_UART_Init	8	static
../Core/Src/main.c:457:13:MX_USB_OTG_FS_PCD_Init	8	static
../Core/Src/main.c:491:13:MX_DMA_Init	16	static
../Core/Src/main.c:509:13:MX_GPIO_Init	56	static
