04:38:31 **** Incremental Build of configuration Debug for project C-node ****
make -j7 all 
arm-none-eabi-gcc "../Core/Src/main.c" -mcpu=cortex-m7 -std=gnu11 -g3 -DDEBUG -DUSE_HAL_DRIVER -DSTM32H753xx -c -I../Core/Inc -I../Drivers/STM32H7xx_HAL_Driver/Inc -I../Drivers/STM32H7xx_HAL_Driver/Inc/Legacy -I../Drivers/CMSIS/Device/ST/STM32H7xx/Include -I../Drivers/CMSIS/Include -O0 -ffunction-sections -fdata-sections -Wall -fstack-usage -MMD -MP -MF"Core/Src/main.d" -MT"Core/Src/main.o" --specs=nano.specs -mfpu=fpv5-d16 -mfloat-abi=hard -mthumb -o "Core/Src/main.o"
arm-none-eabi-gcc -o "C-node.elf" @"objects.list"   -mcpu=cortex-m7 -T"/Users/sanjaybendale/STM32CubeIDE/workspace_1.11.2/C-node/STM32H753ZITX_FLASH.ld" --specs=nosys.specs -Wl,-Map="C-node.map" -Wl,--gc-sections -static --specs=nano.specs -mfpu=fpv5-d16 -mfloat-abi=hard -mthumb -Wl,--start-group -lc -lm -Wl,--end-group
Finished building target: C-node.elf
 
arm-none-eabi-size   C-node.elf 
arm-none-eabi-objdump -h -S  C-node.elf  > "C-node.list"
   text	   data	    bss	    dec	    hex	filename
  25304	     28	   1868	  27200	   6a40	C-node.elf
Finished building: default.size.stdout
 
Finished building: C-node.list
 

04:38:33 Build Finished. 0 errors, 0 warnings. (took 1s.331ms)

