09:14:23 **** Build of configuration Debug for project End_node ****
make -j7 all 
arm-none-eabi-gcc "../Core/Src/main.c" -mcpu=cortex-m7 -std=gnu11 -g3 -DDEBUG -DUSE_PWR_LDO_SUPPLY -DUSE_NUCLEO_64 -DUSE_HAL_DRIVER -DSTM32H753xx -c -I../Core/Inc -I../Drivers/STM32H7xx_HAL_Driver/Inc -I../Drivers/STM32H7xx_HAL_Driver/Inc/Legacy -I../Drivers/BSP/STM32H7xx_Nucleo -I../Drivers/CMSIS/Device/ST/STM32H7xx/Include -I../Drivers/CMSIS/Include -O0 -ffunction-sections -fdata-sections -Wall -fstack-usage -fcyclomatic-complexity -MMD -MP -MF"Core/Src/main.d" -MT"Core/Src/main.o" --specs=nano.specs -mfpu=fpv5-d16 -mfloat-abi=hard -mthumb -o "Core/Src/main.o"
arm-none-eabi-gcc -o "End_node.elf" @"objects.list"   -mcpu=cortex-m7 -T"/Users/sanjaybendale/STM32CubeIDE/workspace_1.11.2/End_node/STM32H753ZITX_FLASH.ld" --specs=nosys.specs -Wl,-Map="End_node.map" -Wl,--gc-sections -static --specs=nano.specs -mfpu=fpv5-d16 -mfloat-abi=hard -mthumb -Wl,--start-group -lc -lm -Wl,--end-group
Finished building target: End_node.elf
 
arm-none-eabi-size  End_node.elf 
arm-none-eabi-objdump -h -S End_node.elf  > "End_node.list"
   text	   data	    bss	    dec	    hex	filename
  23544	     44	   2188	  25776	   64b0	End_node.elf
Finished building: default.size.stdout
 
Finished building: End_node.list
 

09:14:26 Build Finished. 0 errors, 0 warnings. (took 3s.447ms)

