23:55:35 **** Incremental Build of configuration Debug for project spi_rECEIVE ****
make -j7 all 
arm-none-eabi-gcc "../Core/Src/main.c" -mcpu=cortex-m7 -std=gnu11 -g3 -DDEBUG -DUSE_PWR_LDO_SUPPLY -DUSE_NUCLEO_64 -DUSE_HAL_DRIVER -DSTM32H753xx -c -I../Core/Inc -I../Drivers/STM32H7xx_HAL_Driver/Inc -I../Drivers/STM32H7xx_HAL_Driver/Inc/Legacy -I../Drivers/BSP/STM32H7xx_Nucleo -I../Drivers/CMSIS/Device/ST/STM32H7xx/Include -I../Drivers/CMSIS/Include -O0 -ffunction-sections -fdata-sections -Wall -fstack-usage -fcyclomatic-complexity -MMD -MP -MF"Core/Src/main.d" -MT"Core/Src/main.o" --specs=nano.specs -mfpu=fpv5-d16 -mfloat-abi=hard -mthumb -o "Core/Src/main.o"
../Core/Src/main.c:59:13: warning: 'MX_USART3_UART_Init' declared 'static' but never defined [-Wunused-function]
   59 | static void MX_USART3_UART_Init(void);
      |             ^~~~~~~~~~~~~~~~~~~
arm-none-eabi-gcc -o "spi_rECEIVE.elf" @"objects.list"   -mcpu=cortex-m7 -T"/Users/sanjaybendale/STM32CubeIDE/workspace_1.11.2/spi_rECEIVE/STM32H753ZITX_FLASH.ld" --specs=nosys.specs -Wl,-Map="spi_rECEIVE.map" -Wl,--gc-sections -static --specs=nano.specs -mfpu=fpv5-d16 -mfloat-abi=hard -mthumb -Wl,--start-group -lc -lm -Wl,--end-group
Finished building target: spi_rECEIVE.elf
 
arm-none-eabi-size  spi_rECEIVE.elf 
arm-none-eabi-objdump -h -S spi_rECEIVE.elf  > "spi_rECEIVE.list"
   text	   data	    bss	    dec	    hex	filename
  25248	     44	   2028	  27320	   6ab8	spi_rECEIVE.elf
Finished building: default.size.stdout
 
Finished building: spi_rECEIVE.list
 
