Archive member included to satisfy reference by file (symbol)

/Users/sanjaybendale/Desktop/STM32CubeIDE.app/Contents/Eclipse/plugins/com.st.stm32cube.ide.mcu.externaltools.gnu-tools-for-stm32.10.3-2021.10.macos64_1.0.100.202210260954/tools/bin/../lib/gcc/arm-none-eabi/10.3.1/../../../../arm-none-eabi/lib/thumb/v6-m/nofp/libc_nano.a(lib_a-errno.o)
                              ./Core/Src/syscalls.o (__errno)
/Users/sanjaybendale/Desktop/STM32CubeIDE.app/Contents/Eclipse/plugins/com.st.stm32cube.ide.mcu.externaltools.gnu-tools-for-stm32.10.3-2021.10.macos64_1.0.100.202210260954/tools/bin/../lib/gcc/arm-none-eabi/10.3.1/../../../../arm-none-eabi/lib/thumb/v6-m/nofp/libc_nano.a(lib_a-exit.o)
                              /Users/sanjaybendale/Desktop/STM32CubeIDE.app/Contents/Eclipse/plugins/com.st.stm32cube.ide.mcu.externaltools.gnu-tools-for-stm32.10.3-2021.10.macos64_1.0.100.202210260954/tools/bin/../lib/gcc/arm-none-eabi/10.3.1/../../../../arm-none-eabi/lib/thumb/v6-m/nofp/crt0.o (exit)
/Users/sanjaybendale/Desktop/STM32CubeIDE.app/Contents/Eclipse/plugins/com.st.stm32cube.ide.mcu.externaltools.gnu-tools-for-stm32.10.3-2021.10.macos64_1.0.100.202210260954/tools/bin/../lib/gcc/arm-none-eabi/10.3.1/../../../../arm-none-eabi/lib/thumb/v6-m/nofp/libc_nano.a(lib_a-impure.o)
                              /Users/sanjaybendale/Desktop/STM32CubeIDE.app/Contents/Eclipse/plugins/com.st.stm32cube.ide.mcu.externaltools.gnu-tools-for-stm32.10.3-2021.10.macos64_1.0.100.202210260954/tools/bin/../lib/gcc/arm-none-eabi/10.3.1/../../../../arm-none-eabi/lib/thumb/v6-m/nofp/libc_nano.a(lib_a-exit.o) (_global_impure_ptr)
/Users/sanjaybendale/Desktop/STM32CubeIDE.app/Contents/Eclipse/plugins/com.st.stm32cube.ide.mcu.externaltools.gnu-tools-for-stm32.10.3-2021.10.macos64_1.0.100.202210260954/tools/bin/../lib/gcc/arm-none-eabi/10.3.1/../../../../arm-none-eabi/lib/thumb/v6-m/nofp/libc_nano.a(lib_a-init.o)
                              /Users/sanjaybendale/Desktop/STM32CubeIDE.app/Contents/Eclipse/plugins/com.st.stm32cube.ide.mcu.externaltools.gnu-tools-for-stm32.10.3-2021.10.macos64_1.0.100.202210260954/tools/bin/../lib/gcc/arm-none-eabi/10.3.1/../../../../arm-none-eabi/lib/thumb/v6-m/nofp/crt0.o (__libc_init_array)
/Users/sanjaybendale/Desktop/STM32CubeIDE.app/Contents/Eclipse/plugins/com.st.stm32cube.ide.mcu.externaltools.gnu-tools-for-stm32.10.3-2021.10.macos64_1.0.100.202210260954/tools/bin/../lib/gcc/arm-none-eabi/10.3.1/../../../../arm-none-eabi/lib/thumb/v6-m/nofp/libc_nano.a(lib_a-memset.o)
                              /Users/sanjaybendale/Desktop/STM32CubeIDE.app/Contents/Eclipse/plugins/com.st.stm32cube.ide.mcu.externaltools.gnu-tools-for-stm32.10.3-2021.10.macos64_1.0.100.202210260954/tools/bin/../lib/gcc/arm-none-eabi/10.3.1/../../../../arm-none-eabi/lib/thumb/v6-m/nofp/crt0.o (memset)
/Users/sanjaybendale/Desktop/STM32CubeIDE.app/Contents/Eclipse/plugins/com.st.stm32cube.ide.mcu.externaltools.gnu-tools-for-stm32.10.3-2021.10.macos64_1.0.100.202210260954/tools/bin/../lib/gcc/arm-none-eabi/10.3.1/../../../../arm-none-eabi/lib/thumb/v6-m/nofp/libc_nano.a(lib_a-rand.o)
                              ./Core/Src/main.o (srand)
/Users/sanjaybendale/Desktop/STM32CubeIDE.app/Contents/Eclipse/plugins/com.st.stm32cube.ide.mcu.externaltools.gnu-tools-for-stm32.10.3-2021.10.macos64_1.0.100.202210260954/tools/bin/../lib/gcc/arm-none-eabi/10.3.1/../../../../arm-none-eabi/lib/thumb/v6-m/nofp/libc_nano.a(lib_a-assert.o)
                              /Users/sanjaybendale/Desktop/STM32CubeIDE.app/Contents/Eclipse/plugins/com.st.stm32cube.ide.mcu.externaltools.gnu-tools-for-stm32.10.3-2021.10.macos64_1.0.100.202210260954/tools/bin/../lib/gcc/arm-none-eabi/10.3.1/../../../../arm-none-eabi/lib/thumb/v6-m/nofp/libc_nano.a(lib_a-rand.o) (__assert_func)
/Users/sanjaybendale/Desktop/STM32CubeIDE.app/Contents/Eclipse/plugins/com.st.stm32cube.ide.mcu.externaltools.gnu-tools-for-stm32.10.3-2021.10.macos64_1.0.100.202210260954/tools/bin/../lib/gcc/arm-none-eabi/10.3.1/../../../../arm-none-eabi/lib/thumb/v6-m/nofp/libc_nano.a(lib_a-fprintf.o)
                              /Users/sanjaybendale/Desktop/STM32CubeIDE.app/Contents/Eclipse/plugins/com.st.stm32cube.ide.mcu.externaltools.gnu-tools-for-stm32.10.3-2021.10.macos64_1.0.100.202210260954/tools/bin/../lib/gcc/arm-none-eabi/10.3.1/../../../../arm-none-eabi/lib/thumb/v6-m/nofp/libc_nano.a(lib_a-assert.o) (fiprintf)
/Users/sanjaybendale/Desktop/STM32CubeIDE.app/Contents/Eclipse/plugins/com.st.stm32cube.ide.mcu.externaltools.gnu-tools-for-stm32.10.3-2021.10.macos64_1.0.100.202210260954/tools/bin/../lib/gcc/arm-none-eabi/10.3.1/../../../../arm-none-eabi/lib/thumb/v6-m/nofp/libc_nano.a(lib_a-malloc.o)
[...]
Memory Configuration

Name             Origin             Length             Attributes
RAM              0x0000000020000000 0x0000000000002000 xrw
FLASH            0x0000000008000000 0x0000000000010000 xr
*default*        0x0000000000000000 0xffffffffffffffff

Linker script and memory map

LOAD /Users/sanjaybendale/Desktop/STM32CubeIDE.app/Contents/Eclipse/plugins/com.st.stm32cube.ide.mcu.externaltools.gnu-tools-for-stm32.10.3-2021.10.macos64_1.0.100.202210260954/tools/bin/../lib/gcc/arm-none-eabi/10.3.1/thumb/v6-m/nofp/crti.o
LOAD /Users/sanjaybendale/Desktop/STM32CubeIDE.app/Contents/Eclipse/plugins/com.st.stm32cube.ide.mcu.externaltools.gnu-tools-for-stm32.10.3-2021.10.macos64_1.0.100.202210260954/tools/bin/../lib/gcc/arm-none-eabi/10.3.1/thumb/v6-m/nofp/crtbegin.o
LOAD /Users/sanjaybendale/Desktop/STM32CubeIDE.app/Contents/Eclipse/plugins/com.st.stm32cube.ide.mcu.externaltools.gnu-tools-for-stm32.10.3-2021.10.macos64_1.0.100.202210260954/tools/bin/../lib/gcc/arm-none-eabi/10.3.1/../../../../arm-none-eabi/lib/thumb/v6-m/nofp/crt0.o
LOAD ./Core/Src/NRF905.o
LOAD ./Core/Src/NRF905_hw.o
LOAD ./Core/Src/gpio.o
LOAD ./Core/Src/main.o
LOAD ./Core/Src/spi.o
LOAD ./Core/Src/stm32g0xx_hal_msp.o
LOAD ./Core/Src/stm32g0xx_it.o
LOAD ./Core/Src/syscalls.o
LOAD ./Core/Src/sysmem.o
LOAD ./Core/Src/system_stm32g0xx.o
LOAD ./Core/Src/tim.o
LOAD ./Core/Startup/startup_stm32g030c8tx.o
LOAD ./Drivers/STM32G0xx_HAL_Driver/Src/stm32g0xx_hal.o
LOAD ./Drivers/STM32G0xx_HAL_Driver/Src/stm32g0xx_hal_cortex.o
LOAD ./Drivers/STM32G0xx_HAL_Driver/Src/stm32g0xx_hal_dma.o
LOAD ./Drivers/STM32G0xx_HAL_Driver/Src/stm32g0xx_hal_dma_ex.o
LOAD ./Drivers/STM32G0xx_HAL_Driver/Src/stm32g0xx_hal_exti.o
LOAD ./Drivers/STM32G0xx_HAL_Driver/Src/stm32g0xx_hal_flash.o
LOAD ./Drivers/STM32G0xx_HAL_Driver/Src/stm32g0xx_hal_flash_ex.o
LOAD ./Drivers/STM32G0xx_HAL_Driver/Src/stm32g0xx_hal_gpio.o
LOAD ./Drivers/STM32G0xx_HAL_Driver/Src/stm32g0xx_hal_pwr.o
LOAD ./Drivers/STM32G0xx_HAL_Driver/Src/stm32g0xx_hal_pwr_ex.o
LOAD ./Drivers/STM32G0xx_HAL_Driver/Src/stm32g0xx_hal_rcc.o
LOAD ./Drivers/STM32G0xx_HAL_Driver/Src/stm32g0xx_hal_rcc_ex.o
LOAD ./Drivers/STM32G0xx_HAL_Driver/Src/stm32g0xx_hal_spi.o
LOAD ./Drivers/STM32G0xx_HAL_Driver/Src/stm32g0xx_hal_spi_ex.o
LOAD ./Drivers/STM32G0xx_HAL_Driver/Src/stm32g0xx_hal_tim.o
LOAD ./Drivers/STM32G0xx_HAL_Driver/Src/stm32g0xx_hal_tim_ex.o
LOAD ./Drivers/STM32G0xx_HAL_Driver/Src/stm32g0xx_ll_dma.o
LOAD ./Drivers/STM32G0xx_HAL_Driver/Src/stm32g0xx_ll_rcc.o
START GROUP
LOAD /Users/sanjaybendale/Desktop/STM32CubeIDE.app/Contents/Eclipse/plugins/com.st.stm32cube.ide.mcu.externaltools.gnu-tools-for-stm32.10.3-2021.10.macos64_1.0.100.202210260954/tools/bin/../lib/gcc/arm-none-eabi/10.3.1/../../../../arm-none-eabi/lib/thumb/v6-m/nofp/libc_nano.a
LOAD /Users/sanjaybendale/Desktop/STM32CubeIDE.app/Contents/Eclipse/plugins/com.st.stm32cube.ide.mcu.externaltools.gnu-tools-for-stm32.10.3-2021.10.macos64_1.0.100.202210260954/tools/bin/../lib/gcc/arm-none-eabi/10.3.1/../../../../arm-none-eabi/lib/thumb/v6-m/nofp/libm.a
END GROUP
START GROUP
LOAD /Users/sanjaybendale/Desktop/STM32CubeIDE.app/Contents/Eclipse/plugins/com.st.stm32cube.ide.mcu.externaltools.gnu-tools-for-stm32.10.3-2021.10.macos64_1.0.100.202210260954/tools/bin/../lib/gcc/arm-none-eabi/10.3.1/thumb/v6-m/nofp/libgcc.a
LOAD /Users/sanjaybendale/Desktop/STM32CubeIDE.app/Contents/Eclipse/plugins/com.st.stm32cube.ide.mcu.externaltools.gnu-tools-for-stm32.10.3-2021.10.macos64_1.0.100.202210260954/tools/bin/../lib/gcc/arm-none-eabi/10.3.1/../../../../arm-none-eabi/lib/thumb/v6-m/nofp/libc_nano.a
END GROUP
START GROUP
LOAD /Users/sanjaybendale/Desktop/STM32CubeIDE.app/Contents/Eclipse/plugins/com.st.stm32cube.ide.mcu.externaltools.gnu-tools-for-stm32.10.3-2021.10.macos64_1.0.100.202210260954/tools/bin/../lib/gcc/arm-none-eabi/10.3.1/thumb/v6-m/nofp/libgcc.a
LOAD /Users/sanjaybendale/Desktop/STM32CubeIDE.app/Contents/Eclipse/plugins/com.st.stm32cube.ide.mcu.externaltools.gnu-tools-for-stm32.10.3-2021.10.macos64_1.0.100.202210260954/tools/bin/../lib/gcc/arm-none-eabi/10.3.1/../../../../arm-none-eabi/lib/thumb/v6-m/nofp/libc_nano.a
LOAD /Users/sanjaybendale/Desktop/STM32CubeIDE.app/Contents/Eclipse/plugins/com.st.stm32cube.ide.mcu.externaltools.gnu-tools-for-stm32.10.3-2021.10.macos64_1.0.100.202210260954/tools/bin/../lib/gcc/arm-none-eabi/10.3.1/../../../../arm-none-eabi/lib/thumb/v6-m/nofp/libnosys.a
END GROUP
START GROUP
LOAD /Users/sanjaybendale/Desktop/STM32CubeIDE.app/Contents/Eclipse/plugins/com.st.stm32cube.ide.mcu.externaltools.gnu-tools-for-stm32.10.3-2021.10.macos64_1.0.100.202210260954/tools/bin/../lib/gcc/arm-none-eabi/10.3.1/thumb/v6-m/nofp/libgcc.a
LOAD /Users/sanjaybendale/Desktop/STM32CubeIDE.app/Contents/Eclipse/plugins/com.st.stm32cube.ide.mcu.externaltools.gnu-tools-for-stm32.10.3-2021.10.macos64_1.0.100.202210260954/tools/bin/../lib/gcc/arm-none-eabi/10.3.1/../../../../arm-none-eabi/lib/thumb/v6-m/nofp/libc_nano.a
LOAD /Users/sanjaybendale/Desktop/STM32CubeIDE.app/Contents/Eclipse/plugins/com.st.stm32cube.ide.mcu.externaltools.gnu-tools-for-stm32.10.3-2021.10.macos64_1.0.100.202210260954/tools/bin/../lib/gcc/arm-none-eabi/10.3.1/../../../../arm-none-eabi/lib/thumb/v6-m/nofp/libnosys.a
END GROUP
LOAD /Users/sanjaybendale/Desktop/STM32CubeIDE.app/Contents/Eclipse/plugins/com.st.stm32cube.ide.mcu.externaltools.gnu-tools-for-stm32.10.3-2021.10.macos64_1.0.100.202210260954/tools/bin/../lib/gcc/arm-none-eabi/10.3.1/thumb/v6-m/nofp/crtend.o
LOAD /Users/sanjaybendale/Desktop/STM32CubeIDE.app/Contents/Eclipse/plugins/com.st.stm32cube.ide.mcu.externaltools.gnu-tools-for-stm32.10.3-2021.10.macos64_1.0.100.202210260954/tools/bin/../lib/gcc/arm-none-eabi/10.3.1/thumb/v6-m/nofp/crtn.o
                0x0000000020002000                _estack = (ORIGIN (RAM) + LENGTH (RAM))
                0x0000000000000200                _Min_Heap_Size = 0x200
                0x0000000000000400                _Min_Stack_Size = 0x400

.isr_vector     0x0000000008000000       0xb8
                0x0000000008000000                . = ALIGN (0x4)
 *(.isr_vector)
 .isr_vector    0x0000000008000000       0xb8 ./Core/Startup/startup_stm32g030c8tx.o
                0x0000000008000000                g_pfnVectors
                0x00000000080000b8                . = ALIGN (0x4)

.text           0x00000000080000b8     0x425c
                0x00000000080000b8                . = ALIGN (0x4)
 *(.text)
 .text          0x00000000080000b8       0x48 /Users/sanjaybendale/Desktop/STM32CubeIDE.app/Contents/Eclipse/plugins/com.st.stm32cube.ide.mcu.externaltools.gnu-tools-for-stm32.10.3-2021.10.macos64_1.0.100.202210260954/tools/bin/../lib/gcc/arm-none-eabi/10.3.1/thumb/v6-m/nofp/crtbegin.o
 .text          0x0000000008000100       0x14 /Users/sanjaybendale/Desktop/STM32CubeIDE.app/Contents/Eclipse/plugins/com.st.stm32cube.ide.mcu.externaltools.gnu-tools-for-stm32.10.3-2021.10.macos64_1.0.100.202210260954/tools/bin/../lib/gcc/arm-none-eabi/10.3.1/thumb/v6-m/nofp/libgcc.a(_thumb1_case_shi.o)
                0x0000000008000100                __gnu_thumb1_case_shi
 .text          0x0000000008000114      0x114 /Users/sanjaybendale/Desktop/STM32CubeIDE.app/Contents/Eclipse/plugins/com.st.stm32cube.ide.mcu.externaltools.gnu-tools-for-stm32.10.3-2021.10.macos64_1.0.100.202210260954/tools/bin/../lib/gcc/arm-none-eabi/10.3.1/thumb/v6-m/nofp/libgcc.a(_udivsi3.o)
                0x0000000008000114                __udivsi3
                0x0000000008000114                __aeabi_uidiv
                0x0000000008000220                __aeabi_uidivmod
 .text          0x0000000008000228        0x4 /Users/sanjaybendale/Desktop/STM32CubeIDE.app/Contents/Eclipse/plugins/com.st.stm32cube.ide.mcu.externaltools.gnu-tools-for-stm32.10.3-2021.10.macos64_1.0.100.202210260954/tools/bin/../lib/gcc/arm-none-eabi/10.3.1/thumb/v6-m/nofp/libgcc.a(_dvmd_tls.o)
                0x0000000008000228                __aeabi_ldiv0
                0x0000000008000228                __aeabi_idiv0
 *(.text*)
 .text.NRF905_setAddress
                0x000000000800022c       0x8a ./Core/Src/NRF905.o
                0x000000000800022c                NRF905_setAddress
 .text.NRF905_airway_busy
                0x00000000080002b6       0x2a ./Core/Src/NRF905.o
                0x00000000080002b6                NRF905_airway_busy
 .text.NRF905_tx
                0x00000000080002e0      0x166 ./Core/Src/NRF905.o
                0x00000000080002e0                NRF905_tx
 *fill*         0x0000000008000446        0x2 
 .text.NRF905_init
                0x0000000008000448      0x1d4 ./Core/Src/NRF905.o
                0x0000000008000448                NRF905_init
 .text.NRF905_hw_gpio_get
                0x000000000800061c       0x6a ./Core/Src/NRF905_hw.o
                0x000000000800061c                NRF905_hw_gpio_get
 .text.NRF905_hw_gpio_set
                0x0000000008000686       0x74 ./Core/Src/NRF905_hw.o
                0x0000000008000686                NRF905_hw_gpio_set
 .text.NRF905_hw_delay_ms
                0x00000000080006fa       0x1a ./Core/Src/NRF905_hw.o
                0x00000000080006fa                NRF905_hw_delay_ms
 .text.NRF905_hw_delay_us
                0x0000000008000714       0x96 ./Core/Src/NRF905_hw.o
                0x0000000008000714                NRF905_hw_delay_us
 .text.NRF905_hw_enable_timer
                0x00000000080007aa       0x36 ./Core/Src/NRF905_hw.o
                0x00000000080007aa                NRF905_hw_enable_timer
 .text.NRF905_hw_spi_transfer
                0x00000000080007e0       0x4c ./Core/Src/NRF905_hw.o
                0x00000000080007e0                NRF905_hw_spi_transfer
 .text.MX_GPIO_Init
                0x000000000800082c      0x164 ./Core/Src/gpio.o
                0x000000000800082c                MX_GPIO_Init
 .text.sendData
                0x0000000008000990       0x50 ./Core/Src/main.o
                0x0000000008000990                sendData
 .text.main     0x00000000080009e0      0x14c ./Core/Src/main.o
                0x00000000080009e0                main
 .text.SystemClock_Config
                0x0000000008000b2c       0x90 ./Core/Src/main.o
                0x0000000008000b2c                SystemClock_Config
 .text.HAL_TIM_PeriodElapsedCallback
                0x0000000008000bbc       0x28 ./Core/Src/main.o
                0x0000000008000bbc                HAL_TIM_PeriodElapsedCallback
 .text.Error_Handler
                0x0000000008000be4        0xa ./Core/Src/main.o
                0x0000000008000be4                Error_Handler
 *fill*         0x0000000008000bee        0x2 
 .text.MX_SPI2_Init
                0x0000000008000bf0       0x7c ./Core/Src/spi.o
                0x0000000008000bf0                MX_SPI2_Init
 .text.HAL_SPI_MspInit
                0x0000000008000c6c       0x98 ./Core/Src/spi.o
                0x0000000008000c6c                HAL_SPI_MspInit
 .text.HAL_MspInit
                0x0000000008000d04       0x48 ./Core/Src/stm32g0xx_hal_msp.o
                0x0000000008000d04                HAL_MspInit
 .text.NMI_Handler
                0x0000000008000d4c        0x6 ./Core/Src/stm32g0xx_it.o
                0x0000000008000d4c                NMI_Handler
 .text.HardFault_Handler
                0x0000000008000d52        0x6 ./Core/Src/stm32g0xx_it.o
                0x0000000008000d52                HardFault_Handler
 .text.SVC_Handler
                0x0000000008000d58        0xa ./Core/Src/stm32g0xx_it.o
                0x0000000008000d58                SVC_Handler
 .text.PendSV_Handler
                0x0000000008000d62        0xa ./Core/Src/stm32g0xx_it.o
                0x0000000008000d62                PendSV_Handler
 .text.SysTick_Handler
                0x0000000008000d6c        0xe ./Core/Src/stm32g0xx_it.o
                0x0000000008000d6c                SysTick_Handler
 *fill*         0x0000000008000d7a        0x2 
 .text.TIM3_IRQHandler
                0x0000000008000d7c       0x18 ./Core/Src/stm32g0xx_it.o
                0x0000000008000d7c                TIM3_IRQHandler
 .text.TIM14_IRQHandler
                0x0000000008000d94       0x18 ./Core/Src/stm32g0xx_it.o
                0x0000000008000d94                TIM14_IRQHandler
 .text._getpid  0x0000000008000dac        0xc ./Core/Src/syscalls.o
                0x0000000008000dac                _getpid
 .text._kill    0x0000000008000db8       0x20 ./Core/Src/syscalls.o
                0x0000000008000db8                _kill
 .text._exit    0x0000000008000dd8       0x18 ./Core/Src/syscalls.o
                0x0000000008000dd8                _exit
 .text._read    0x0000000008000df0       0x3a ./Core/Src/syscalls.o
                0x0000000008000df0                _read
 .text._write   0x0000000008000e2a       0x38 ./Core/Src/syscalls.o
                0x0000000008000e2a                _write
 .text._close   0x0000000008000e62       0x14 ./Core/Src/syscalls.o
                0x0000000008000e62                _close
 .text._fstat   0x0000000008000e76       0x1c ./Core/Src/syscalls.o
                0x0000000008000e76                _fstat
 .text._isatty  0x0000000008000e92       0x12 ./Core/Src/syscalls.o
                0x0000000008000e92                _isatty
 .text._lseek   0x0000000008000ea4       0x16 ./Core/Src/syscalls.o
                0x0000000008000ea4                _lseek
 *fill*         0x0000000008000eba        0x2 
 .text._sbrk    0x0000000008000ebc       0x6c ./Core/Src/sysmem.o
                0x0000000008000ebc                _sbrk
 .text.SystemInit
                0x0000000008000f28        0xa ./Core/Src/system_stm32g0xx.o
                0x0000000008000f28                SystemInit
 *fill*         0x0000000008000f32        0x2 
 .text.MX_TIM3_Init
                0x0000000008000f34       0xac ./Core/Src/tim.o
                0x0000000008000f34                MX_TIM3_Init
 .text.MX_TIM14_Init
                0x0000000008000fe0       0x4c ./Core/Src/tim.o
                0x0000000008000fe0                MX_TIM14_Init
 .text.HAL_TIM_Base_MspInit
                0x000000000800102c       0x88 ./Core/Src/tim.o
                0x000000000800102c                HAL_TIM_Base_MspInit
 .text.Reset_Handler
                0x00000000080010b4       0x50 ./Core/Startup/startup_stm32g030c8tx.o
                0x00000000080010b4                Reset_Handler
 .text.Default_Handler
                0x0000000008001104        0x2 ./Core/Startup/startup_stm32g030c8tx.o
                0x0000000008001104                TIM1_BRK_UP_TRG_COM_IRQHandler
                0x0000000008001104                I2C1_IRQHandler
                0x0000000008001104                RTC_TAMP_IRQHandler
                0x0000000008001104                SPI1_IRQHandler
                0x0000000008001104                DMA1_Ch4_5_DMAMUX1_OVR_IRQHandler
                0x0000000008001104                EXTI2_3_IRQHandler
                0x0000000008001104                ADC1_IRQHandler
                0x0000000008001104                I2C2_IRQHandler
                0x0000000008001104                TIM17_IRQHandler
                0x0000000008001104                TIM16_IRQHandler
                0x0000000008001104                EXTI4_15_IRQHandler
                0x0000000008001104                RCC_IRQHandler
                0x0000000008001104                DMA1_Channel1_IRQHandler
                0x0000000008001104                Default_Handler
                0x0000000008001104                EXTI0_1_IRQHandler
                0x0000000008001104                SPI2_IRQHandler
                0x0000000008001104                WWDG_IRQHandler
                0x0000000008001104                DMA1_Channel2_3_IRQHandler
                0x0000000008001104                USART2_IRQHandler
                0x0000000008001104                FLASH_IRQHandler
                0x0000000008001104                USART1_IRQHandler
                0x0000000008001104                TIM1_CC_IRQHandler
 *fill*         0x0000000008001106        0x2 
 .text.HAL_Init
                0x0000000008001108       0x40 ./Drivers/STM32G0xx_HAL_Driver/Src/stm32g0xx_hal.o
                0x0000000008001108                HAL_Init
 .text.HAL_InitTick
                0x0000000008001148       0x94 ./Drivers/STM32G0xx_HAL_Driver/Src/stm32g0xx_hal.o
                0x0000000008001148                HAL_InitTick
 .text.HAL_IncTick
                0x00000000080011dc       0x24 ./Drivers/STM32G0xx_HAL_Driver/Src/stm32g0xx_hal.o
                0x00000000080011dc                HAL_IncTick
 .text.HAL_GetTick
                0x0000000008001200       0x14 ./Drivers/STM32G0xx_HAL_Driver/Src/stm32g0xx_hal.o
                0x0000000008001200                HAL_GetTick
 .text.HAL_Delay
                0x0000000008001214       0x48 ./Drivers/STM32G0xx_HAL_Driver/Src/stm32g0xx_hal.o
                0x0000000008001214                HAL_Delay
 .text.__NVIC_EnableIRQ
                0x000000000800125c       0x34 ./Drivers/STM32G0xx_HAL_Driver/Src/stm32g0xx_hal_cortex.o
 .text.__NVIC_SetPriority
                0x0000000008001290       0xdc ./Drivers/STM32G0xx_HAL_Driver/Src/stm32g0xx_hal_cortex.o
 .text.SysTick_Config
                0x000000000800136c       0x48 ./Drivers/STM32G0xx_HAL_Driver/Src/stm32g0xx_hal_cortex.o
 .text.HAL_NVIC_SetPriority
                0x00000000080013b4       0x2a ./Drivers/STM32G0xx_HAL_Driver/Src/stm32g0xx_hal_cortex.o
                0x00000000080013b4                HAL_NVIC_SetPriority
 .text.HAL_NVIC_EnableIRQ
                0x00000000080013de       0x20 ./Drivers/STM32G0xx_HAL_Driver/Src/stm32g0xx_hal_cortex.o
                0x00000000080013de                HAL_NVIC_EnableIRQ
 .text.HAL_SYSTICK_Config
                0x00000000080013fe       0x1a ./Drivers/STM32G0xx_HAL_Driver/Src/stm32g0xx_hal_cortex.o
                0x00000000080013fe                HAL_SYSTICK_Config
 .text.HAL_GPIO_Init
                0x0000000008001418      0x2c8 ./Drivers/STM32G0xx_HAL_Driver/Src/stm32g0xx_hal_gpio.o
                0x0000000008001418                HAL_GPIO_Init
 .text.HAL_GPIO_ReadPin
                0x00000000080016e0       0x3a ./Drivers/STM32G0xx_HAL_Driver/Src/stm32g0xx_hal_gpio.o
                0x00000000080016e0                HAL_GPIO_ReadPin
 .text.HAL_GPIO_WritePin
                0x000000000800171a       0x3a ./Drivers/STM32G0xx_HAL_Driver/Src/stm32g0xx_hal_gpio.o
                0x000000000800171a                HAL_GPIO_WritePin
 .text.HAL_PWREx_ControlVoltageScaling
                0x0000000008001754       0x80 ./Drivers/STM32G0xx_HAL_Driver/Src/stm32g0xx_hal_pwr_ex.o
                0x0000000008001754                HAL_PWREx_ControlVoltageScaling
 .text.HAL_RCC_OscConfig
                0x00000000080017d4      0x620 ./Drivers/STM32G0xx_HAL_Driver/Src/stm32g0xx_hal_rcc.o
                0x00000000080017d4                HAL_RCC_OscConfig
 .text.HAL_RCC_ClockConfig
                0x0000000008001df4      0x210 ./Drivers/STM32G0xx_HAL_Driver/Src/stm32g0xx_hal_rcc.o
                0x0000000008001df4                HAL_RCC_ClockConfig
 .text.HAL_RCC_GetSysClockFreq
                0x0000000008002004      0x104 ./Drivers/STM32G0xx_HAL_Driver/Src/stm32g0xx_hal_rcc.o
                0x0000000008002004                HAL_RCC_GetSysClockFreq
 .text.HAL_SPI_Init
                0x0000000008002108      0x170 ./Drivers/STM32G0xx_HAL_Driver/Src/stm32g0xx_hal_spi.o
                0x0000000008002108                HAL_SPI_Init
 .text.HAL_SPI_TransmitReceive
                0x0000000008002278      0x3a4 ./Drivers/STM32G0xx_HAL_Driver/Src/stm32g0xx_hal_spi.o
                0x0000000008002278                HAL_SPI_TransmitReceive
 .text.SPI_WaitFlagStateUntilTimeout
                0x000000000800261c      0x11c ./Drivers/STM32G0xx_HAL_Driver/Src/stm32g0xx_hal_spi.o
 .text.SPI_WaitFifoStateUntilTimeout
                0x0000000008002738      0x144 ./Drivers/STM32G0xx_HAL_Driver/Src/stm32g0xx_hal_spi.o
 .text.SPI_EndRxTxTransaction
                0x000000000800287c       0x8c ./Drivers/STM32G0xx_HAL_Driver/Src/stm32g0xx_hal_spi.o
 .text.HAL_TIM_Base_Init
                0x0000000008002908       0xb0 ./Drivers/STM32G0xx_HAL_Driver/Src/stm32g0xx_hal_tim.o
                0x0000000008002908                HAL_TIM_Base_Init
 .text.HAL_TIM_Base_Start_IT
                0x00000000080029b8       0x9c ./Drivers/STM32G0xx_HAL_Driver/Src/stm32g0xx_hal_tim.o
                0x00000000080029b8                HAL_TIM_Base_Start_IT
 .text.HAL_TIM_IRQHandler
                0x0000000008002a54      0x264 ./Drivers/STM32G0xx_HAL_Driver/Src/stm32g0xx_hal_tim.o
                0x0000000008002a54                HAL_TIM_IRQHandler
 .text.HAL_TIM_ConfigClockSource
                0x0000000008002cb8      0x1ac ./Drivers/STM32G0xx_HAL_Driver/Src/stm32g0xx_hal_tim.o
                0x0000000008002cb8                HAL_TIM_ConfigClockSource
 .text.HAL_TIM_OC_DelayElapsedCallback
                0x0000000008002e64       0x10 ./Drivers/STM32G0xx_HAL_Driver/Src/stm32g0xx_hal_tim.o
                0x0000000008002e64                HAL_TIM_OC_DelayElapsedCallback
 .text.HAL_TIM_IC_CaptureCallback
                0x0000000008002e74       0x10 ./Drivers/STM32G0xx_HAL_Driver/Src/stm32g0xx_hal_tim.o
                0x0000000008002e74                HAL_TIM_IC_CaptureCallback
 .text.HAL_TIM_PWM_PulseFinishedCallback
                0x0000000008002e84       0x10 ./Drivers/STM32G0xx_HAL_Driver/Src/stm32g0xx_hal_tim.o
                0x0000000008002e84                HAL_TIM_PWM_PulseFinishedCallback
 .text.HAL_TIM_TriggerCallback
                0x0000000008002e94       0x10 ./Drivers/STM32G0xx_HAL_Driver/Src/stm32g0xx_hal_tim.o
                0x0000000008002e94                HAL_TIM_TriggerCallback
 .text.TIM_Base_SetConfig
                0x0000000008002ea4       0xd8 ./Drivers/STM32G0xx_HAL_Driver/Src/stm32g0xx_hal_tim.o
                0x0000000008002ea4                TIM_Base_SetConfig
 .text.TIM_TI1_ConfigInputStage
                0x0000000008002f7c       0x5c ./Drivers/STM32G0xx_HAL_Driver/Src/stm32g0xx_hal_tim.o
 .text.TIM_TI2_ConfigInputStage
                0x0000000008002fd8       0x64 ./Drivers/STM32G0xx_HAL_Driver/Src/stm32g0xx_hal_tim.o
 .text.TIM_ITRx_SetConfig
                0x000000000800303c       0x38 ./Drivers/STM32G0xx_HAL_Driver/Src/stm32g0xx_hal_tim.o
 .text.TIM_ETR_SetConfig
                0x0000000008003074       0x40 ./Drivers/STM32G0xx_HAL_Driver/Src/stm32g0xx_hal_tim.o
                0x0000000008003074                TIM_ETR_SetConfig
 .text.HAL_TIMEx_MasterConfigSynchronization
                0x00000000080030b4       0xc4 ./Drivers/STM32G0xx_HAL_Driver/Src/stm32g0xx_hal_tim_ex.o
                0x00000000080030b4                HAL_TIMEx_MasterConfigSynchronization
 .text.HAL_TIMEx_CommutCallback
                0x0000000008003178       0x10 ./Drivers/STM32G0xx_HAL_Driver/Src/stm32g0xx_hal_tim_ex.o
                0x0000000008003178                HAL_TIMEx_CommutCallback
 .text.HAL_TIMEx_BreakCallback
                0x0000000008003188       0x10 ./Drivers/STM32G0xx_HAL_Driver/Src/stm32g0xx_hal_tim_ex.o
                0x0000000008003188                HAL_TIMEx_BreakCallback
 .text.HAL_TIMEx_Break2Callback
                0x0000000008003198       0x10 ./Drivers/STM32G0xx_HAL_Driver/Src/stm32g0xx_hal_tim_ex.o
                0x0000000008003198                HAL_TIMEx_Break2Callback
 .text.__errno  0x00000000080031a8        0xc /Users/sanjaybendale/Desktop/STM32CubeIDE.app/Contents/Eclipse/plugins/com.st.stm32cube.ide.mcu.externaltools.gnu-tools-for-stm32.10.3-2021.10.macos64_1.0.100.202210260954/tools/bin/../lib/gcc/arm-none-eabi/10.3.1/../../../../arm-none-eabi/lib/thumb/v6-m/nofp/libc_nano.a(lib_a-errno.o)
                0x00000000080031a8                __errno
 .text.__libc_init_array
                0x00000000080031b4       0x48 /Users/sanjaybendale/Desktop/STM32CubeIDE.app/Contents/Eclipse/plugins/com.st.stm32cube.ide.mcu.externaltools.gnu-tools-for-stm32.10.3-2021.10.macos64_1.0.100.202210260954/tools/bin/../lib/gcc/arm-none-eabi/10.3.1/../../../../arm-none-eabi/lib/thumb/v6-m/nofp/libc_nano.a(lib_a-init.o)
                0x00000000080031b4                __libc_init_array
 .text.memset   0x00000000080031fc       0x10 /Users/sanjaybendale/Desktop/STM32CubeIDE.app/Contents/Eclipse/plugins/com.st.stm32cube.ide.mcu.externaltools.gnu-tools-for-stm32.10.3-2021.10.macos64_1.0.100.202210260954/tools/bin/../lib/gcc/arm-none-eabi/10.3.1/../../../../arm-none-eabi/lib/thumb/v6-m/nofp/libc_nano.a(lib_a-memset.o)
                0x00000000080031fc                memset
 .text.srand    0x000000000800320c       0x60 /Users/sanjaybendale/Desktop/STM32CubeIDE.app/Contents/Eclipse/plugins/com.st.stm32cube.ide.mcu.externaltools.gnu-tools-for-stm32.10.3-2021.10.macos64_1.0.100.202210260954/tools/bin/../lib/gcc/arm-none-eabi/10.3.1/../../../../arm-none-eabi/lib/thumb/v6-m/nofp/libc_nano.a(lib_a-rand.o)
                0x000000000800320c                srand
 .text.__assert_func
                0x000000000800326c       0x3c /Users/sanjaybendale/Desktop/STM32CubeIDE.app/Contents/Eclipse/plugins/com.st.stm32cube.ide.mcu.externaltools.gnu-tools-for-stm32.10.3-2021.10.macos64_1.0.100.202210260954/tools/bin/../lib/gcc/arm-none-eabi/10.3.1/../../../../arm-none-eabi/lib/thumb/v6-m/nofp/libc_nano.a(lib_a-assert.o)
                0x000000000800326c                __assert_func
 .text.fprintf  0x00000000080032a8       0x20 /Users/sanjaybendale/Desktop/STM32CubeIDE.app/Contents/Eclipse/plugins/com.st.stm32cube.ide.mcu.externaltools.gnu-tools-for-stm32.10.3-2021.10.macos64_1.0.100.202210260954/tools/bin/../lib/gcc/arm-none-eabi/10.3.1/../../../../arm-none-eabi/lib/thumb/v6-m/nofp/libc_nano.a(lib_a-fprintf.o)
                0x00000000080032a8                fprintf
                0x00000000080032a8                fiprintf
 .text.malloc   0x00000000080032c8       0x14 /Users/sanjaybendale/Desktop/STM32CubeIDE.app/Contents/Eclipse/plugins/com.st.stm32cube.ide.mcu.externaltools.gnu-tools-for-stm32.10.3-2021.10.macos64_1.0.100.202210260954/tools/bin/../lib/gcc/arm-none-eabi/10.3.1/../../../../arm-none-eabi/lib/thumb/v6-m/nofp/libc_nano.a(lib_a-malloc.o)
                0x00000000080032c8                malloc
 .text._free_r  0x00000000080032dc       0x94 /Users/sanjaybendale/Desktop/STM32CubeIDE.app/Contents/Eclipse/plugins/com.st.stm32cube.ide.mcu.externaltools.gnu-tools-for-stm32.10.3-2021.10.macos64_1.0.100.202210260954/tools/bin/../lib/gcc/arm-none-eabi/10.3.1/../../../../arm-none-eabi/lib/thumb/v6-m/nofp/libc_nano.a(lib_a-nano-freer.o)
                0x00000000080032dc                _free_r
 .text.sbrk_aligned
                0x0000000008003370       0x44 /Users/sanjaybendale/Desktop/STM32CubeIDE.app/Contents/Eclipse/plugins/com.st.stm32cube.ide.mcu.externaltools.gnu-tools-for-stm32.10.3-2021.10.macos64_1.0.100.202210260954/tools/bin/../lib/gcc/arm-none-eabi/10.3.1/../../../../arm-none-eabi/lib/thumb/v6-m/nofp/libc_nano.a(lib_a-nano-mallocr.o)
 .text._malloc_r
                0x00000000080033b4       0xec /Users/sanjaybendale/Desktop/STM32CubeIDE.app/Contents/Eclipse/plugins/com.st.stm32cube.ide.mcu.externaltools.gnu-tools-for-stm32.10.3-2021.10.macos64_1.0.100.202210260954/tools/bin/../lib/gcc/arm-none-eabi/10.3.1/../../../../arm-none-eabi/lib/thumb/v6-m/nofp/libc_nano.a(lib_a-nano-mallocr.o)
                0x00000000080033b4                _malloc_r
 .text.__sfputc_r
                0x00000000080034a0       0x2a /Users/sanjaybendale/Desktop/STM32CubeIDE.app/Contents/Eclipse/plugins/com.st.stm32cube.ide.mcu.externaltools.gnu-tools-for-stm32.10.3-2021.10.macos64_1.0.100.202210260954/tools/bin/../lib/gcc/arm-none-eabi/10.3.1/../../../../arm-none-eabi/lib/thumb/v6-m/nofp/libc_nano.a(lib_a-nano-vfprintf.o)
 .text.__sfputs_r
                0x00000000080034ca       0x24 /Users/sanjaybendale/Desktop/STM32CubeIDE.app/Contents/Eclipse/plugins/com.st.stm32cube.ide.mcu.externaltools.gnu-tools-for-stm32.10.3-2021.10.macos64_1.0.100.202210260954/tools/bin/../lib/gcc/arm-none-eabi/10.3.1/../../../../arm-none-eabi/lib/thumb/v6-m/nofp/libc_nano.a(lib_a-nano-vfprintf.o)
                0x00000000080034ca                __sfputs_r
 *fill*         0x00000000080034ee        0x2 
 .text._vfprintf_r
                0x00000000080034f0      0x274 /Users/sanjaybendale/Desktop/STM32CubeIDE.app/Contents/Eclipse/plugins/com.st.stm32cube.ide.mcu.externaltools.gnu-tools-for-stm32.10.3-2021.10.macos64_1.0.100.202210260954/tools/bin/../lib/gcc/arm-none-eabi/10.3.1/../../../../arm-none-eabi/lib/thumb/v6-m/nofp/libc_nano.a(lib_a-nano-vfprintf.o)
                0x00000000080034f0                _vfiprintf_r
                0x00000000080034f0                _vfprintf_r
 .text._printf_common
                0x0000000008003764       0xde /Users/sanjaybendale/Desktop/STM32CubeIDE.app/Contents/Eclipse/plugins/com.st.stm32cube.ide.mcu.externaltools.gnu-tools-for-stm32.10.3-2021.10.macos64_1.0.100.202210260954/tools/bin/../lib/gcc/arm-none-eabi/10.3.1/../../../../arm-none-eabi/lib/thumb/v6-m/nofp/libc_nano.a(lib_a-nano-vfprintf_i.o)
                0x0000000008003764                _printf_common
 *fill*         0x0000000008003842        0x2 
 .text._printf_i
                0x0000000008003844      0x224 /Users/sanjaybendale/Desktop/STM32CubeIDE.app/Contents/Eclipse/plugins/com.st.stm32cube.ide.mcu.externaltools.gnu-tools-for-stm32.10.3-2021.10.macos64_1.0.100.202210260954/tools/bin/../lib/gcc/arm-none-eabi/10.3.1/../../../../arm-none-eabi/lib/thumb/v6-m/nofp/libc_nano.a(lib_a-nano-vfprintf_i.o)
                0x0000000008003844                _printf_i
 .text._sbrk_r  0x0000000008003a68       0x24 /Users/sanjaybendale/Desktop/STM32CubeIDE.app/Contents/Eclipse/plugins/com.st.stm32cube.ide.mcu.externaltools.gnu-tools-for-stm32.10.3-2021.10.macos64_1.0.100.202210260954/tools/bin/../lib/gcc/arm-none-eabi/10.3.1/../../../../arm-none-eabi/lib/thumb/v6-m/nofp/libc_nano.a(lib_a-sbrkr.o)
                0x0000000008003a68                _sbrk_r
 .text.__swbuf_r
                0x0000000008003a8c       0xac /Users/sanjaybendale/Desktop/STM32CubeIDE.app/Contents/Eclipse/plugins/com.st.stm32cube.ide.mcu.externaltools.gnu-tools-for-stm32.10.3-2021.10.macos64_1.0.100.202210260954/tools/bin/../lib/gcc/arm-none-eabi/10.3.1/../../../../arm-none-eabi/lib/thumb/v6-m/nofp/libc_nano.a(lib_a-wbuf.o)
                0x0000000008003a8c                __swbuf_r
 .text.__swsetup_r
                0x0000000008003b38       0xf0 /Users/sanjaybendale/Desktop/STM32CubeIDE.app/Contents/Eclipse/plugins/com.st.stm32cube.ide.mcu.externaltools.gnu-tools-for-stm32.10.3-2021.10.macos64_1.0.100.202210260954/tools/bin/../lib/gcc/arm-none-eabi/10.3.1/../../../../arm-none-eabi/lib/thumb/v6-m/nofp/libc_nano.a(lib_a-wsetup.o)
                0x0000000008003b38                __swsetup_r
 .text.abort    0x0000000008003c28        0xe /Users/sanjaybendale/Desktop/STM32CubeIDE.app/Contents/Eclipse/plugins/com.st.stm32cube.ide.mcu.externaltools.gnu-tools-for-stm32.10.3-2021.10.macos64_1.0.100.202210260954/tools/bin/../lib/gcc/arm-none-eabi/10.3.1/../../../../arm-none-eabi/lib/thumb/v6-m/nofp/libc_nano.a(lib_a-abort.o)
                0x0000000008003c28                abort
 *fill*         0x0000000008003c36        0x2 
 .text.__sflush_r
                0x0000000008003c38      0x118 /Users/sanjaybendale/Desktop/STM32CubeIDE.app/Contents/Eclipse/plugins/com.st.stm32cube.ide.mcu.externaltools.gnu-tools-for-stm32.10.3-2021.10.macos64_1.0.100.202210260954/tools/bin/../lib/gcc/arm-none-eabi/10.3.1/../../../../arm-none-eabi/lib/thumb/v6-m/nofp/libc_nano.a(lib_a-fflush.o)
                0x0000000008003c38                __sflush_r
 .text._fflush_r
                0x0000000008003d50       0x80 /Users/sanjaybendale/Desktop/STM32CubeIDE.app/Contents/Eclipse/plugins/com.st.stm32cube.ide.mcu.externaltools.gnu-tools-for-stm32.10.3-2021.10.macos64_1.0.100.202210260954/tools/bin/../lib/gcc/arm-none-eabi/10.3.1/../../../../arm-none-eabi/lib/thumb/v6-m/nofp/libc_nano.a(lib_a-fflush.o)
                0x0000000008003d50                _fflush_r
 .text.std      0x0000000008003dd0       0x48 /Users/sanjaybendale/Desktop/STM32CubeIDE.app/Contents/Eclipse/plugins/com.st.stm32cube.ide.mcu.externaltools.gnu-tools-for-stm32.10.3-2021.10.macos64_1.0.100.202210260954/tools/bin/../lib/gcc/arm-none-eabi/10.3.1/../../../../arm-none-eabi/lib/thumb/v6-m/nofp/libc_nano.a(lib_a-findfp.o)
 .text._cleanup_r
                0x0000000008003e18       0x10 /Users/sanjaybendale/Desktop/STM32CubeIDE.app/Contents/Eclipse/plugins/com.st.stm32cube.ide.mcu.externaltools.gnu-tools-for-stm32.10.3-2021.10.macos64_1.0.100.202210260954/tools/bin/../lib/gcc/arm-none-eabi/10.3.1/../../../../arm-none-eabi/lib/thumb/v6-m/nofp/libc_nano.a(lib_a-findfp.o)
                0x0000000008003e18                _cleanup_r
 .text.__sfmoreglue
                0x0000000008003e28       0x2c /Users/sanjaybendale/Desktop/STM32CubeIDE.app/Contents/Eclipse/plugins/com.st.stm32cube.ide.mcu.externaltools.gnu-tools-for-stm32.10.3-2021.10.macos64_1.0.100.202210260954/tools/bin/../lib/gcc/arm-none-eabi/10.3.1/../../../../arm-none-eabi/lib/thumb/v6-m/nofp/libc_nano.a(lib_a-findfp.o)
                0x0000000008003e28                __sfmoreglue
 .text.__sfp_lock_acquire
                0x0000000008003e54       0x10 /Users/sanjaybendale/Desktop/STM32CubeIDE.app/Contents/Eclipse/plugins/com.st.stm32cube.ide.mcu.externaltools.gnu-tools-for-stm32.10.3-2021.10.macos64_1.0.100.202210260954/tools/bin/../lib/gcc/arm-none-eabi/10.3.1/../../../../arm-none-eabi/lib/thumb/v6-m/nofp/libc_nano.a(lib_a-findfp.o)
                0x0000000008003e54                __sfp_lock_acquire
 .text.__sfp_lock_release
                0x0000000008003e64       0x10 /Users/sanjaybendale/Desktop/STM32CubeIDE.app/Contents/Eclipse/plugins/com.st.stm32cube.ide.mcu.externaltools.gnu-tools-for-stm32.10.3-2021.10.macos64_1.0.100.202210260954/tools/bin/../lib/gcc/arm-none-eabi/10.3.1/../../../../arm-none-eabi/lib/thumb/v6-m/nofp/libc_nano.a(lib_a-findfp.o)
                0x0000000008003e64                __sfp_lock_release
 .text.__sinit_lock_acquire
                0x0000000008003e74       0x10 /Users/sanjaybendale/Desktop/STM32CubeIDE.app/Contents/Eclipse/plugins/com.st.stm32cube.ide.mcu.externaltools.gnu-tools-for-stm32.10.3-2021.10.macos64_1.0.100.202210260954/tools/bin/../lib/gcc/arm-none-eabi/10.3.1/../../../../arm-none-eabi/lib/thumb/v6-m/nofp/libc_nano.a(lib_a-findfp.o)
                0x0000000008003e74                __sinit_lock_acquire
 .text.__sinit_lock_release
                0x0000000008003e84       0x10 /Users/sanjaybendale/Desktop/STM32CubeIDE.app/Contents/Eclipse/plugins/com.st.stm32cube.ide.mcu.externaltools.gnu-tools-for-stm32.10.3-2021.10.macos64_1.0.100.202210260954/tools/bin/../lib/gcc/arm-none-eabi/10.3.1/../../../../arm-none-eabi/lib/thumb/v6-m/nofp/libc_nano.a(lib_a-findfp.o)
                0x0000000008003e84                __sinit_lock_release
 .text.__sinit  0x0000000008003e94       0x70 /Users/sanjaybendale/Desktop/STM32CubeIDE.app/Contents/Eclipse/plugins/com.st.stm32cube.ide.mcu.externaltools.gnu-tools-for-stm32.10.3-2021.10.macos64_1.0.100.202210260954/tools/bin/../lib/gcc/arm-none-eabi/10.3.1/../../../../arm-none-eabi/lib/thumb/v6-m/nofp/libc_nano.a(lib_a-findfp.o)
                0x0000000008003e94                __sinit
 .text.__sfp    0x0000000008003f04       0x90 /Users/sanjaybendale/Desktop/STM32CubeIDE.app/Contents/Eclipse/plugins/com.st.stm32cube.ide.mcu.externaltools.gnu-tools-for-stm32.10.3-2021.10.macos64_1.0.100.202210260954/tools/bin/../lib/gcc/arm-none-eabi/10.3.1/../../../../arm-none-eabi/lib/thumb/v6-m/nofp/libc_nano.a(lib_a-findfp.o)
                0x0000000008003f04                __sfp
 .text._fwalk_reent
                0x0000000008003f94       0x40 /Users/sanjaybendale/Desktop/STM32CubeIDE.app/Contents/Eclipse/plugins/com.st.stm32cube.ide.mcu.externaltools.gnu-tools-for-stm32.10.3-2021.10.macos64_1.0.100.202210260954/tools/bin/../lib/gcc/arm-none-eabi/10.3.1/../../../../arm-none-eabi/lib/thumb/v6-m/nofp/libc_nano.a(lib_a-fwalk.o)
                0x0000000008003f94                _fwalk_reent
 .text.__retarget_lock_init_recursive
                0x0000000008003fd4        0x2 /Users/sanjaybendale/Desktop/STM32CubeIDE.app/Contents/Eclipse/plugins/com.st.stm32cube.ide.mcu.externaltools.gnu-tools-for-stm32.10.3-2021.10.macos64_1.0.100.202210260954/tools/bin/../lib/gcc/arm-none-eabi/10.3.1/../../../../arm-none-eabi/lib/thumb/v6-m/nofp/libc_nano.a(lib_a-lock.o)
                0x0000000008003fd4                __retarget_lock_init_recursive
 .text.__retarget_lock_acquire_recursive
                0x0000000008003fd6        0x2 /Users/sanjaybendale/Desktop/STM32CubeIDE.app/Contents/Eclipse/plugins/com.st.stm32cube.ide.mcu.externaltools.gnu-tools-for-stm32.10.3-2021.10.macos64_1.0.100.202210260954/tools/bin/../lib/gcc/arm-none-eabi/10.3.1/../../../../arm-none-eabi/lib/thumb/v6-m/nofp/libc_nano.a(lib_a-lock.o)
                0x0000000008003fd6                __retarget_lock_acquire_recursive
 .text.__retarget_lock_release_recursive
                0x0000000008003fd8        0x2 /Users/sanjaybendale/Desktop/STM32CubeIDE.app/Contents/Eclipse/plugins/com.st.stm32cube.ide.mcu.externaltools.gnu-tools-for-stm32.10.3-2021.10.macos64_1.0.100.202210260954/tools/bin/../lib/gcc/arm-none-eabi/10.3.1/../../../../arm-none-eabi/lib/thumb/v6-m/nofp/libc_nano.a(lib_a-lock.o)
                0x0000000008003fd8                __retarget_lock_release_recursive
 *fill*         0x0000000008003fda        0x2 
 .text.__swhatbuf_r
                0x0000000008003fdc       0x50 /Users/sanjaybendale/Desktop/STM32CubeIDE.app/Contents/Eclipse/plugins/com.st.stm32cube.ide.mcu.externaltools.gnu-tools-for-stm32.10.3-2021.10.macos64_1.0.100.202210260954/tools/bin/../lib/gcc/arm-none-eabi/10.3.1/../../../../arm-none-eabi/lib/thumb/v6-m/nofp/libc_nano.a(lib_a-makebuf.o)
                0x0000000008003fdc                __swhatbuf_r
 .text.__smakebuf_r
                0x000000000800402c       0x88 /Users/sanjaybendale/Desktop/STM32CubeIDE.app/Contents/Eclipse/plugins/com.st.stm32cube.ide.mcu.externaltools.gnu-tools-for-stm32.10.3-2021.10.macos64_1.0.100.202210260954/tools/bin/../lib/gcc/arm-none-eabi/10.3.1/../../../../arm-none-eabi/lib/thumb/v6-m/nofp/libc_nano.a(lib_a-makebuf.o)
                0x000000000800402c                __smakebuf_r
 .text.memchr   0x00000000080040b4       0x16 /Users/sanjaybendale/Desktop/STM32CubeIDE.app/Contents/Eclipse/plugins/com.st.stm32cube.ide.mcu.externaltools.gnu-tools-for-stm32.10.3-2021.10.macos64_1.0.100.202210260954/tools/bin/../lib/gcc/arm-none-eabi/10.3.1/../../../../arm-none-eabi/lib/thumb/v6-m/nofp/libc_nano.a(lib_a-memchr-stub.o)
                0x00000000080040b4                memchr
 *fill*         0x00000000080040ca        0x2 
 .text.__malloc_lock
                0x00000000080040cc       0x10 /Users/sanjaybendale/Desktop/STM32CubeIDE.app/Contents/Eclipse/plugins/com.st.stm32cube.ide.mcu.externaltools.gnu-tools-for-stm32.10.3-2021.10.macos64_1.0.100.202210260954/tools/bin/../lib/gcc/arm-none-eabi/10.3.1/../../../../arm-none-eabi/lib/thumb/v6-m/nofp/libc_nano.a(lib_a-mlock.o)
                0x00000000080040cc                __malloc_lock
 .text.__malloc_unlock
                0x00000000080040dc       0x10 /Users/sanjaybendale/Desktop/STM32CubeIDE.app/Contents/Eclipse/plugins/com.st.stm32cube.ide.mcu.externaltools.gnu-tools-for-stm32.10.3-2021.10.macos64_1.0.100.202210260954/tools/bin/../lib/gcc/arm-none-eabi/10.3.1/../../../../arm-none-eabi/lib/thumb/v6-m/nofp/libc_nano.a(lib_a-mlock.o)
                0x00000000080040dc                __malloc_unlock
 .text._raise_r
                0x00000000080040ec       0x54 /Users/sanjaybendale/Desktop/STM32CubeIDE.app/Contents/Eclipse/plugins/com.st.stm32cube.ide.mcu.externaltools.gnu-tools-for-stm32.10.3-2021.10.macos64_1.0.100.202210260954/tools/bin/../lib/gcc/arm-none-eabi/10.3.1/../../../../arm-none-eabi/lib/thumb/v6-m/nofp/libc_nano.a(lib_a-signal.o)
                0x00000000080040ec                _raise_r
 .text.raise    0x0000000008004140       0x14 /Users/sanjaybendale/Desktop/STM32CubeIDE.app/Contents/Eclipse/plugins/com.st.stm32cube.ide.mcu.externaltools.gnu-tools-for-stm32.10.3-2021.10.macos64_1.0.100.202210260954/tools/bin/../lib/gcc/arm-none-eabi/10.3.1/../../../../arm-none-eabi/lib/thumb/v6-m/nofp/libc_nano.a(lib_a-signal.o)
                0x0000000008004140                raise
 .text._kill_r  0x0000000008004154       0x24 /Users/sanjaybendale/Desktop/STM32CubeIDE.app/Contents/Eclipse/plugins/com.st.stm32cube.ide.mcu.externaltools.gnu-tools-for-stm32.10.3-2021.10.macos64_1.0.100.202210260954/tools/bin/../lib/gcc/arm-none-eabi/10.3.1/../../../../arm-none-eabi/lib/thumb/v6-m/nofp/libc_nano.a(lib_a-signalr.o)
                0x0000000008004154                _kill_r
 .text._getpid_r
                0x0000000008004178        0x8 /Users/sanjaybendale/Desktop/STM32CubeIDE.app/Contents/Eclipse/plugins/com.st.stm32cube.ide.mcu.externaltools.gnu-tools-for-stm32.10.3-2021.10.macos64_1.0.100.202210260954/tools/bin/../lib/gcc/arm-none-eabi/10.3.1/../../../../arm-none-eabi/lib/thumb/v6-m/nofp/libc_nano.a(lib_a-signalr.o)
                0x0000000008004178                _getpid_r
 .text.__sread  0x0000000008004180       0x28 /Users/sanjaybendale/Desktop/STM32CubeIDE.app/Contents/Eclipse/plugins/com.st.stm32cube.ide.mcu.externaltools.gnu-tools-for-stm32.10.3-2021.10.macos64_1.0.100.202210260954/tools/bin/../lib/gcc/arm-none-eabi/10.3.1/../../../../arm-none-eabi/lib/thumb/v6-m/nofp/libc_nano.a(lib_a-stdio.o)
                0x0000000008004180                __sread
 .text.__swrite
                0x00000000080041a8       0x38 /Users/sanjaybendale/Desktop/STM32CubeIDE.app/Contents/Eclipse/plugins/com.st.stm32cube.ide.mcu.externaltools.gnu-tools-for-stm32.10.3-2021.10.macos64_1.0.100.202210260954/tools/bin/../lib/gcc/arm-none-eabi/10.3.1/../../../../arm-none-eabi/lib/thumb/v6-m/nofp/libc_nano.a(lib_a-stdio.o)
                0x00000000080041a8                __swrite
 .text.__sseek  0x00000000080041e0       0x2c /Users/sanjaybendale/Desktop/STM32CubeIDE.app/Contents/Eclipse/plugins/com.st.stm32cube.ide.mcu.externaltools.gnu-tools-for-stm32.10.3-2021.10.macos64_1.0.100.202210260954/tools/bin/../lib/gcc/arm-none-eabi/10.3.1/../../../../arm-none-eabi/lib/thumb/v6-m/nofp/libc_nano.a(lib_a-stdio.o)
                0x00000000080041e0                __sseek
 .text.__sclose
                0x000000000800420c        0xc /Users/sanjaybendale/Desktop/STM32CubeIDE.app/Contents/Eclipse/plugins/com.st.stm32cube.ide.mcu.externaltools.gnu-tools-for-stm32.10.3-2021.10.macos64_1.0.100.202210260954/tools/bin/../lib/gcc/arm-none-eabi/10.3.1/../../../../arm-none-eabi/lib/thumb/v6-m/nofp/libc_nano.a(lib_a-stdio.o)
                0x000000000800420c                __sclose
 .text._write_r
                0x0000000008004218       0x28 /Users/sanjaybendale/Desktop/STM32CubeIDE.app/Contents/Eclipse/plugins/com.st.stm32cube.ide.mcu.externaltools.gnu-tools-for-stm32.10.3-2021.10.macos64_1.0.100.202210260954/tools/bin/../lib/gcc/arm-none-eabi/10.3.1/../../../../arm-none-eabi/lib/thumb/v6-m/nofp/libc_nano.a(lib_a-writer.o)
                0x0000000008004218                _write_r
 .text._close_r
                0x0000000008004240       0x24 /Users/sanjaybendale/Desktop/STM32CubeIDE.app/Contents/Eclipse/plugins/com.st.stm32cube.ide.mcu.externaltools.gnu-tools-for-stm32.10.3-2021.10.macos64_1.0.100.202210260954/tools/bin/../lib/gcc/arm-none-eabi/10.3.1/../../../../arm-none-eabi/lib/thumb/v6-m/nofp/libc_nano.a(lib_a-closer.o)
                0x0000000008004240                _close_r
 .text._fstat_r
                0x0000000008004264       0x24 /Users/sanjaybendale/Desktop/STM32CubeIDE.app/Contents/Eclipse/plugins/com.st.stm32cube.ide.mcu.externaltools.gnu-tools-for-stm32.10.3-2021.10.macos64_1.0.100.202210260954/tools/bin/../lib/gcc/arm-none-eabi/10.3.1/../../../../arm-none-eabi/lib/thumb/v6-m/nofp/libc_nano.a(lib_a-fstatr.o)
                0x0000000008004264                _fstat_r
 .text._isatty_r
                0x0000000008004288       0x24 /Users/sanjaybendale/Desktop/STM32CubeIDE.app/Contents/Eclipse/plugins/com.st.stm32cube.ide.mcu.externaltools.gnu-tools-for-stm32.10.3-2021.10.macos64_1.0.100.202210260954/tools/bin/../lib/gcc/arm-none-eabi/10.3.1/../../../../arm-none-eabi/lib/thumb/v6-m/nofp/libc_nano.a(lib_a-isattyr.o)
                0x0000000008004288                _isatty_r
 .text._lseek_r
                0x00000000080042ac       0x28 /Users/sanjaybendale/Desktop/STM32CubeIDE.app/Contents/Eclipse/plugins/com.st.stm32cube.ide.mcu.externaltools.gnu-tools-for-stm32.10.3-2021.10.macos64_1.0.100.202210260954/tools/bin/../lib/gcc/arm-none-eabi/10.3.1/../../../../arm-none-eabi/lib/thumb/v6-m/nofp/libc_nano.a(lib_a-lseekr.o)
                0x00000000080042ac                _lseek_r
 .text._read_r  0x00000000080042d4       0x28 /Users/sanjaybendale/Desktop/STM32CubeIDE.app/Contents/Eclipse/plugins/com.st.stm32cube.ide.mcu.externaltools.gnu-tools-for-stm32.10.3-2021.10.macos64_1.0.100.202210260954/tools/bin/../lib/gcc/arm-none-eabi/10.3.1/../../../../arm-none-eabi/lib/thumb/v6-m/nofp/libc_nano.a(lib_a-readr.o)
                0x00000000080042d4                _read_r
 *(.glue_7)
 .glue_7        0x00000000080042fc        0x0 linker stubs
 *(.glue_7t)
 .glue_7t       0x00000000080042fc        0x0 linker stubs
 *(.eh_frame)
 .eh_frame      0x00000000080042fc        0x0 /Users/sanjaybendale/Desktop/STM32CubeIDE.app/Contents/Eclipse/plugins/com.st.stm32cube.ide.mcu.externaltools.gnu-tools-for-stm32.10.3-2021.10.macos64_1.0.100.202210260954/tools/bin/../lib/gcc/arm-none-eabi/10.3.1/thumb/v6-m/nofp/crtbegin.o
 *(.init)
 .init          0x00000000080042fc        0x4 /Users/sanjaybendale/Desktop/STM32CubeIDE.app/Contents/Eclipse/plugins/com.st.stm32cube.ide.mcu.externaltools.gnu-tools-for-stm32.10.3-2021.10.macos64_1.0.100.202210260954/tools/bin/../lib/gcc/arm-none-eabi/10.3.1/thumb/v6-m/nofp/crti.o
                0x00000000080042fc                _init
 .init          0x0000000008004300        0x8 /Users/sanjaybendale/Desktop/STM32CubeIDE.app/Contents/Eclipse/plugins/com.st.stm32cube.ide.mcu.externaltools.gnu-tools-for-stm32.10.3-2021.10.macos64_1.0.100.202210260954/tools/bin/../lib/gcc/arm-none-eabi/10.3.1/thumb/v6-m/nofp/crtn.o
 *(.fini)
 .fini          0x0000000008004308        0x4 /Users/sanjaybendale/Desktop/STM32CubeIDE.app/Contents/Eclipse/plugins/com.st.stm32cube.ide.mcu.externaltools.gnu-tools-for-stm32.10.3-2021.10.macos64_1.0.100.202210260954/tools/bin/../lib/gcc/arm-none-eabi/10.3.1/thumb/v6-m/nofp/crti.o
                0x0000000008004308                _fini
 .fini          0x000000000800430c        0x8 /Users/sanjaybendale/Desktop/STM32CubeIDE.app/Contents/Eclipse/plugins/com.st.stm32cube.ide.mcu.externaltools.gnu-tools-for-stm32.10.3-2021.10.macos64_1.0.100.202210260954/tools/bin/../lib/gcc/arm-none-eabi/10.3.1/thumb/v6-m/nofp/crtn.o
                0x0000000008004314                . = ALIGN (0x4)
                0x0000000008004314                _etext = .

.vfp11_veneer   0x0000000008004314        0x0
 .vfp11_veneer  0x0000000008004314        0x0 linker stubs

.v4_bx          0x0000000008004314        0x0
 .v4_bx         0x0000000008004314        0x0 linker stubs

.iplt           0x0000000008004314        0x0
 .iplt          0x0000000008004314        0x0 /Users/sanjaybendale/Desktop/STM32CubeIDE.app/Contents/Eclipse/plugins/com.st.stm32cube.ide.mcu.externaltools.gnu-tools-for-stm32.10.3-2021.10.macos64_1.0.100.202210260954/tools/bin/../lib/gcc/arm-none-eabi/10.3.1/thumb/v6-m/nofp/crtbegin.o

.rodata         0x0000000008004314      0x194
                0x0000000008004314                . = ALIGN (0x4)
 *(.rodata)
 *(.rodata*)
 .rodata.NRF905_default_config
                0x0000000008004314        0xa ./Core/Src/NRF905.o
 *fill*         0x000000000800431e        0x2 
 .rodata.AHBPrescTable
                0x0000000008004320       0x40 ./Core/Src/system_stm32g0xx.o
                0x0000000008004320                AHBPrescTable
 .rodata._global_impure_ptr
                0x0000000008004360        0x4 /Users/sanjaybendale/Desktop/STM32CubeIDE.app/Contents/Eclipse/plugins/com.st.stm32cube.ide.mcu.externaltools.gnu-tools-for-stm32.10.3-2021.10.macos64_1.0.100.202210260954/tools/bin/../lib/gcc/arm-none-eabi/10.3.1/../../../../arm-none-eabi/lib/thumb/v6-m/nofp/libc_nano.a(lib_a-impure.o)
                0x0000000008004360                _global_impure_ptr
 .rodata.srand.str1.1
                0x0000000008004364       0x72 /Users/sanjaybendale/Desktop/STM32CubeIDE.app/Contents/Eclipse/plugins/com.st.stm32cube.ide.mcu.externaltools.gnu-tools-for-stm32.10.3-2021.10.macos64_1.0.100.202210260954/tools/bin/../lib/gcc/arm-none-eabi/10.3.1/../../../../arm-none-eabi/lib/thumb/v6-m/nofp/libc_nano.a(lib_a-rand.o)
 .rodata.__assert_func.str1.1
                0x00000000080043d6       0x3c /Users/sanjaybendale/Desktop/STM32CubeIDE.app/Contents/Eclipse/plugins/com.st.stm32cube.ide.mcu.externaltools.gnu-tools-for-stm32.10.3-2021.10.macos64_1.0.100.202210260954/tools/bin/../lib/gcc/arm-none-eabi/10.3.1/../../../../arm-none-eabi/lib/thumb/v6-m/nofp/libc_nano.a(lib_a-assert.o)
                                         0x3d (size before relaxing)
 .rodata._vfprintf_r.str1.1
                0x0000000008004412       0x11 /Users/sanjaybendale/Desktop/STM32CubeIDE.app/Contents/Eclipse/plugins/com.st.stm32cube.ide.mcu.externaltools.gnu-tools-for-stm32.10.3-2021.10.macos64_1.0.100.202210260954/tools/bin/../lib/gcc/arm-none-eabi/10.3.1/../../../../arm-none-eabi/lib/thumb/v6-m/nofp/libc_nano.a(lib_a-nano-vfprintf.o)
 .rodata._printf_i.str1.1
                0x0000000008004423       0x22 /Users/sanjaybendale/Desktop/STM32CubeIDE.app/Contents/Eclipse/plugins/com.st.stm32cube.ide.mcu.externaltools.gnu-tools-for-stm32.10.3-2021.10.macos64_1.0.100.202210260954/tools/bin/../lib/gcc/arm-none-eabi/10.3.1/../../../../arm-none-eabi/lib/thumb/v6-m/nofp/libc_nano.a(lib_a-nano-vfprintf_i.o)
 *fill*         0x0000000008004445        0x3 
 .rodata.__sf_fake_stderr
                0x0000000008004448       0x20 /Users/sanjaybendale/Desktop/STM32CubeIDE.app/Contents/Eclipse/plugins/com.st.stm32cube.ide.mcu.externaltools.gnu-tools-for-stm32.10.3-2021.10.macos64_1.0.100.202210260954/tools/bin/../lib/gcc/arm-none-eabi/10.3.1/../../../../arm-none-eabi/lib/thumb/v6-m/nofp/libc_nano.a(lib_a-findfp.o)
                0x0000000008004448                __sf_fake_stderr
 .rodata.__sf_fake_stdin
                0x0000000008004468       0x20 /Users/sanjaybendale/Desktop/STM32CubeIDE.app/Contents/Eclipse/plugins/com.st.stm32cube.ide.mcu.externaltools.gnu-tools-for-stm32.10.3-2021.10.macos64_1.0.100.202210260954/tools/bin/../lib/gcc/arm-none-eabi/10.3.1/../../../../arm-none-eabi/lib/thumb/v6-m/nofp/libc_nano.a(lib_a-findfp.o)
                0x0000000008004468                __sf_fake_stdin
 .rodata.__sf_fake_stdout
                0x0000000008004488       0x20 /Users/sanjaybendale/Desktop/STM32CubeIDE.app/Contents/Eclipse/plugins/com.st.stm32cube.ide.mcu.externaltools.gnu-tools-for-stm32.10.3-2021.10.macos64_1.0.100.202210260954/tools/bin/../lib/gcc/arm-none-eabi/10.3.1/../../../../arm-none-eabi/lib/thumb/v6-m/nofp/libc_nano.a(lib_a-findfp.o)
                0x0000000008004488                __sf_fake_stdout
                0x00000000080044a8                . = ALIGN (0x4)

.rel.dyn        0x00000000080044a8        0x0
 .rel.iplt      0x00000000080044a8        0x0 /Users/sanjaybendale/Desktop/STM32CubeIDE.app/Contents/Eclipse/plugins/com.st.stm32cube.ide.mcu.externaltools.gnu-tools-for-stm32.10.3-2021.10.macos64_1.0.100.202210260954/tools/bin/../lib/gcc/arm-none-eabi/10.3.1/thumb/v6-m/nofp/crtbegin.o

.ARM.extab      0x00000000080044a8        0x0
                0x00000000080044a8                . = ALIGN (0x4)
 *(.ARM.extab* .gnu.linkonce.armextab.*)
                0x00000000080044a8                . = ALIGN (0x4)

.ARM            0x00000000080044a8        0x0
                0x00000000080044a8                . = ALIGN (0x4)
                0x00000000080044a8                __exidx_start = .
 *(.ARM.exidx*)
                0x00000000080044a8                __exidx_end = .
                0x00000000080044a8                . = ALIGN (0x4)

.preinit_array  0x00000000080044a8        0x0
                0x00000000080044a8                . = ALIGN (0x4)
                0x00000000080044a8                PROVIDE (__preinit_array_start = .)
 *(.preinit_array*)
                0x00000000080044a8                PROVIDE (__preinit_array_end = .)
                0x00000000080044a8                . = ALIGN (0x4)

.init_array     0x00000000080044a8        0x4
                0x00000000080044a8                . = ALIGN (0x4)
                0x00000000080044a8                PROVIDE (__init_array_start = .)
 *(SORT_BY_NAME(.init_array.*))
 *(.init_array*)
 .init_array    0x00000000080044a8        0x4 /Users/sanjaybendale/Desktop/STM32CubeIDE.app/Contents/Eclipse/plugins/com.st.stm32cube.ide.mcu.externaltools.gnu-tools-for-stm32.10.3-2021.10.macos64_1.0.100.202210260954/tools/bin/../lib/gcc/arm-none-eabi/10.3.1/thumb/v6-m/nofp/crtbegin.o
                0x00000000080044ac                PROVIDE (__init_array_end = .)
                0x00000000080044ac                . = ALIGN (0x4)

.fini_array     0x00000000080044ac        0x4
                0x00000000080044ac                . = ALIGN (0x4)
                [!provide]                        PROVIDE (__fini_array_start = .)
 *(SORT_BY_NAME(.fini_array.*))
 *(.fini_array*)
 .fini_array    0x00000000080044ac        0x4 /Users/sanjaybendale/Desktop/STM32CubeIDE.app/Contents/Eclipse/plugins/com.st.stm32cube.ide.mcu.externaltools.gnu-tools-for-stm32.10.3-2021.10.macos64_1.0.100.202210260954/tools/bin/../lib/gcc/arm-none-eabi/10.3.1/thumb/v6-m/nofp/crtbegin.o
                [!provide]                        PROVIDE (__fini_array_end = .)
                0x00000000080044b0                . = ALIGN (0x4)
                0x00000000080044b0                _sidata = LOADADDR (.data)

.data           0x0000000020000000       0x70 load address 0x00000000080044b0
                0x0000000020000000                . = ALIGN (0x4)
                0x0000000020000000                _sdata = .
 *(.data)
 *(.data*)
 .data.SystemCoreClock
                0x0000000020000000        0x4 ./Core/Src/system_stm32g0xx.o
                0x0000000020000000                SystemCoreClock
 .data.uwTickPrio
                0x0000000020000004        0x4 ./Drivers/STM32G0xx_HAL_Driver/Src/stm32g0xx_hal.o
                0x0000000020000004                uwTickPrio
 .data.uwTickFreq
                0x0000000020000008        0x1 ./Drivers/STM32G0xx_HAL_Driver/Src/stm32g0xx_hal.o
                0x0000000020000008                uwTickFreq
 *fill*         0x0000000020000009        0x3 
 .data._impure_ptr
                0x000000002000000c        0x4 /Users/sanjaybendale/Desktop/STM32CubeIDE.app/Contents/Eclipse/plugins/com.st.stm32cube.ide.mcu.externaltools.gnu-tools-for-stm32.10.3-2021.10.macos64_1.0.100.202210260954/tools/bin/../lib/gcc/arm-none-eabi/10.3.1/../../../../arm-none-eabi/lib/thumb/v6-m/nofp/libc_nano.a(lib_a-impure.o)
                0x000000002000000c                _impure_ptr
 .data.impure_data
                0x0000000020000010       0x60 /Users/sanjaybendale/Desktop/STM32CubeIDE.app/Contents/Eclipse/plugins/com.st.stm32cube.ide.mcu.externaltools.gnu-tools-for-stm32.10.3-2021.10.macos64_1.0.100.202210260954/tools/bin/../lib/gcc/arm-none-eabi/10.3.1/../../../../arm-none-eabi/lib/thumb/v6-m/nofp/libc_nano.a(lib_a-impure.o)
 *(.RamFunc)
 *(.RamFunc*)
                0x0000000020000070                . = ALIGN (0x4)
                0x0000000020000070                _edata = .

.igot.plt       0x0000000020000070        0x0 load address 0x0000000008004520
 .igot.plt      0x0000000020000070        0x0 /Users/sanjaybendale/Desktop/STM32CubeIDE.app/Contents/Eclipse/plugins/com.st.stm32cube.ide.mcu.externaltools.gnu-tools-for-stm32.10.3-2021.10.macos64_1.0.100.202210260954/tools/bin/../lib/gcc/arm-none-eabi/10.3.1/thumb/v6-m/nofp/crtbegin.o
                0x0000000020000070                . = ALIGN (0x4)

.bss            0x0000000020000070      0x188 load address 0x0000000008004520
                0x0000000020000070                _sbss = .
                0x0000000020000070                __bss_start__ = _sbss
 *(.bss)
 .bss           0x0000000020000070       0x1c /Users/sanjaybendale/Desktop/STM32CubeIDE.app/Contents/Eclipse/plugins/com.st.stm32cube.ide.mcu.externaltools.gnu-tools-for-stm32.10.3-2021.10.macos64_1.0.100.202210260954/tools/bin/../lib/gcc/arm-none-eabi/10.3.1/thumb/v6-m/nofp/crtbegin.o
 *(.bss*)
 .bss.NRF905_hw
                0x000000002000008c       0x40 ./Core/Src/main.o
                0x000000002000008c                NRF905_hw
 .bss.NRF905    0x00000000200000cc       0x14 ./Core/Src/main.o
                0x00000000200000cc                NRF905
 .bss.flag      0x00000000200000e0        0x1 ./Core/Src/main.o
                0x00000000200000e0                flag
 *fill*         0x00000000200000e1        0x3 
 .bss.hspi2     0x00000000200000e4       0x64 ./Core/Src/spi.o
                0x00000000200000e4                hspi2
 .bss.__sbrk_heap_end
                0x0000000020000148        0x4 ./Core/Src/sysmem.o
 .bss.htim3     0x000000002000014c       0x4c ./Core/Src/tim.o
                0x000000002000014c                htim3
 .bss.htim14    0x0000000020000198       0x4c ./Core/Src/tim.o
                0x0000000020000198                htim14
 .bss.uwTick    0x00000000200001e4        0x4 ./Drivers/STM32G0xx_HAL_Driver/Src/stm32g0xx_hal.o
                0x00000000200001e4                uwTick
 .bss.__malloc_free_list
                0x00000000200001e8        0x4 /Users/sanjaybendale/Desktop/STM32CubeIDE.app/Contents/Eclipse/plugins/com.st.stm32cube.ide.mcu.externaltools.gnu-tools-for-stm32.10.3-2021.10.macos64_1.0.100.202210260954/tools/bin/../lib/gcc/arm-none-eabi/10.3.1/../../../../arm-none-eabi/lib/thumb/v6-m/nofp/libc_nano.a(lib_a-nano-mallocr.o)
                0x00000000200001e8                __malloc_free_list
 .bss.__malloc_sbrk_start
                0x00000000200001ec        0x4 /Users/sanjaybendale/Desktop/STM32CubeIDE.app/Contents/Eclipse/plugins/com.st.stm32cube.ide.mcu.externaltools.gnu-tools-for-stm32.10.3-2021.10.macos64_1.0.100.202210260954/tools/bin/../lib/gcc/arm-none-eabi/10.3.1/../../../../arm-none-eabi/lib/thumb/v6-m/nofp/libc_nano.a(lib_a-nano-mallocr.o)
                0x00000000200001ec                __malloc_sbrk_start
 .bss.__lock___malloc_recursive_mutex
                0x00000000200001f0        0x1 /Users/sanjaybendale/Desktop/STM32CubeIDE.app/Contents/Eclipse/plugins/com.st.stm32cube.ide.mcu.externaltools.gnu-tools-for-stm32.10.3-2021.10.macos64_1.0.100.202210260954/tools/bin/../lib/gcc/arm-none-eabi/10.3.1/../../../../arm-none-eabi/lib/thumb/v6-m/nofp/libc_nano.a(lib_a-lock.o)
                0x00000000200001f0                __lock___malloc_recursive_mutex
 .bss.__lock___sfp_recursive_mutex
                0x00000000200001f1        0x1 /Users/sanjaybendale/Desktop/STM32CubeIDE.app/Contents/Eclipse/plugins/com.st.stm32cube.ide.mcu.externaltools.gnu-tools-for-stm32.10.3-2021.10.macos64_1.0.100.202210260954/tools/bin/../lib/gcc/arm-none-eabi/10.3.1/../../../../arm-none-eabi/lib/thumb/v6-m/nofp/libc_nano.a(lib_a-lock.o)
                0x00000000200001f1                __lock___sfp_recursive_mutex
 .bss.__lock___sinit_recursive_mutex
                0x00000000200001f2        0x1 /Users/sanjaybendale/Desktop/STM32CubeIDE.app/Contents/Eclipse/plugins/com.st.stm32cube.ide.mcu.externaltools.gnu-tools-for-stm32.10.3-2021.10.macos64_1.0.100.202210260954/tools/bin/../lib/gcc/arm-none-eabi/10.3.1/../../../../arm-none-eabi/lib/thumb/v6-m/nofp/libc_nano.a(lib_a-lock.o)
                0x00000000200001f2                __lock___sinit_recursive_mutex
 *fill*         0x00000000200001f3        0x1 
 .bss.errno     0x00000000200001f4        0x4 /Users/sanjaybendale/Desktop/STM32CubeIDE.app/Contents/Eclipse/plugins/com.st.stm32cube.ide.mcu.externaltools.gnu-tools-for-stm32.10.3-2021.10.macos64_1.0.100.202210260954/tools/bin/../lib/gcc/arm-none-eabi/10.3.1/../../../../arm-none-eabi/lib/thumb/v6-m/nofp/libc_nano.a(lib_a-reent.o)
                0x00000000200001f4                errno
 *(COMMON)
                0x00000000200001f8                . = ALIGN (0x4)
                0x00000000200001f8                _ebss = .
                0x00000000200001f8                __bss_end__ = _ebss

._user_heap_stack
                0x00000000200001f8      0x600 load address 0x0000000008004520
                0x00000000200001f8                . = ALIGN (0x8)
                [!provide]                        PROVIDE (end = .)
                0x00000000200001f8                PROVIDE (_end = .)
                0x00000000200003f8                . = (. + _Min_Heap_Size)
 *fill*         0x00000000200001f8      0x200 
                0x00000000200007f8                . = (. + _Min_Stack_Size)
 *fill*         0x00000000200003f8      0x400 
                0x00000000200007f8                . = ALIGN (0x8)

/DISCARD/
 libc.a(*)
 libm.a(*)
 libgcc.a(*)

.ARM.attributes
                0x0000000000000000       0x28
 *(.ARM.attributes)
 .ARM.attributes
                0x0000000000000000       0x1e /Users/sanjaybendale/Desktop/STM32CubeIDE.app/Contents/Eclipse/plugins/com.st.stm32cube.ide.mcu.externaltools.gnu-tools-for-stm32.10.3-2021.10.macos64_1.0.100.202210260954/tools/bin/../lib/gcc/arm-none-eabi/10.3.1/thumb/v6-m/nofp/crti.o
 .ARM.attributes
                0x000000000000001e       0x2c /Users/sanjaybendale/Desktop/STM32CubeIDE.app/Contents/Eclipse/plugins/com.st.stm32cube.ide.mcu.externaltools.gnu-tools-for-stm32.10.3-2021.10.macos64_1.0.100.202210260954/tools/bin/../lib/gcc/arm-none-eabi/10.3.1/thumb/v6-m/nofp/crtbegin.o
 .ARM.attributes
                0x000000000000004a       0x2c ./Core/Src/NRF905.o
 .ARM.attributes
                0x0000000000000076       0x2c ./Core/Src/NRF905_hw.o
 .ARM.attributes
                0x00000000000000a2       0x2c ./Core/Src/gpio.o
 .ARM.attributes
                0x00000000000000ce       0x2c ./Core/Src/main.o
 .ARM.attributes
                0x00000000000000fa       0x2c ./Core/Src/spi.o
 .ARM.attributes
                0x0000000000000126       0x2c ./Core/Src/stm32g0xx_hal_msp.o
 .ARM.attributes
                0x0000000000000152       0x2c ./Core/Src/stm32g0xx_it.o
 .ARM.attributes
                0x000000000000017e       0x2c ./Core/Src/syscalls.o
 .ARM.attributes
                0x00000000000001aa       0x2c ./Core/Src/sysmem.o
 .ARM.attributes
                0x00000000000001d6       0x2c ./Core/Src/system_stm32g0xx.o
 .ARM.attributes
                0x0000000000000202       0x2c ./Core/Src/tim.o
 .ARM.attributes
                0x000000000000022e       0x22 ./Core/Startup/startup_stm32g030c8tx.o
 .ARM.attributes
                0x0000000000000250       0x2c ./Drivers/STM32G0xx_HAL_Driver/Src/stm32g0xx_hal.o
 .ARM.attributes
                0x000000000000027c       0x2c ./Drivers/STM32G0xx_HAL_Driver/Src/stm32g0xx_hal_cortex.o
 .ARM.attributes
                0x00000000000002a8       0x2c ./Drivers/STM32G0xx_HAL_Driver/Src/stm32g0xx_hal_gpio.o
 .ARM.attributes
                0x00000000000002d4       0x2c ./Drivers/STM32G0xx_HAL_Driver/Src/stm32g0xx_hal_pwr_ex.o
 .ARM.attributes
                0x0000000000000300       0x2c ./Drivers/STM32G0xx_HAL_Driver/Src/stm32g0xx_hal_rcc.o
 .ARM.attributes
                0x000000000000032c       0x2c ./Drivers/STM32G0xx_HAL_Driver/Src/stm32g0xx_hal_spi.o
 .ARM.attributes
                0x0000000000000358       0x2c ./Drivers/STM32G0xx_HAL_Driver/Src/stm32g0xx_hal_tim.o
 .ARM.attributes
                0x0000000000000384       0x2c ./Drivers/STM32G0xx_HAL_Driver/Src/stm32g0xx_hal_tim_ex.o
 .ARM.attributes
                0x00000000000003b0       0x2c /Users/sanjaybendale/Desktop/STM32CubeIDE.app/Contents/Eclipse/plugins/com.st.stm32cube.ide.mcu.externaltools.gnu-tools-for-stm32.10.3-2021.10.macos64_1.0.100.202210260954/tools/bin/../lib/gcc/arm-none-eabi/10.3.1/../../../../arm-none-eabi/lib/thumb/v6-m/nofp/libc_nano.a(lib_a-errno.o)
 .ARM.attributes
                0x00000000000003dc       0x2c /Users/sanjaybendale/Desktop/STM32CubeIDE.app/Contents/Eclipse/plugins/com.st.stm32cube.ide.mcu.externaltools.gnu-tools-for-stm32.10.3-2021.10.macos64_1.0.100.202210260954/tools/bin/../lib/gcc/arm-none-eabi/10.3.1/../../../../arm-none-eabi/lib/thumb/v6-m/nofp/libc_nano.a(lib_a-impure.o)
 .ARM.attributes
                0x0000000000000408       0x2c /Users/sanjaybendale/Desktop/STM32CubeIDE.app/Contents/Eclipse/plugins/com.st.stm32cube.ide.mcu.externaltools.gnu-tools-for-stm32.10.3-2021.10.macos64_1.0.100.202210260954/tools/bin/../lib/gcc/arm-none-eabi/10.3.1/../../../../arm-none-eabi/lib/thumb/v6-m/nofp/libc_nano.a(lib_a-init.o)
 .ARM.attributes
                0x0000000000000434       0x2c /Users/sanjaybendale/Desktop/STM32CubeIDE.app/Contents/Eclipse/plugins/com.st.stm32cube.ide.mcu.externaltools.gnu-tools-for-stm32.10.3-2021.10.macos64_1.0.100.202210260954/tools/bin/../lib/gcc/arm-none-eabi/10.3.1/../../../../arm-none-eabi/lib/thumb/v6-m/nofp/libc_nano.a(lib_a-memset.o)
 .ARM.attributes
                0x0000000000000460       0x2c /Users/sanjaybendale/Desktop/STM32CubeIDE.app/Contents/Eclipse/plugins/com.st.stm32cube.ide.mcu.externaltools.gnu-tools-for-stm32.10.3-2021.10.macos64_1.0.100.202210260954/tools/bin/../lib/gcc/arm-none-eabi/10.3.1/../../../../arm-none-eabi/lib/thumb/v6-m/nofp/libc_nano.a(lib_a-rand.o)
 .ARM.attributes
                0x000000000000048c       0x2c /Users/sanjaybendale/Desktop/STM32CubeIDE.app/Contents/Eclipse/plugins/com.st.stm32cube.ide.mcu.externaltools.gnu-tools-for-stm32.10.3-2021.10.macos64_1.0.100.202210260954/tools/bin/../lib/gcc/arm-none-eabi/10.3.1/../../../../arm-none-eabi/lib/thumb/v6-m/nofp/libc_nano.a(lib_a-assert.o)
 .ARM.attributes
                0x00000000000004b8       0x2c /Users/sanjaybendale/Desktop/STM32CubeIDE.app/Contents/Eclipse/plugins/com.st.stm32cube.ide.mcu.externaltools.gnu-tools-for-stm32.10.3-2021.10.macos64_1.0.100.202210260954/tools/bin/../lib/gcc/arm-none-eabi/10.3.1/../../../../arm-none-eabi/lib/thumb/v6-m/nofp/libc_nano.a(lib_a-fprintf.o)
 .ARM.attributes
                0x00000000000004e4       0x2c /Users/sanjaybendale/Desktop/STM32CubeIDE.app/Contents/Eclipse/plugins/com.st.stm32cube.ide.mcu.externaltools.gnu-tools-for-stm32.10.3-2021.10.macos64_1.0.100.202210260954/tools/bin/../lib/gcc/arm-none-eabi/10.3.1/../../../../arm-none-eabi/lib/thumb/v6-m/nofp/libc_nano.a(lib_a-malloc.o)
 .ARM.attributes
                0x0000000000000510       0x2c /Users/sanjaybendale/Desktop/STM32CubeIDE.app/Contents/Eclipse/plugins/com.st.stm32cube.ide.mcu.externaltools.gnu-tools-for-stm32.10.3-2021.10.macos64_1.0.100.202210260954/tools/bin/../lib/gcc/arm-none-eabi/10.3.1/../../../../arm-none-eabi/lib/thumb/v6-m/nofp/libc_nano.a(lib_a-nano-freer.o)
 .ARM.attributes
                0x000000000000053c       0x2c /Users/sanjaybendale/Desktop/STM32CubeIDE.app/Contents/Eclipse/plugins/com.st.stm32cube.ide.mcu.externaltools.gnu-tools-for-stm32.10.3-2021.10.macos64_1.0.100.202210260954/tools/bin/../lib/gcc/arm-none-eabi/10.3.1/../../../../arm-none-eabi/lib/thumb/v6-m/nofp/libc_nano.a(lib_a-nano-mallocr.o)
 .ARM.attributes
                0x0000000000000568       0x2c /Users/sanjaybendale/Desktop/STM32CubeIDE.app/Contents/Eclipse/plugins/com.st.stm32cube.ide.mcu.externaltools.gnu-tools-for-stm32.10.3-2021.10.macos64_1.0.100.202210260954/tools/bin/../lib/gcc/arm-none-eabi/10.3.1/../../../../arm-none-eabi/lib/thumb/v6-m/nofp/libc_nano.a(lib_a-nano-vfprintf.o)
 .ARM.attributes
                0x0000000000000594       0x2c /Users/sanjaybendale/Desktop/STM32CubeIDE.app/Contents/Eclipse/plugins/com.st.stm32cube.ide.mcu.externaltools.gnu-tools-for-stm32.10.3-2021.10.macos64_1.0.100.202210260954/tools/bin/../lib/gcc/arm-none-eabi/10.3.1/../../../../arm-none-eabi/lib/thumb/v6-m/nofp/libc_nano.a(lib_a-nano-vfprintf_i.o)
 .ARM.attributes
                0x00000000000005c0       0x2c /Users/sanjaybendale/Desktop/STM32CubeIDE.app/Contents/Eclipse/plugins/com.st.stm32cube.ide.mcu.externaltools.gnu-tools-for-stm32.10.3-2021.10.macos64_1.0.100.202210260954/tools/bin/../lib/gcc/arm-none-eabi/10.3.1/../../../../arm-none-eabi/lib/thumb/v6-m/nofp/libc_nano.a(lib_a-sbrkr.o)
 .ARM.attributes
                0x00000000000005ec       0x2c /Users/sanjaybendale/Desktop/STM32CubeIDE.app/Contents/Eclipse/plugins/com.st.stm32cube.ide.mcu.externaltools.gnu-tools-for-stm32.10.3-2021.10.macos64_1.0.100.202210260954/tools/bin/../lib/gcc/arm-none-eabi/10.3.1/../../../../arm-none-eabi/lib/thumb/v6-m/nofp/libc_nano.a(lib_a-wbuf.o)
 .ARM.attributes
                0x0000000000000618       0x2c /Users/sanjaybendale/Desktop/STM32CubeIDE.app/Contents/Eclipse/plugins/com.st.stm32cube.ide.mcu.externaltools.gnu-tools-for-stm32.10.3-2021.10.macos64_1.0.100.202210260954/tools/bin/../lib/gcc/arm-none-eabi/10.3.1/../../../../arm-none-eabi/lib/thumb/v6-m/nofp/libc_nano.a(lib_a-wsetup.o)
 .ARM.attributes
                0x0000000000000644       0x2c /Users/sanjaybendale/Desktop/STM32CubeIDE.app/Contents/Eclipse/plugins/com.st.stm32cube.ide.mcu.externaltools.gnu-tools-for-stm32.10.3-2021.10.macos64_1.0.100.202210260954/tools/bin/../lib/gcc/arm-none-eabi/10.3.1/../../../../arm-none-eabi/lib/thumb/v6-m/nofp/libc_nano.a(lib_a-abort.o)
 .ARM.attributes
                0x0000000000000670       0x2c /Users/sanjaybendale/Desktop/STM32CubeIDE.app/Contents/Eclipse/plugins/com.st.stm32cube.ide.mcu.externaltools.gnu-tools-for-stm32.10.3-2021.10.macos64_1.0.100.202210260954/tools/bin/../lib/gcc/arm-none-eabi/10.3.1/../../../../arm-none-eabi/lib/thumb/v6-m/nofp/libc_nano.a(lib_a-fflush.o)
 .ARM.attributes
                0x000000000000069c       0x2c /Users/sanjaybendale/Desktop/STM32CubeIDE.app/Contents/Eclipse/plugins/com.st.stm32cube.ide.mcu.externaltools.gnu-tools-for-stm32.10.3-2021.10.macos64_1.0.100.202210260954/tools/bin/../lib/gcc/arm-none-eabi/10.3.1/../../../../arm-none-eabi/lib/thumb/v6-m/nofp/libc_nano.a(lib_a-findfp.o)
 .ARM.attributes
                0x00000000000006c8       0x2c /Users/sanjaybendale/Desktop/STM32CubeIDE.app/Contents/Eclipse/plugins/com.st.stm32cube.ide.mcu.externaltools.gnu-tools-for-stm32.10.3-2021.10.macos64_1.0.100.202210260954/tools/bin/../lib/gcc/arm-none-eabi/10.3.1/../../../../arm-none-eabi/lib/thumb/v6-m/nofp/libc_nano.a(lib_a-fwalk.o)
 .ARM.attributes
                0x00000000000006f4       0x2c /Users/sanjaybendale/Desktop/STM32CubeIDE.app/Contents/Eclipse/plugins/com.st.stm32cube.ide.mcu.externaltools.gnu-tools-for-stm32.10.3-2021.10.macos64_1.0.100.202210260954/tools/bin/../lib/gcc/arm-none-eabi/10.3.1/../../../../arm-none-eabi/lib/thumb/v6-m/nofp/libc_nano.a(lib_a-lock.o)
 .ARM.attributes
                0x0000000000000720       0x2c /Users/sanjaybendale/Desktop/STM32CubeIDE.app/Contents/Eclipse/plugins/com.st.stm32cube.ide.mcu.externaltools.gnu-tools-for-stm32.10.3-2021.10.macos64_1.0.100.202210260954/tools/bin/../lib/gcc/arm-none-eabi/10.3.1/../../../../arm-none-eabi/lib/thumb/v6-m/nofp/libc_nano.a(lib_a-makebuf.o)
 .ARM.attributes
                0x000000000000074c       0x2c /Users/sanjaybendale/Desktop/STM32CubeIDE.app/Contents/Eclipse/plugins/com.st.stm32cube.ide.mcu.externaltools.gnu-tools-for-stm32.10.3-2021.10.macos64_1.0.100.202210260954/tools/bin/../lib/gcc/arm-none-eabi/10.3.1/../../../../arm-none-eabi/lib/thumb/v6-m/nofp/libc_nano.a(lib_a-memchr-stub.o)
 .ARM.attributes
                0x0000000000000778       0x2c /Users/sanjaybendale/Desktop/STM32CubeIDE.app/Contents/Eclipse/plugins/com.st.stm32cube.ide.mcu.externaltools.gnu-tools-for-stm32.10.3-2021.10.macos64_1.0.100.202210260954/tools/bin/../lib/gcc/arm-none-eabi/10.3.1/../../../../arm-none-eabi/lib/thumb/v6-m/nofp/libc_nano.a(lib_a-mlock.o)
 .ARM.attributes
                0x00000000000007a4       0x2c /Users/sanjaybendale/Desktop/STM32CubeIDE.app/Contents/Eclipse/plugins/com.st.stm32cube.ide.mcu.externaltools.gnu-tools-for-stm32.10.3-2021.10.macos64_1.0.100.202210260954/tools/bin/../lib/gcc/arm-none-eabi/10.3.1/../../../../arm-none-eabi/lib/thumb/v6-m/nofp/libc_nano.a(lib_a-reent.o)
 .ARM.attributes
                0x00000000000007d0       0x2c /Users/sanjaybendale/Desktop/STM32CubeIDE.app/Contents/Eclipse/plugins/com.st.stm32cube.ide.mcu.externaltools.gnu-tools-for-stm32.10.3-2021.10.macos64_1.0.100.202210260954/tools/bin/../lib/gcc/arm-none-eabi/10.3.1/../../../../arm-none-eabi/lib/thumb/v6-m/nofp/libc_nano.a(lib_a-signal.o)
 .ARM.attributes
                0x00000000000007fc       0x2c /Users/sanjaybendale/Desktop/STM32CubeIDE.app/Contents/Eclipse/plugins/com.st.stm32cube.ide.mcu.externaltools.gnu-tools-for-stm32.10.3-2021.10.macos64_1.0.100.202210260954/tools/bin/../lib/gcc/arm-none-eabi/10.3.1/../../../../arm-none-eabi/lib/thumb/v6-m/nofp/libc_nano.a(lib_a-signalr.o)
 .ARM.attributes
                0x0000000000000828       0x2c /Users/sanjaybendale/Desktop/STM32CubeIDE.app/Contents/Eclipse/plugins/com.st.stm32cube.ide.mcu.externaltools.gnu-tools-for-stm32.10.3-2021.10.macos64_1.0.100.202210260954/tools/bin/../lib/gcc/arm-none-eabi/10.3.1/../../../../arm-none-eabi/lib/thumb/v6-m/nofp/libc_nano.a(lib_a-stdio.o)
 .ARM.attributes
                0x0000000000000854       0x2c /Users/sanjaybendale/Desktop/STM32CubeIDE.app/Contents/Eclipse/plugins/com.st.stm32cube.ide.mcu.externaltools.gnu-tools-for-stm32.10.3-2021.10.macos64_1.0.100.202210260954/tools/bin/../lib/gcc/arm-none-eabi/10.3.1/../../../../arm-none-eabi/lib/thumb/v6-m/nofp/libc_nano.a(lib_a-writer.o)
 .ARM.attributes
                0x0000000000000880       0x2c /Users/sanjaybendale/Desktop/STM32CubeIDE.app/Contents/Eclipse/plugins/com.st.stm32cube.ide.mcu.externaltools.gnu-tools-for-stm32.10.3-2021.10.macos64_1.0.100.202210260954/tools/bin/../lib/gcc/arm-none-eabi/10.3.1/../../../../arm-none-eabi/lib/thumb/v6-m/nofp/libc_nano.a(lib_a-closer.o)
 .ARM.attributes
                0x00000000000008ac       0x2c /Users/sanjaybendale/Desktop/STM32CubeIDE.app/Contents/Eclipse/plugins/com.st.stm32cube.ide.mcu.externaltools.gnu-tools-for-stm32.10.3-2021.10.macos64_1.0.100.202210260954/tools/bin/../lib/gcc/arm-none-eabi/10.3.1/../../../../arm-none-eabi/lib/thumb/v6-m/nofp/libc_nano.a(lib_a-fstatr.o)
 .ARM.attributes
                0x00000000000008d8       0x2c /Users/sanjaybendale/Desktop/STM32CubeIDE.app/Contents/Eclipse/plugins/com.st.stm32cube.ide.mcu.externaltools.gnu-tools-for-stm32.10.3-2021.10.macos64_1.0.100.202210260954/tools/bin/../lib/gcc/arm-none-eabi/10.3.1/../../../../arm-none-eabi/lib/thumb/v6-m/nofp/libc_nano.a(lib_a-isattyr.o)
 .ARM.attributes
                0x0000000000000904       0x2c /Users/sanjaybendale/Desktop/STM32CubeIDE.app/Contents/Eclipse/plugins/com.st.stm32cube.ide.mcu.externaltools.gnu-tools-for-stm32.10.3-2021.10.macos64_1.0.100.202210260954/tools/bin/../lib/gcc/arm-none-eabi/10.3.1/../../../../arm-none-eabi/lib/thumb/v6-m/nofp/libc_nano.a(lib_a-lseekr.o)
 .ARM.attributes
                0x0000000000000930       0x2c /Users/sanjaybendale/Desktop/STM32CubeIDE.app/Contents/Eclipse/plugins/com.st.stm32cube.ide.mcu.externaltools.gnu-tools-for-stm32.10.3-2021.10.macos64_1.0.100.202210260954/tools/bin/../lib/gcc/arm-none-eabi/10.3.1/../../../../arm-none-eabi/lib/thumb/v6-m/nofp/libc_nano.a(lib_a-readr.o)
 .ARM.attributes
                0x000000000000095c       0x1e /Users/sanjaybendale/Desktop/STM32CubeIDE.app/Contents/Eclipse/plugins/com.st.stm32cube.ide.mcu.externaltools.gnu-tools-for-stm32.10.3-2021.10.macos64_1.0.100.202210260954/tools/bin/../lib/gcc/arm-none-eabi/10.3.1/thumb/v6-m/nofp/libgcc.a(_thumb1_case_shi.o)
 .ARM.attributes
                0x000000000000097a       0x1e /Users/sanjaybendale/Desktop/STM32CubeIDE.app/Contents/Eclipse/plugins/com.st.stm32cube.ide.mcu.externaltools.gnu-tools-for-stm32.10.3-2021.10.macos64_1.0.100.202210260954/tools/bin/../lib/gcc/arm-none-eabi/10.3.1/thumb/v6-m/nofp/libgcc.a(_udivsi3.o)
 .ARM.attributes
                0x0000000000000998       0x1e /Users/sanjaybendale/Desktop/STM32CubeIDE.app/Contents/Eclipse/plugins/com.st.stm32cube.ide.mcu.externaltools.gnu-tools-for-stm32.10.3-2021.10.macos64_1.0.100.202210260954/tools/bin/../lib/gcc/arm-none-eabi/10.3.1/thumb/v6-m/nofp/libgcc.a(_dvmd_tls.o)
 .ARM.attributes
                0x00000000000009b6       0x1e /Users/sanjaybendale/Desktop/STM32CubeIDE.app/Contents/Eclipse/plugins/com.st.stm32cube.ide.mcu.externaltools.gnu-tools-for-stm32.10.3-2021.10.macos64_1.0.100.202210260954/tools/bin/../lib/gcc/arm-none-eabi/10.3.1/thumb/v6-m/nofp/crtn.o
OUTPUT(Encoder.elf elf32-littlearm)
LOAD linker stubs
LOAD /Users/sanjaybendale/Desktop/STM32CubeIDE.app/Contents/Eclipse/plugins/com.st.stm32cube.ide.mcu.externaltools.gnu-tools-for-stm32.10.3-2021.10.macos64_1.0.100.202210260954/tools/bin/../lib/gcc/arm-none-eabi/10.3.1/../../../../arm-none-eabi/lib/thumb/v6-m/nofp/libc.a
LOAD /Users/sanjaybendale/Desktop/STM32CubeIDE.app/Contents/Eclipse/plugins/com.st.stm32cube.ide.mcu.externaltools.gnu-tools-for-stm32.10.3-2021.10.macos64_1.0.100.202210260954/tools/bin/../lib/gcc/arm-none-eabi/10.3.1/../../../../arm-none-eabi/lib/thumb/v6-m/nofp/libm.a
LOAD /Users/sanjaybendale/Desktop/STM32CubeIDE.app/Contents/Eclipse/plugins/com.st.stm32cube.ide.mcu.externaltools.gnu-tools-for-stm32.10.3-2021.10.macos64_1.0.100.202210260954/tools/bin/../lib/gcc/arm-none-eabi/10.3.1/thumb/v6-m/nofp/libgcc.a

.debug_info     0x0000000000000000     0xe4fa
 .debug_info    0x0000000000000000      0xb7f ./Core/Src/NRF905.o
 .debug_info    0x0000000000000b7f      0xe71 ./Core/Src/NRF905_hw.o
 .debug_info    0x00000000000019f0      0x452 ./Core/Src/gpio.o
 .debug_info    0x0000000000001e42     0x10c1 ./Core/Src/main.o
 .debug_info    0x0000000000002f03      0xa7c ./Core/Src/spi.o
 .debug_info    0x000000000000397f      0x296 ./Core/Src/stm32g0xx_hal_msp.o
 .debug_info    0x0000000000003c15      0x84b ./Core/Src/stm32g0xx_it.o
 .debug_info    0x0000000000004460      0x6e0 ./Core/Src/syscalls.o
 .debug_info    0x0000000000004b40      0x171 ./Core/Src/sysmem.o
 .debug_info    0x0000000000004cb1      0x34d ./Core/Src/system_stm32g0xx.o
 .debug_info    0x0000000000004ffe      0xc31 ./Core/Src/tim.o
 .debug_info    0x0000000000005c2f       0x22 ./Core/Startup/startup_stm32g030c8tx.o
 .debug_info    0x0000000000005c51      0x94e ./Drivers/STM32G0xx_HAL_Driver/Src/stm32g0xx_hal.o
 .debug_info    0x000000000000659f      0x8dd ./Drivers/STM32G0xx_HAL_Driver/Src/stm32g0xx_hal_cortex.o
 .debug_info    0x0000000000006e7c      0x5d7 ./Drivers/STM32G0xx_HAL_Driver/Src/stm32g0xx_hal_gpio.o
 .debug_info    0x0000000000007453      0x4e8 ./Drivers/STM32G0xx_HAL_Driver/Src/stm32g0xx_hal_pwr_ex.o
 .debug_info    0x000000000000793b      0xb18 ./Drivers/STM32G0xx_HAL_Driver/Src/stm32g0xx_hal_rcc.o
 .debug_info    0x0000000000008453     0x1879 ./Drivers/STM32G0xx_HAL_Driver/Src/stm32g0xx_hal_spi.o
 .debug_info    0x0000000000009ccc     0x2e15 ./Drivers/STM32G0xx_HAL_Driver/Src/stm32g0xx_hal_tim.o
 .debug_info    0x000000000000cae1     0x1a19 ./Drivers/STM32G0xx_HAL_Driver/Src/stm32g0xx_hal_tim_ex.o

.debug_abbrev   0x0000000000000000     0x24eb
 .debug_abbrev  0x0000000000000000      0x1ea ./Core/Src/NRF905.o
 .debug_abbrev  0x00000000000001ea      0x218 ./Core/Src/NRF905_hw.o
 .debug_abbrev  0x0000000000000402      0x14d ./Core/Src/gpio.o
 .debug_abbrev  0x000000000000054f      0x26f ./Core/Src/main.o
 .debug_abbrev  0x00000000000007be      0x1e7 ./Core/Src/spi.o
 .debug_abbrev  0x00000000000009a5       0xdb ./Core/Src/stm32g0xx_hal_msp.o
 .debug_abbrev  0x0000000000000a80      0x1ad ./Core/Src/stm32g0xx_it.o
 .debug_abbrev  0x0000000000000c2d      0x1b3 ./Core/Src/syscalls.o
 .debug_abbrev  0x0000000000000de0       0xbb ./Core/Src/sysmem.o
 .debug_abbrev  0x0000000000000e9b      0x116 ./Core/Src/system_stm32g0xx.o
 .debug_abbrev  0x0000000000000fb1      0x21d ./Core/Src/tim.o
 .debug_abbrev  0x00000000000011ce       0x12 ./Core/Startup/startup_stm32g030c8tx.o
 .debug_abbrev  0x00000000000011e0      0x2a9 ./Drivers/STM32G0xx_HAL_Driver/Src/stm32g0xx_hal.o
 .debug_abbrev  0x0000000000001489      0x29f ./Drivers/STM32G0xx_HAL_Driver/Src/stm32g0xx_hal_cortex.o
 .debug_abbrev  0x0000000000001728      0x1b9 ./Drivers/STM32G0xx_HAL_Driver/Src/stm32g0xx_hal_gpio.o
 .debug_abbrev  0x00000000000018e1      0x1d1 ./Drivers/STM32G0xx_HAL_Driver/Src/stm32g0xx_hal_pwr_ex.o
 .debug_abbrev  0x0000000000001ab2      0x2a3 ./Drivers/STM32G0xx_HAL_Driver/Src/stm32g0xx_hal_rcc.o
 .debug_abbrev  0x0000000000001d55      0x27e ./Drivers/STM32G0xx_HAL_Driver/Src/stm32g0xx_hal_spi.o
 .debug_abbrev  0x0000000000001fd3      0x286 ./Drivers/STM32G0xx_HAL_Driver/Src/stm32g0xx_hal_tim.o
 .debug_abbrev  0x0000000000002259      0x292 ./Drivers/STM32G0xx_HAL_Driver/Src/stm32g0xx_hal_tim_ex.o

.debug_aranges  0x0000000000000000      0xe68
 .debug_aranges
                0x0000000000000000      0x108 ./Core/Src/NRF905.o
 .debug_aranges
                0x0000000000000108       0x50 ./Core/Src/NRF905_hw.o
 .debug_aranges
                0x0000000000000158       0x20 ./Core/Src/gpio.o
 .debug_aranges
                0x0000000000000178       0x40 ./Core/Src/main.o
 .debug_aranges
                0x00000000000001b8       0x30 ./Core/Src/spi.o
 .debug_aranges
                0x00000000000001e8       0x20 ./Core/Src/stm32g0xx_hal_msp.o
 .debug_aranges
                0x0000000000000208       0x50 ./Core/Src/stm32g0xx_it.o
 .debug_aranges
                0x0000000000000258       0xa8 ./Core/Src/syscalls.o
 .debug_aranges
                0x0000000000000300       0x20 ./Core/Src/sysmem.o
 .debug_aranges
                0x0000000000000320       0x28 ./Core/Src/system_stm32g0xx.o
 .debug_aranges
                0x0000000000000348       0x38 ./Core/Src/tim.o
 .debug_aranges
                0x0000000000000380       0x28 ./Core/Startup/startup_stm32g030c8tx.o
 .debug_aranges
                0x00000000000003a8      0x100 ./Drivers/STM32G0xx_HAL_Driver/Src/stm32g0xx_hal.o
 .debug_aranges
                0x00000000000004a8       0xd8 ./Drivers/STM32G0xx_HAL_Driver/Src/stm32g0xx_hal_cortex.o
 .debug_aranges
                0x0000000000000580       0x60 ./Drivers/STM32G0xx_HAL_Driver/Src/stm32g0xx_hal_gpio.o
 .debug_aranges
                0x00000000000005e0       0x98 ./Drivers/STM32G0xx_HAL_Driver/Src/stm32g0xx_hal_pwr_ex.o
 .debug_aranges
                0x0000000000000678       0xa0 ./Drivers/STM32G0xx_HAL_Driver/Src/stm32g0xx_hal_rcc.o
 .debug_aranges
                0x0000000000000718      0x1d8 ./Drivers/STM32G0xx_HAL_Driver/Src/stm32g0xx_hal_spi.o
 .debug_aranges
                0x00000000000008f0      0x3e0 ./Drivers/STM32G0xx_HAL_Driver/Src/stm32g0xx_hal_tim.o
 .debug_aranges
                0x0000000000000cd0      0x198 ./Drivers/STM32G0xx_HAL_Driver/Src/stm32g0xx_hal_tim_ex.o

.debug_ranges   0x0000000000000000      0xd30
 .debug_ranges  0x0000000000000000       0xf8 ./Core/Src/NRF905.o
 .debug_ranges  0x00000000000000f8       0x40 ./Core/Src/NRF905_hw.o
 .debug_ranges  0x0000000000000138       0x10 ./Core/Src/gpio.o
 .debug_ranges  0x0000000000000148       0x30 ./Core/Src/main.o
 .debug_ranges  0x0000000000000178       0x20 ./Core/Src/spi.o
 .debug_ranges  0x0000000000000198       0x10 ./Core/Src/stm32g0xx_hal_msp.o
 .debug_ranges  0x00000000000001a8       0x40 ./Core/Src/stm32g0xx_it.o
 .debug_ranges  0x00000000000001e8       0x98 ./Core/Src/syscalls.o
 .debug_ranges  0x0000000000000280       0x10 ./Core/Src/sysmem.o
 .debug_ranges  0x0000000000000290       0x18 ./Core/Src/system_stm32g0xx.o
 .debug_ranges  0x00000000000002a8       0x28 ./Core/Src/tim.o
 .debug_ranges  0x00000000000002d0       0x20 ./Core/Startup/startup_stm32g030c8tx.o
 .debug_ranges  0x00000000000002f0       0xf0 ./Drivers/STM32G0xx_HAL_Driver/Src/stm32g0xx_hal.o
 .debug_ranges  0x00000000000003e0       0xc8 ./Drivers/STM32G0xx_HAL_Driver/Src/stm32g0xx_hal_cortex.o
 .debug_ranges  0x00000000000004a8       0x50 ./Drivers/STM32G0xx_HAL_Driver/Src/stm32g0xx_hal_gpio.o
 .debug_ranges  0x00000000000004f8       0x88 ./Drivers/STM32G0xx_HAL_Driver/Src/stm32g0xx_hal_pwr_ex.o
 .debug_ranges  0x0000000000000580       0x90 ./Drivers/STM32G0xx_HAL_Driver/Src/stm32g0xx_hal_rcc.o
 .debug_ranges  0x0000000000000610      0x1c8 ./Drivers/STM32G0xx_HAL_Driver/Src/stm32g0xx_hal_spi.o
 .debug_ranges  0x00000000000007d8      0x3d0 ./Drivers/STM32G0xx_HAL_Driver/Src/stm32g0xx_hal_tim.o
 .debug_ranges  0x0000000000000ba8      0x188 ./Drivers/STM32G0xx_HAL_Driver/Src/stm32g0xx_hal_tim_ex.o

.debug_macro    0x0000000000000000    0x167e7
 .debug_macro   0x0000000000000000      0x154 ./Core/Src/NRF905.o
 .debug_macro   0x0000000000000154      0xa4e ./Core/Src/NRF905.o
 .debug_macro   0x0000000000000ba2       0x22 ./Core/Src/NRF905.o
 .debug_macro   0x0000000000000bc4       0x8e ./Core/Src/NRF905.o
 .debug_macro   0x0000000000000c52       0x51 ./Core/Src/NRF905.o
 .debug_macro   0x0000000000000ca3      0x103 ./Core/Src/NRF905.o
 .debug_macro   0x0000000000000da6       0x6a ./Core/Src/NRF905.o
 .debug_macro   0x0000000000000e10      0x1df ./Core/Src/NRF905.o
 .debug_macro   0x0000000000000fef       0x64 ./Core/Src/NRF905.o
 .debug_macro   0x0000000000001053      0x14f ./Core/Src/NRF905.o
 .debug_macro   0x00000000000011a2       0x52 ./Core/Src/NRF905.o
 .debug_macro   0x00000000000011f4       0x18 ./Core/Src/NRF905.o
 .debug_macro   0x000000000000120c       0x3c ./Core/Src/NRF905.o
 .debug_macro   0x0000000000001248       0x34 ./Core/Src/NRF905.o
 .debug_macro   0x000000000000127c      0x174 ./Core/Src/NRF905.o
 .debug_macro   0x00000000000013f0       0x16 ./Core/Src/NRF905.o
 .debug_macro   0x0000000000001406       0x43 ./Core/Src/NRF905.o
 .debug_macro   0x0000000000001449       0x34 ./Core/Src/NRF905.o
 .debug_macro   0x000000000000147d       0x10 ./Core/Src/NRF905.o
 .debug_macro   0x000000000000148d       0x58 ./Core/Src/NRF905.o
 .debug_macro   0x00000000000014e5       0x71 ./Core/Src/NRF905.o
 .debug_macro   0x0000000000001556       0x1c ./Core/Src/NRF905.o
 .debug_macro   0x0000000000001572      0x12a ./Core/Src/NRF905.o
 .debug_macro   0x000000000000169c      0x341 ./Core/Src/NRF905.o
 .debug_macro   0x00000000000019dd       0x10 ./Core/Src/NRF905.o
 .debug_macro   0x00000000000019ed       0x35 ./Core/Src/NRF905.o
 .debug_macro   0x0000000000001a22       0x20 ./Core/Src/NRF905.o
 .debug_macro   0x0000000000001a42      0x21c ./Core/Src/NRF905_hw.o
 .debug_macro   0x0000000000001c5e      0x11d ./Core/Src/NRF905_hw.o
 .debug_macro   0x0000000000001d7b       0x2e ./Core/Src/NRF905_hw.o
 .debug_macro   0x0000000000001da9       0x28 ./Core/Src/NRF905_hw.o
 .debug_macro   0x0000000000001dd1       0x1c ./Core/Src/NRF905_hw.o
 .debug_macro   0x0000000000001ded       0x22 ./Core/Src/NRF905_hw.o
 .debug_macro   0x0000000000001e0f       0xd1 ./Core/Src/NRF905_hw.o
 .debug_macro   0x0000000000001ee0      0x4da ./Core/Src/NRF905_hw.o
 .debug_macro   0x00000000000023ba      0x11f ./Core/Src/NRF905_hw.o
 .debug_macro   0x00000000000024d9     0xa0c5 ./Core/Src/NRF905_hw.o
 .debug_macro   0x000000000000c59e       0x66 ./Core/Src/NRF905_hw.o
 .debug_macro   0x000000000000c604     0x34fd ./Core/Src/NRF905_hw.o
 .debug_macro   0x000000000000fb01       0x5c ./Core/Src/NRF905_hw.o
 .debug_macro   0x000000000000fb5d      0x485 ./Core/Src/NRF905_hw.o
 .debug_macro   0x000000000000ffe2      0xdcd ./Core/Src/NRF905_hw.o
 .debug_macro   0x0000000000010daf      0x106 ./Core/Src/NRF905_hw.o
 .debug_macro   0x0000000000010eb5      0x1cf ./Core/Src/NRF905_hw.o
 .debug_macro   0x0000000000011084       0xff ./Core/Src/NRF905_hw.o
 .debug_macro   0x0000000000011183      0x33c ./Core/Src/NRF905_hw.o
 .debug_macro   0x00000000000114bf      0x202 ./Core/Src/NRF905_hw.o
 .debug_macro   0x00000000000116c1      0x2c7 ./Core/Src/NRF905_hw.o
 .debug_macro   0x0000000000011988      0x198 ./Core/Src/NRF905_hw.o
 .debug_macro   0x0000000000011b20       0x43 ./Core/Src/NRF905_hw.o
 .debug_macro   0x0000000000011b63      0x1f1 ./Core/Src/NRF905_hw.o
 .debug_macro   0x0000000000011d54      0x1d6 ./Core/Src/NRF905_hw.o
 .debug_macro   0x0000000000011f2a      0x2a3 ./Core/Src/NRF905_hw.o
 .debug_macro   0x00000000000121cd       0x28 ./Core/Src/NRF905_hw.o
 .debug_macro   0x00000000000121f5       0xcf ./Core/Src/NRF905_hw.o
 .debug_macro   0x00000000000122c4       0xff ./Core/Src/NRF905_hw.o
 .debug_macro   0x00000000000123c3      0x10d ./Core/Src/NRF905_hw.o
 .debug_macro   0x00000000000124d0      0x2fe ./Core/Src/NRF905_hw.o
 .debug_macro   0x00000000000127ce      0xabb ./Core/Src/NRF905_hw.o
 .debug_macro   0x0000000000013289       0xfa ./Core/Src/NRF905_hw.o
 .debug_macro   0x0000000000013383      0x412 ./Core/Src/NRF905_hw.o
 .debug_macro   0x0000000000013795       0x4c ./Core/Src/NRF905_hw.o
 .debug_macro   0x00000000000137e1      0x1f9 ./Core/Src/gpio.o
 .debug_macro   0x00000000000139da      0x316 ./Core/Src/main.o
 .debug_macro   0x0000000000013cf0       0x6a ./Core/Src/main.o
 .debug_macro   0x0000000000013d5a       0x22 ./Core/Src/main.o
 .debug_macro   0x0000000000013d7c       0x16 ./Core/Src/main.o
 .debug_macro   0x0000000000013d92       0x16 ./Core/Src/main.o
 .debug_macro   0x0000000000013da8       0x29 ./Core/Src/main.o
 .debug_macro   0x0000000000013dd1      0x1f9 ./Core/Src/spi.o
 .debug_macro   0x0000000000013fca      0x1ef ./Core/Src/stm32g0xx_hal_msp.o
 .debug_macro   0x00000000000141b9      0x1f9 ./Core/Src/stm32g0xx_it.o
 .debug_macro   0x00000000000143b2      0x24c ./Core/Src/syscalls.o
 .debug_macro   0x00000000000145fe       0x4c ./Core/Src/syscalls.o
 .debug_macro   0x000000000001464a       0x94 ./Core/Src/syscalls.o
 .debug_macro   0x00000000000146de       0x57 ./Core/Src/syscalls.o
 .debug_macro   0x0000000000014735       0x10 ./Core/Src/syscalls.o
 .debug_macro   0x0000000000014745       0x10 ./Core/Src/syscalls.o
 .debug_macro   0x0000000000014755       0x10 ./Core/Src/syscalls.o
 .debug_macro   0x0000000000014765       0x10 ./Core/Src/syscalls.o
 .debug_macro   0x0000000000014775       0x1c ./Core/Src/syscalls.o
 .debug_macro   0x0000000000014791       0x52 ./Core/Src/syscalls.o
 .debug_macro   0x00000000000147e3       0x22 ./Core/Src/syscalls.o
 .debug_macro   0x0000000000014805       0x10 ./Core/Src/syscalls.o
 .debug_macro   0x0000000000014815       0x52 ./Core/Src/syscalls.o
 .debug_macro   0x0000000000014867       0xd5 ./Core/Src/syscalls.o
 .debug_macro   0x000000000001493c       0x1c ./Core/Src/syscalls.o
 .debug_macro   0x0000000000014958       0x3d ./Core/Src/syscalls.o
 .debug_macro   0x0000000000014995       0x35 ./Core/Src/syscalls.o
 .debug_macro   0x00000000000149ca      0x12c ./Core/Src/syscalls.o
 .debug_macro   0x0000000000014af6       0x10 ./Core/Src/syscalls.o
 .debug_macro   0x0000000000014b06      0x241 ./Core/Src/syscalls.o
 .debug_macro   0x0000000000014d47       0x1c ./Core/Src/syscalls.o
 .debug_macro   0x0000000000014d63       0x10 ./Core/Src/syscalls.o
 .debug_macro   0x0000000000014d73       0x10 ./Core/Src/syscalls.o
 .debug_macro   0x0000000000014d83       0x16 ./Core/Src/syscalls.o
 .debug_macro   0x0000000000014d99      0x145 ./Core/Src/syscalls.o
 .debug_macro   0x0000000000014ede      0x189 ./Core/Src/syscalls.o
 .debug_macro   0x0000000000015067       0x16 ./Core/Src/syscalls.o
 .debug_macro   0x000000000001507d       0xce ./Core/Src/syscalls.o
 .debug_macro   0x000000000001514b       0xff ./Core/Src/sysmem.o
 .debug_macro   0x000000000001524a      0x23b ./Core/Src/sysmem.o
 .debug_macro   0x0000000000015485      0x1e0 ./Core/Src/system_stm32g0xx.o
 .debug_macro   0x0000000000015665      0x1f9 ./Core/Src/tim.o
 .debug_macro   0x000000000001585e      0x1fe ./Drivers/STM32G0xx_HAL_Driver/Src/stm32g0xx_hal.o
 .debug_macro   0x0000000000015a5c      0x1e0 ./Drivers/STM32G0xx_HAL_Driver/Src/stm32g0xx_hal_cortex.o
 .debug_macro   0x0000000000015c3c      0x1e7 ./Drivers/STM32G0xx_HAL_Driver/Src/stm32g0xx_hal_gpio.o
 .debug_macro   0x0000000000015e23      0x1f2 ./Drivers/STM32G0xx_HAL_Driver/Src/stm32g0xx_hal_pwr_ex.o
 .debug_macro   0x0000000000016015      0x21c ./Drivers/STM32G0xx_HAL_Driver/Src/stm32g0xx_hal_rcc.o
 .debug_macro   0x0000000000016231      0x1e8 ./Drivers/STM32G0xx_HAL_Driver/Src/stm32g0xx_hal_spi.o
 .debug_macro   0x0000000000016419      0x1e8 ./Drivers/STM32G0xx_HAL_Driver/Src/stm32g0xx_hal_tim.o
 .debug_macro   0x0000000000016601      0x1e6 ./Drivers/STM32G0xx_HAL_Driver/Src/stm32g0xx_hal_tim_ex.o

.debug_line     0x0000000000000000    0x10c8f
 .debug_line    0x0000000000000000      0xb1f ./Core/Src/NRF905.o
 .debug_line    0x0000000000000b1f      0x8c5 ./Core/Src/NRF905_hw.o
 .debug_line    0x00000000000013e4      0x7b1 ./Core/Src/gpio.o
 .debug_line    0x0000000000001b95      0xa30 ./Core/Src/main.o
 .debug_line    0x00000000000025c5      0x7e5 ./Core/Src/spi.o
 .debug_line    0x0000000000002daa      0x76c ./Core/Src/stm32g0xx_hal_msp.o
 .debug_line    0x0000000000003516      0x801 ./Core/Src/stm32g0xx_it.o
 .debug_line    0x0000000000003d17      0x880 ./Core/Src/syscalls.o
 .debug_line    0x0000000000004597      0x576 ./Core/Src/sysmem.o
 .debug_line    0x0000000000004b0d      0x7df ./Core/Src/system_stm32g0xx.o
 .debug_line    0x00000000000052ec      0x82f ./Core/Src/tim.o
 .debug_line    0x0000000000005b1b       0x89 ./Core/Startup/startup_stm32g030c8tx.o
 .debug_line    0x0000000000005ba4      0xa9a ./Drivers/STM32G0xx_HAL_Driver/Src/stm32g0xx_hal.o
 .debug_line    0x000000000000663e      0xb96 ./Drivers/STM32G0xx_HAL_Driver/Src/stm32g0xx_hal_cortex.o
 .debug_line    0x00000000000071d4      0xb82 ./Drivers/STM32G0xx_HAL_Driver/Src/stm32g0xx_hal_gpio.o
 .debug_line    0x0000000000007d56      0x9b2 ./Drivers/STM32G0xx_HAL_Driver/Src/stm32g0xx_hal_pwr_ex.o
 .debug_line    0x0000000000008708      0xf2a ./Drivers/STM32G0xx_HAL_Driver/Src/stm32g0xx_hal_rcc.o
 .debug_line    0x0000000000009632     0x1f00 ./Drivers/STM32G0xx_HAL_Driver/Src/stm32g0xx_hal_spi.o
 .debug_line    0x000000000000b532     0x3b40 ./Drivers/STM32G0xx_HAL_Driver/Src/stm32g0xx_hal_tim.o
 .debug_line    0x000000000000f072     0x1c1d ./Drivers/STM32G0xx_HAL_Driver/Src/stm32g0xx_hal_tim_ex.o

.debug_str      0x0000000000000000    0x88bd7
 .debug_str     0x0000000000000000     0x7ad4 ./Core/Src/NRF905.o
                                       0x7d8e (size before relaxing)
 .debug_str     0x0000000000007ad4    0x7b9ac ./Core/Src/NRF905_hw.o
                                      0x7ffc2 (size before relaxing)
 .debug_str     0x0000000000083480      0x123 ./Core/Src/gpio.o
                                      0x7f453 (size before relaxing)